Archive member included to satisfy reference by file (symbol)

app/libapp.a(telnet.c.obj)    (--whole-archive)
zephyr/libzephyr.a(getopt.c.obj)
                              (--whole-archive)
zephyr/libzephyr.a(getopt_common.c.obj)
                              (--whole-archive)
zephyr/libzephyr.a(cbprintf_packaged.c.obj)
                              (--whole-archive)
zephyr/libzephyr.a(dec.c.obj)
                              (--whole-archive)
zephyr/libzephyr.a(fdtable.c.obj)
                              (--whole-archive)
zephyr/libzephyr.a(hex.c.obj)
                              (--whole-archive)
zephyr/libzephyr.a(printk.c.obj)
                              (--whole-archive)
zephyr/libzephyr.a(rb.c.obj)  (--whole-archive)
zephyr/libzephyr.a(sem.c.obj)
                              (--whole-archive)
zephyr/libzephyr.a(thread_entry.c.obj)
                              (--whole-archive)
zephyr/libzephyr.a(timeutil.c.obj)
                              (--whole-archive)
zephyr/libzephyr.a(heap.c.obj)
                              (--whole-archive)
zephyr/libzephyr.a(heap-validate.c.obj)
                              (--whole-archive)
zephyr/libzephyr.a(bitarray.c.obj)
                              (--whole-archive)
zephyr/libzephyr.a(multi_heap.c.obj)
                              (--whole-archive)
zephyr/libzephyr.a(crc32c_sw.c.obj)
                              (--whole-archive)
zephyr/libzephyr.a(crc32_sw.c.obj)
                              (--whole-archive)
zephyr/libzephyr.a(crc16_sw.c.obj)
                              (--whole-archive)
zephyr/libzephyr.a(crc8_sw.c.obj)
                              (--whole-archive)
zephyr/libzephyr.a(crc7_sw.c.obj)
                              (--whole-archive)
zephyr/libzephyr.a(cbprintf_complete.c.obj)
                              (--whole-archive)
zephyr/libzephyr.a(cbprintf.c.obj)
                              (--whole-archive)
zephyr/libzephyr.a(ring_buffer.c.obj)
                              (--whole-archive)
zephyr/libzephyr.a(assert.c.obj)
                              (--whole-archive)
zephyr/libzephyr.a(configs.c.obj)
                              (--whole-archive)
zephyr/libzephyr.a(soc_m7.c.obj)
                              (--whole-archive)
zephyr/libzephyr.a(mpu_regions.c.obj)
                              (--whole-archive)
zephyr/libzephyr.a(stm32cube_hal.c.obj)
                              (--whole-archive)
zephyr/libzephyr.a(soc_config.c.obj)
                              (--whole-archive)
zephyr/libzephyr.a(tracing_none.c.obj)
                              (--whole-archive)
zephyr/libzephyr.a(addr_utils.c.obj)
                              (--whole-archive)
zephyr/libzephyr.a(kernel_service.c.obj)
                              (--whole-archive)
zephyr/libzephyr.a(device_service.c.obj)
                              (--whole-archive)
zephyr/libzephyr.a(devmem_service.c.obj)
                              (--whole-archive)
zephyr/libzephyr.a(shell_uart.c.obj)
                              (--whole-archive)
zephyr/libzephyr.a(shell_telnet.c.obj)
                              (--whole-archive)
zephyr/libzephyr.a(shell.c.obj)
                              (--whole-archive)
zephyr/libzephyr.a(shell_fprintf.c.obj)
                              (--whole-archive)
zephyr/libzephyr.a(shell_utils.c.obj)
                              (--whole-archive)
zephyr/libzephyr.a(shell_ops.c.obj)
                              (--whole-archive)
zephyr/libzephyr.a(shell_help.c.obj)
                              (--whole-archive)
zephyr/libzephyr.a(shell_cmds.c.obj)
                              (--whole-archive)
zephyr/libzephyr.a(shell_history.c.obj)
                              (--whole-archive)
zephyr/libzephyr.a(shell_wildcard.c.obj)
                              (--whole-archive)
zephyr/arch/common/libarch__common.a(sw_isr_common.c.obj)
                              (--whole-archive)
zephyr/arch/arch/arm/core/aarch32/libarch__arm__core__aarch32.a(cpu_idle.S.obj)
                              (--whole-archive)
zephyr/arch/arch/arm/core/aarch32/libarch__arm__core__aarch32.a(fatal.c.obj)
                              (--whole-archive)
zephyr/arch/arch/arm/core/aarch32/libarch__arm__core__aarch32.a(irq_manage.c.obj)
                              (--whole-archive)
zephyr/arch/arch/arm/core/aarch32/libarch__arm__core__aarch32.a(nmi.c.obj)
                              (--whole-archive)
zephyr/arch/arch/arm/core/aarch32/libarch__arm__core__aarch32.a(nmi_on_reset.S.obj)
                              (--whole-archive)
zephyr/arch/arch/arm/core/aarch32/libarch__arm__core__aarch32.a(prep_c.c.obj)
                              (--whole-archive)
zephyr/arch/arch/arm/core/aarch32/libarch__arm__core__aarch32.a(swap.c.obj)
                              (--whole-archive)
zephyr/arch/arch/arm/core/aarch32/libarch__arm__core__aarch32.a(swap_helper.S.obj)
[...]
Memory Configuration

Name             Origin             Length             Attributes
FLASH            0x08000000         0x00200000         xr
RAM              0x24000000         0x00080000         xw
QSPI             0x90000000         0x10000000
SRAM1            0x30000000         0x00020000
SRAM2            0x30020000         0x00020000
SRAM3            0x30040000         0x00008000
SRAM4            0x38000000         0x00010000
DTCM             0x20000000         0x00020000
IDT_LIST         0xfffff7ff         0x00000800         xw
*default*        0x00000000         0xffffffff

Linker script and memory map

LOAD zephyr/CMakeFiles/zephyr_pre0.dir/misc/empty_file.c.obj
LOAD zephyr/CMakeFiles/offsets.dir/./arch/arm/core/offsets/offsets.c.obj
                0x00000020                _region_min_align = 0x20

.rel.plt        0x08000000        0x0
 *(SORT_BY_ALIGNMENT(.rel.plt))
                [!provide]                PROVIDE (__rel_iplt_start = .)
 *(SORT_BY_ALIGNMENT(.rel.iplt))
 .rel.iplt      0x08000000        0x0 app/libapp.a(telnet.c.obj)
                [!provide]                PROVIDE (__rel_iplt_end = .)

.rela.plt       0x00000000        0x0
 *(SORT_BY_ALIGNMENT(.rela.plt))
                [!provide]                PROVIDE (__rela_iplt_start = .)
 *(SORT_BY_ALIGNMENT(.rela.iplt))
                [!provide]                PROVIDE (__rela_iplt_end = .)

.rel.dyn
 *(SORT_BY_ALIGNMENT(.rel.*))

.rela.dyn
 *(SORT_BY_ALIGNMENT(.rela.*))

/DISCARD/
 *(SORT_BY_ALIGNMENT(.plt))

/DISCARD/
 *(SORT_BY_ALIGNMENT(.iplt))
                0x08000000                __rom_region_start = 0x8000000

rom_start       0x08000000      0x298
                0x00000000                . = 0x0
                0x00000000                . = ALIGN (0x4)
                0x00000000                . = ALIGN (0x80)
                0x00000000                . = ALIGN (0x400)
                0x08000000                _vector_start = .
 *(SORT_BY_ALIGNMENT(.exc_vector_table))
 *(SORT_BY_ALIGNMENT(.exc_vector_table.*))
 .exc_vector_table._vector_table_section
                0x08000000       0x40 zephyr/arch/arch/arm/core/aarch32/cortex_m/libarch__arm__core__aarch32__cortex_m.a(vector_table.S.obj)
                0x08000000                _vector_table
 *(SORT_BY_ALIGNMENT(.vectors))
                0x08000298                _vector_end = .
                0x08000040                . = ALIGN (0x4)
 *(SORT_BY_ALIGNMENT(.gnu.linkonce.irq_vector_table*))
 .gnu.linkonce.irq_vector_table
                0x08000040      0x258 zephyr/arch/common/libisr_tables.a(isr_tables.c.obj)
                0x08000040                _irq_vector_table
                0x08000298                _vector_end = .

text            0x08000298    0x1bec4
                0x08000298                __text_region_start = .
 *(SORT_BY_ALIGNMENT(.text))
 .text          0x08000298      0x21c c:/arm-embedded/gcc-arm-none-eabi-10.3-2021.07/bin/../lib/gcc/arm-none-eabi/10.3.1/thumb/v7e-m/nofp\libgcc.a(_arm_addsubsf3.o)
                0x08000298                __aeabi_frsub
                0x080002a0                __subsf3
                0x080002a0                __aeabi_fsub
                0x080002a4                __aeabi_fadd
                0x080002a4                __addsf3
                0x08000404                __aeabi_ui2f
                0x08000404                __floatunsisf
                0x0800040c                __aeabi_i2f
                0x0800040c                __floatsisf
                0x08000428                __aeabi_ul2f
                0x08000428                __floatundisf
                0x08000438                __aeabi_l2f
                0x08000438                __floatdisf
 .text          0x080004b4      0x2a0 c:/arm-embedded/gcc-arm-none-eabi-10.3-2021.07/bin/../lib/gcc/arm-none-eabi/10.3.1/thumb/v7e-m/nofp\libgcc.a(_arm_muldivsf3.o)
                0x080004b4                __mulsf3
                0x080004b4                __aeabi_fmul
                0x0800061c                __aeabi_fdiv
                0x0800061c                __divsf3
 .text          0x08000754       0x40 c:/arm-embedded/gcc-arm-none-eabi-10.3-2021.07/bin/../lib/gcc/arm-none-eabi/10.3.1/thumb/v7e-m/nofp\libgcc.a(_arm_fixunssfsi.o)
                0x08000754                __fixunssfsi
                0x08000754                __aeabi_f2uiz
 .text          0x08000794       0xa0 c:/arm-embedded/gcc-arm-none-eabi-10.3-2021.07/bin/../lib/gcc/arm-none-eabi/10.3.1/thumb/v7e-m/nofp\libgcc.a(_aeabi_ldivmod.o)
                0x08000794                __aeabi_ldivmod
 .text          0x08000834       0x30 c:/arm-embedded/gcc-arm-none-eabi-10.3-2021.07/bin/../lib/gcc/arm-none-eabi/10.3.1/thumb/v7e-m/nofp\libgcc.a(_aeabi_uldivmod.o)
                0x08000834                __aeabi_uldivmod
 .text          0x08000864      0x2d0 c:/arm-embedded/gcc-arm-none-eabi-10.3-2021.07/bin/../lib/gcc/arm-none-eabi/10.3.1/thumb/v7e-m/nofp\libgcc.a(_udivmoddi4.o)
                0x08000864                __udivmoddi4
 .text          0x08000b34        0x4 c:/arm-embedded/gcc-arm-none-eabi-10.3-2021.07/bin/../lib/gcc/arm-none-eabi/10.3.1/thumb/v7e-m/nofp\libgcc.a(_dvmd_tls.o)
                0x08000b34                __aeabi_idiv0
                0x08000b34                __aeabi_ldiv0
 *(SORT_BY_ALIGNMENT(.text.*))
 .text.main     0x08000b38       0x64 app/libapp.a(telnet.c.obj)
                0x08000b38                main
 .text.getopt   0x08000b9c       0xf8 zephyr/libzephyr.a(getopt.c.obj)
                0x08000b9c                getopt
 .text.z_getopt_global_state_update
                0x08000c94       0x34 zephyr/libzephyr.a(getopt_common.c.obj)
                0x08000c94                z_getopt_global_state_update
 .text.getopt_state_get
                0x08000cc8        0x8 zephyr/libzephyr.a(getopt_common.c.obj)
                0x08000cc8                getopt_state_get
 .text.char_out
                0x08000cd0        0xc zephyr/libzephyr.a(printk.c.obj)
 .text.__printk_hook_install
                0x08000cdc        0xc zephyr/libzephyr.a(printk.c.obj)
                0x08000cdc                __printk_hook_install
 .text.vprintk  0x08000ce8       0x1c zephyr/libzephyr.a(printk.c.obj)
                0x08000ce8                vprintk
 .text.vsnprintk
                0x08000d04       0x2c zephyr/libzephyr.a(printk.c.obj)
                0x08000d04                vsnprintk
 .text.z_cbvprintf_impl
                0x08000d30      0x78c zephyr/libzephyr.a(cbprintf_complete.c.obj)
                0x08000d30                z_cbvprintf_impl
 .text.stm32h7_init
                0x080014bc       0xfc zephyr/libzephyr.a(soc_m7.c.obj)
 .text.cmd_kernel_version
                0x080015b8       0x2c zephyr/libzephyr.a(kernel_service.c.obj)
 .text.cmd_kernel_uptime
                0x080015e4       0x24 zephyr/libzephyr.a(kernel_service.c.obj)
 .text.cmd_kernel_threads
                0x08001608       0x38 zephyr/libzephyr.a(kernel_service.c.obj)
 .text.shell_tdata_dump
                0x08001640       0xc8 zephyr/libzephyr.a(kernel_service.c.obj)
 .text.cmd_kernel_stacks
                0x08001708       0x94 zephyr/libzephyr.a(kernel_service.c.obj)
 .text.cmd_kernel_cycles
                0x0800179c       0x1c zephyr/libzephyr.a(kernel_service.c.obj)
 .text.cmd_kernel_sleep
                0x080017b8       0x40 zephyr/libzephyr.a(kernel_service.c.obj)
 .text.shell_stack_dump
                0x080017f8       0x64 zephyr/libzephyr.a(kernel_service.c.obj)
 .text.cmd_device_list_visitor
                0x0800185c       0x34 zephyr/libzephyr.a(device_service.c.obj)
 .text.cmd_device_list
                0x08001890       0xa8 zephyr/libzephyr.a(device_service.c.obj)
 .text.cmd_devmem
                0x08001938       0xc4 zephyr/libzephyr.a(devmem_service.c.obj)
 .text.set_bypass.isra.0
                0x080019fc       0x48 zephyr/libzephyr.a(devmem_service.c.obj)
 .text.bypass_cb
                0x08001a44      0x118 zephyr/libzephyr.a(devmem_service.c.obj)
 .text.cmd_load
                0x08001b5c       0xe0 zephyr/libzephyr.a(devmem_service.c.obj)
 .text.cmd_dump
                0x08001c3c      0x180 zephyr/libzephyr.a(devmem_service.c.obj)
 .text.enable_shell_uart
                0x08001dbc       0x34 zephyr/libzephyr.a(shell_uart.c.obj)
 .text.init     0x08001df0       0x58 zephyr/libzephyr.a(shell_uart.c.obj)
 .text.uninit   0x08001e48       0x14 zephyr/libzephyr.a(shell_telnet.c.obj)
 .text.enable   0x08001e5c       0x14 zephyr/libzephyr.a(shell_telnet.c.obj)
 .text.enable_shell_telnet
                0x08001e70       0x20 zephyr/libzephyr.a(shell_telnet.c.obj)
 .text.telnet_accept
                0x08001e90       0x50 zephyr/libzephyr.a(shell_telnet.c.obj)
 .text.telnet_setup_server.constprop.0
                0x08001ee0       0x50 zephyr/libzephyr.a(shell_telnet.c.obj)
 .text.init     0x08001f30       0x7c zephyr/libzephyr.a(shell_telnet.c.obj)
 .text.read     0x08001fac       0x78 zephyr/libzephyr.a(shell_telnet.c.obj)
 .text.telnet_end_client_connection
                0x08002024       0x3c zephyr/libzephyr.a(shell_telnet.c.obj)
 .text.telnet_send
                0x08002060       0x58 zephyr/libzephyr.a(shell_telnet.c.obj)
 .text.write    0x080020b8      0x108 zephyr/libzephyr.a(shell_telnet.c.obj)
 .text.telnet_command_send_reply
                0x080021c0       0x40 zephyr/libzephyr.a(shell_telnet.c.obj)
 .text.telnet_recv
                0x08002200       0xec zephyr/libzephyr.a(shell_telnet.c.obj)
 .text.shell_internal_help_print
                0x080022ec       0x20 zephyr/libzephyr.a(shell.c.obj)
 .text.z_cursor_next_line_move.isra.0
                0x0800230c        0xc zephyr/libzephyr.a(shell.c.obj)
 .text.history_handle
                0x08002318       0xa8 zephyr/libzephyr.a(shell.c.obj)
 .text.execute  0x080023c0      0x2cc zephyr/libzephyr.a(shell.c.obj)
 .text.state_set.constprop.0
                0x0800268c       0x4c zephyr/libzephyr.a(shell.c.obj)
 .text.shell_process
                0x080026d8      0x6b4 zephyr/libzephyr.a(shell.c.obj)
                0x080026d8                shell_process
 .text.shell_init
                0x08002d8c       0xf4 zephyr/libzephyr.a(shell.c.obj)
                0x08002d8c                shell_init
 .text.shell_start
                0x08002e80       0x54 zephyr/libzephyr.a(shell.c.obj)
                0x08002e80                shell_start
 .text.shell_thread
                0x08002ed4       0xa0 zephyr/libzephyr.a(shell.c.obj)
                0x08002ed4                shell_thread
 .text.cmd_help
                0x08002f74       0x4c zephyr/libzephyr.a(shell.c.obj)
 .text.shell_hexdump_line
                0x08002fc0       0xd0 zephyr/libzephyr.a(shell.c.obj)
                0x08002fc0                shell_hexdump_line
 .text.z_shell_fprintf_fmt
                0x08003090       0x30 zephyr/libzephyr.a(shell_fprintf.c.obj)
                0x08003090                z_shell_fprintf_fmt
 .text.z_shell_cmd_get
                0x080030c0       0x78 zephyr/libzephyr.a(shell_utils.c.obj)
                0x080030c0                z_shell_cmd_get
 .text.z_clear_eos
                0x08003138       0x18 zephyr/libzephyr.a(shell_ops.c.obj)
 .text.z_cursor_next_line_move.isra.0
                0x08003150        0xc zephyr/libzephyr.a(shell_ops.c.obj)
 .text.z_shell_op_cursor_vert_move
                0x0800315c       0x2c zephyr/libzephyr.a(shell_ops.c.obj)
                0x0800315c                z_shell_op_cursor_vert_move
 .text.z_shell_op_cursor_horiz_move
                0x08003188       0x2c zephyr/libzephyr.a(shell_ops.c.obj)
                0x08003188                z_shell_op_cursor_horiz_move
 .text.z_shell_print_cmd
                0x080031b4       0x10 zephyr/libzephyr.a(shell_ops.c.obj)
                0x080031b4                z_shell_print_cmd
 .text.z_shell_vt100_color_set
                0x080031c4       0x40 zephyr/libzephyr.a(shell_ops.c.obj)
                0x080031c4                z_shell_vt100_color_set
 .text.z_shell_vt100_colors_restore
                0x08003204       0x3c zephyr/libzephyr.a(shell_ops.c.obj)
                0x08003204                z_shell_vt100_colors_restore
 .text.z_shell_op_word_remove
                0x08003240       0xbc zephyr/libzephyr.a(shell_ops.c.obj)
                0x08003240                z_shell_op_word_remove
 .text.reprint_from_cursor
                0x080032fc       0x78 zephyr/libzephyr.a(shell_ops.c.obj)
 .text.z_shell_op_char_insert
                0x08003374       0x6c zephyr/libzephyr.a(shell_ops.c.obj)
                0x08003374                z_shell_op_char_insert
 .text.z_shell_print_prompt_and_cmd
                0x080033e0       0x30 zephyr/libzephyr.a(shell_ops.c.obj)
                0x080033e0                z_shell_print_prompt_and_cmd
 .text.z_cursor_next_line_move.isra.0
                0x08003410        0xc zephyr/libzephyr.a(shell_help.c.obj)
 .text.z_shell_help_subcmd_print
                0x0800341c       0xc4 zephyr/libzephyr.a(shell_help.c.obj)
                0x0800341c                z_shell_help_subcmd_print
 .text.z_shell_help_cmd_print
                0x080034e0       0x48 zephyr/libzephyr.a(shell_help.c.obj)
                0x080034e0                z_shell_help_cmd_print
 .text.z_shell_help_request
                0x08003528       0x28 zephyr/libzephyr.a(shell_help.c.obj)
                0x08003528                z_shell_help_request
 .text.cmd_resize_default
                0x08003550       0x2c zephyr/libzephyr.a(shell_cmds.c.obj)
 .text.cmd_shell_stats_show
                0x0800357c       0x18 zephyr/libzephyr.a(shell_cmds.c.obj)
 .text.cmd_backends
                0x08003594       0x50 zephyr/libzephyr.a(shell_cmds.c.obj)
 .text.cmd_prompt_off
                0x080035e4       0x10 zephyr/libzephyr.a(shell_cmds.c.obj)
 .text.cmd_history
                0x080035f4       0x44 zephyr/libzephyr.a(shell_cmds.c.obj)
 .text.cmd_get_retval
                0x08003638       0x1c zephyr/libzephyr.a(shell_cmds.c.obj)
 .text.cmd_echo
                0x08003654       0x54 zephyr/libzephyr.a(shell_cmds.c.obj)
 .text.cmd_clear
                0x080036a8       0x34 zephyr/libzephyr.a(shell_cmds.c.obj)
 .text.cmd_resize
                0x080036dc      0x1a0 zephyr/libzephyr.a(shell_cmds.c.obj)
 .text.z_shell_wildcard_process
                0x0800387c       0xe4 zephyr/libzephyr.a(shell_wildcard.c.obj)
                0x0800387c                z_shell_wildcard_process
 .text.z_arm_cpu_idle_init
                0x08003960        0xc zephyr/arch/arch/arm/core/aarch32/libarch__arm__core__aarch32.a(cpu_idle.S.obj)
                0x08003960                z_arm_cpu_idle_init
 .text.arch_cpu_idle
                0x0800396c       0x1c zephyr/arch/arch/arm/core/aarch32/libarch__arm__core__aarch32.a(cpu_idle.S.obj)
                0x0800396c                arch_cpu_idle
 .text.arch_irq_enable
                0x08003988       0x20 zephyr/arch/arch/arm/core/aarch32/libarch__arm__core__aarch32.a(irq_manage.c.obj)
                0x08003988                arch_irq_enable
 .text.arch_irq_disable
                0x080039a8       0x28 zephyr/arch/arch/arm/core/aarch32/libarch__arm__core__aarch32.a(irq_manage.c.obj)
                0x080039a8                arch_irq_disable
 .text.arch_irq_is_enabled
                0x080039d0       0x1c zephyr/arch/arch/arm/core/aarch32/libarch__arm__core__aarch32.a(irq_manage.c.obj)
                0x080039d0                arch_irq_is_enabled
 .text.z_arm_irq_priority_set
                0x080039ec       0x2c zephyr/arch/arch/arm/core/aarch32/libarch__arm__core__aarch32.a(irq_manage.c.obj)
                0x080039ec                z_arm_irq_priority_set
 .text.z_SysNmiOnReset
                0x08003a18        0x8 zephyr/arch/arch/arm/core/aarch32/libarch__arm__core__aarch32.a(nmi_on_reset.S.obj)
                0x08003a18                z_SysNmiOnReset
 .text.z_arm_prep_c
                0x08003a20       0x48 zephyr/arch/arch/arm/core/aarch32/libarch__arm__core__aarch32.a(prep_c.c.obj)
                0x08003a20                z_arm_prep_c
 .text.arch_swap
                0x08003a68       0x38 zephyr/arch/arch/arm/core/aarch32/libarch__arm__core__aarch32.a(swap.c.obj)
                0x08003a68                arch_swap
 .text.z_arm_pendsv
                0x08003aa0       0x58 zephyr/arch/arch/arm/core/aarch32/libarch__arm__core__aarch32.a(swap_helper.S.obj)
                0x08003aa0                z_arm_pendsv
 .text.z_arm_svc
                0x08003af8       0x20 zephyr/arch/arch/arm/core/aarch32/libarch__arm__core__aarch32.a(swap_helper.S.obj)
                0x08003af8                z_arm_svc
 .text.arch_new_thread
                0x08003b18       0x30 zephyr/arch/arch/arm/core/aarch32/libarch__arm__core__aarch32.a(thread.c.obj)
                0x08003b18                arch_new_thread
 .text.z_check_thread_stack_fail
                0x08003b48       0x30 zephyr/arch/arch/arm/core/aarch32/libarch__arm__core__aarch32.a(thread.c.obj)
                0x08003b48                z_check_thread_stack_fail
 .text.arch_switch_to_main_thread
                0x08003b78       0x2c zephyr/arch/arch/arm/core/aarch32/libarch__arm__core__aarch32.a(thread.c.obj)
                0x08003b78                arch_switch_to_main_thread
 .text._isr_wrapper
                0x08003ba4       0x28 zephyr/arch/arch/arm/core/aarch32/libarch__arm__core__aarch32.a(isr_wrapper.S.obj)
                0x08003ba4                _isr_wrapper
 .text._HandlerModeExit
                0x08003bcc       0x1c zephyr/arch/arch/arm/core/aarch32/cortex_m/libarch__arm__core__aarch32__cortex_m.a(exc_exit.S.obj)
                0x08003bcc                z_arm_int_exit
                0x08003bcc                z_arm_exc_exit
 .text.mem_manage_fault
                0x08003be8       0xa0 zephyr/arch/arch/arm/core/aarch32/cortex_m/libarch__arm__core__aarch32__cortex_m.a(fault.c.obj)
 .text.usage_fault.constprop.0
                0x08003c88       0x54 zephyr/arch/arch/arm/core/aarch32/cortex_m/libarch__arm__core__aarch32__cortex_m.a(fault.c.obj)
 .text.bus_fault.constprop.0
                0x08003cdc       0x68 zephyr/arch/arch/arm/core/aarch32/cortex_m/libarch__arm__core__aarch32__cortex_m.a(fault.c.obj)
 .text.z_arm_fault
                0x08003d44      0x11c zephyr/arch/arch/arm/core/aarch32/cortex_m/libarch__arm__core__aarch32__cortex_m.a(fault.c.obj)
                0x08003d44                z_arm_fault
 .text.z_arm_fault_init
                0x08003e60       0x10 zephyr/arch/arch/arm/core/aarch32/cortex_m/libarch__arm__core__aarch32__cortex_m.a(fault.c.obj)
                0x08003e60                z_arm_fault_init
 .text.__fault  0x08003e70       0x14 zephyr/arch/arch/arm/core/aarch32/cortex_m/libarch__arm__core__aarch32__cortex_m.a(fault_s.S.obj)
                0x08003e70                z_arm_usage_fault
                0x08003e70                z_arm_mpu_fault
                0x08003e70                z_arm_exc_spurious
                0x08003e70                z_arm_debug_monitor
                0x08003e70                z_arm_hard_fault
                0x08003e70                z_arm_bus_fault
 .text.z_arm_interrupt_init
                0x08003e84       0x18 zephyr/arch/arch/arm/core/aarch32/cortex_m/libarch__arm__core__aarch32__cortex_m.a(irq_init.c.obj)
                0x08003e84                z_arm_interrupt_init
 .text._reset_section
                0x08003e9c       0x38 zephyr/arch/arch/arm/core/aarch32/cortex_m/libarch__arm__core__aarch32__cortex_m.a(reset.S.obj)
                0x08003e9c                __start
                0x08003e9c                z_arm_reset
 .text.z_impl_k_thread_abort
                0x08003ed4       0x2c zephyr/arch/arch/arm/core/aarch32/cortex_m/libarch__arm__core__aarch32__cortex_m.a(thread_abort.c.obj)
                0x08003ed4                z_impl_k_thread_abort
 .text.z_arm_configure_static_mpu_regions
                0x08003f00       0x18 zephyr/arch/arch/arm/core/aarch32/mpu/libarch__arm__core__aarch32__mpu.a(arm_core_mpu.c.obj)
                0x08003f00                z_arm_configure_static_mpu_regions
 .text.z_arm_configure_dynamic_mpu_regions
                0x08003f18       0x24 zephyr/arch/arch/arm/core/aarch32/mpu/libarch__arm__core__aarch32__mpu.a(arm_core_mpu.c.obj)
                0x08003f18                z_arm_configure_dynamic_mpu_regions
 .text.mpu_configure_regions
                0x08003f3c       0x84 zephyr/arch/arch/arm/core/aarch32/mpu/libarch__arm__core__aarch32__mpu.a(arm_mpu.c.obj)
 .text.arm_core_mpu_enable
                0x08003fc0       0x18 zephyr/arch/arch/arm/core/aarch32/mpu/libarch__arm__core__aarch32__mpu.a(arm_mpu.c.obj)
                0x08003fc0                arm_core_mpu_enable
 .text.arm_core_mpu_disable
                0x08003fd8       0x14 zephyr/arch/arch/arm/core/aarch32/mpu/libarch__arm__core__aarch32__mpu.a(arm_mpu.c.obj)
                0x08003fd8                arm_core_mpu_disable
 .text.arm_core_mpu_configure_static_mpu_regions
                0x08003fec       0x14 zephyr/arch/arch/arm/core/aarch32/mpu/libarch__arm__core__aarch32__mpu.a(arm_mpu.c.obj)
                0x08003fec                arm_core_mpu_configure_static_mpu_regions
 .text.arm_core_mpu_configure_dynamic_mpu_regions
                0x08004000       0x30 zephyr/arch/arch/arm/core/aarch32/mpu/libarch__arm__core__aarch32__mpu.a(arm_mpu.c.obj)
                0x08004000                arm_core_mpu_configure_dynamic_mpu_regions
 .text.z_arm_mpu_init
                0x08004030       0xa8 zephyr/arch/arch/arm/core/aarch32/mpu/libarch__arm__core__aarch32__mpu.a(arm_mpu.c.obj)
                0x08004030                z_arm_mpu_init
 .text.__stdout_hook_install
                0x080040d8        0xc zephyr/lib/libc/minimal/liblib__libc__minimal.a(stdout_console.c.obj)
                0x080040d8                __stdout_hook_install
 .text.snprintf
                0x080040e4       0x34 zephyr/lib/libc/minimal/liblib__libc__minimal.a(sprintf.c.obj)
                0x080040e4                snprintf
 .text.z_impl_sys_rand32_get
                0x08004118       0x28 zephyr/subsys/random/libsubsys__random.a(rand32_entropy_device.c.obj)
                0x08004118                z_impl_sys_rand32_get
 .text.z_impl_sys_rand_get
                0x08004140       0x40 zephyr/subsys/random/libsubsys__random.a(rand32_entropy_device.c.obj)
                0x08004140                z_impl_sys_rand_get
 .text.net_buf_id
                0x08004180       0x20 zephyr/subsys/net/libsubsys__net.a(buf.c.obj)
                0x08004180                net_buf_id
 .text.fixed_data_alloc
                0x080041a0       0x30 zephyr/subsys/net/libsubsys__net.a(buf.c.obj)
 .text.net_buf_alloc_len
                0x080041d0      0x128 zephyr/subsys/net/libsubsys__net.a(buf.c.obj)
                0x080041d0                net_buf_alloc_len
 .text.net_buf_unref
                0x080042f8       0x64 zephyr/subsys/net/libsubsys__net.a(buf.c.obj)
                0x080042f8                net_buf_unref
 .text.net_eth_broadcast_addr
                0x0800435c        0x8 zephyr/subsys/net/l2/ethernet/libsubsys__net__l2__ethernet.a(ethernet.c.obj)
                0x0800435c                net_eth_broadcast_addr
 .text.ethernet_send
                0x08004364      0x1b4 zephyr/subsys/net/l2/ethernet/libsubsys__net__l2__ethernet.a(ethernet.c.obj)
 .text.ethernet_init
                0x08004518       0x40 zephyr/subsys/net/l2/ethernet/libsubsys__net__l2__ethernet.a(ethernet.c.obj)
                0x08004518                ethernet_init
 .text.arp_entry_get_last_from_table
                0x08004558       0x28 zephyr/subsys/net/l2/ethernet/libsubsys__net__l2__ethernet.a(arp.c.obj)
 .text.k_mutex_lock.constprop.0.isra.0
                0x08004580       0x10 zephyr/subsys/net/l2/ethernet/libsubsys__net__l2__ethernet.a(arp.c.obj)
 .text.k_mutex_unlock.constprop.0.isra.0
                0x08004590        0xc zephyr/subsys/net/l2/ethernet/libsubsys__net__l2__ethernet.a(arp.c.obj)
 .text.arp_update
                0x0800459c      0x130 zephyr/subsys/net/l2/ethernet/libsubsys__net__l2__ethernet.a(arp.c.obj)
 .text.arp_request_timeout
                0x080046cc       0x88 zephyr/subsys/net/l2/ethernet/libsubsys__net__l2__ethernet.a(arp.c.obj)
 .text.net_arp_prepare
                0x08004754      0x214 zephyr/subsys/net/l2/ethernet/libsubsys__net__l2__ethernet.a(arp.c.obj)
                0x08004754                net_arp_prepare
 .text.net_arp_clear_cache
                0x08004968       0xbc zephyr/subsys/net/l2/ethernet/libsubsys__net__l2__ethernet.a(arp.c.obj)
                0x08004968                net_arp_clear_cache
 .text.net_arp_clear_pending
                0x08004a24       0x28 zephyr/subsys/net/l2/ethernet/libsubsys__net__l2__ethernet.a(arp.c.obj)
                0x08004a24                net_arp_clear_pending
 .text.net_arp_foreach
                0x08004a4c       0x38 zephyr/subsys/net/l2/ethernet/libsubsys__net__l2__ethernet.a(arp.c.obj)
                0x08004a4c                net_arp_foreach
 .text.net_arp_init
                0x08004a84       0x74 zephyr/subsys/net/l2/ethernet/libsubsys__net__l2__ethernet.a(arp.c.obj)
                0x08004a84                net_arp_init
 .text.net_ipv4_is_ll_addr
                0x08004af8       0x18 zephyr/subsys/net/ip/libsubsys__net__ip.a(net_if.c.obj)
 .text.iface_router_notify_deletion.constprop.0
                0x08004b10       0x30 zephyr/subsys/net/ip/libsubsys__net__ip.a(net_if.c.obj)
 .text.need_calc_checksum
                0x08004b40       0x30 zephyr/subsys/net/ip/libsubsys__net__ip.a(net_if.c.obj)
 .text.iface_router_find_default.constprop.0
                0x08004b70       0x70 zephyr/subsys/net/ip/libsubsys__net__ip.a(net_if.c.obj)
 .text.address_lifetime_timeout
                0x08004be0       0xa0 zephyr/subsys/net/ip/libsubsys__net__ip.a(net_if.c.obj)
 .text.iface_router_update_timer
                0x08004c80       0x7c zephyr/subsys/net/ip/libsubsys__net__ip.a(net_if.c.obj)
 .text.iface_router_add
                0x08004cfc       0xfc zephyr/subsys/net/ip/libsubsys__net__ip.a(net_if.c.obj)
 .text.iface_router_rm
                0x08004df8       0x54 zephyr/subsys/net/ip/libsubsys__net__ip.a(net_if.c.obj)
 .text.net_if_ipv6_start_dad
                0x08004e4c       0x80 zephyr/subsys/net/ip/libsubsys__net__ip.a(net_if.c.obj)
 .text.iface_router_lookup
                0x08004ecc       0x88 zephyr/subsys/net/ip/libsubsys__net__ip.a(net_if.c.obj)
 .text.net_if_ipv4_get_best_match
                0x08004f54       0x5c zephyr/subsys/net/ip/libsubsys__net__ip.a(net_if.c.obj)
 .text.net_if_ipv6_get_best_match
                0x08004fb0       0x94 zephyr/subsys/net/ip/libsubsys__net__ip.a(net_if.c.obj)
 .text.iface_router_expired
                0x08005044       0x90 zephyr/subsys/net/ip/libsubsys__net__ip.a(net_if.c.obj)
 .text.z_impl_net_if_get_by_index
                0x080050d4       0x24 zephyr/subsys/net/ip/libsubsys__net__ip.a(net_if.c.obj)
                0x080050d4                z_impl_net_if_get_by_index
 .text.net_if_lookup_by_dev
                0x080050f8       0x24 zephyr/subsys/net/ip/libsubsys__net__ip.a(net_if.c.obj)
                0x080050f8                net_if_lookup_by_dev
 .text.net_if_get_default
                0x0800511c       0x24 zephyr/subsys/net/ip/libsubsys__net__ip.a(net_if.c.obj)
                0x0800511c                net_if_get_default
 .text.net_if_mcast_monitor
                0x08005140       0x4c zephyr/subsys/net/ip/libsubsys__net__ip.a(net_if.c.obj)
                0x08005140                net_if_mcast_monitor
 .text.net_if_config_ipv6_get
                0x0800518c       0x6c zephyr/subsys/net/ip/libsubsys__net__ip.a(net_if.c.obj)
                0x0800518c                net_if_config_ipv6_get
 .text.net_if_start_rs
                0x080051f8       0x78 zephyr/subsys/net/ip/libsubsys__net__ip.a(net_if.c.obj)
                0x080051f8                net_if_start_rs
 .text.rs_timeout
                0x08005270       0xdc zephyr/subsys/net/ip/libsubsys__net__ip.a(net_if.c.obj)
 .text.net_if_stop_rs
                0x0800534c       0x40 zephyr/subsys/net/ip/libsubsys__net__ip.a(net_if.c.obj)
                0x0800534c                net_if_stop_rs
 .text.net_if_ipv6_addr_lookup
                0x0800538c       0x80 zephyr/subsys/net/ip/libsubsys__net__ip.a(net_if.c.obj)
                0x0800538c                net_if_ipv6_addr_lookup
 .text.dad_timeout
                0x0800540c       0xc8 zephyr/subsys/net/ip/libsubsys__net__ip.a(net_if.c.obj)
 .text.net_if_ipv6_addr_update_lifetime
                0x080054d4       0x54 zephyr/subsys/net/ip/libsubsys__net__ip.a(net_if.c.obj)
                0x080054d4                net_if_ipv6_addr_update_lifetime
 .text.net_if_ipv6_addr_add
                0x08005528      0x1e0 zephyr/subsys/net/ip/libsubsys__net__ip.a(net_if.c.obj)
                0x08005528                net_if_ipv6_addr_add
 .text.update_operational_state
                0x08005708       0xb0 zephyr/subsys/net/ip/libsubsys__net__ip.a(net_if.c.obj)
 .text.net_if_ipv6_maddr_rm
                0x080057b8       0x78 zephyr/subsys/net/ip/libsubsys__net__ip.a(net_if.c.obj)
                0x080057b8                net_if_ipv6_maddr_rm
 .text.net_if_ipv6_addr_rm
                0x08005830      0x108 zephyr/subsys/net/ip/libsubsys__net__ip.a(net_if.c.obj)
                0x08005830                net_if_ipv6_addr_rm
 .text.net_if_ipv6_dad_failed
                0x08005938       0x60 zephyr/subsys/net/ip/libsubsys__net__ip.a(net_if.c.obj)
                0x08005938                net_if_ipv6_dad_failed
 .text.prefix_lifetime_timeout
                0x08005998       0xe4 zephyr/subsys/net/ip/libsubsys__net__ip.a(net_if.c.obj)
 .text.net_if_ipv6_maddr_lookup
                0x08005a7c       0x98 zephyr/subsys/net/ip/libsubsys__net__ip.a(net_if.c.obj)
                0x08005a7c                net_if_ipv6_maddr_lookup
 .text.net_if_ipv6_maddr_add
                0x08005b14       0x90 zephyr/subsys/net/ip/libsubsys__net__ip.a(net_if.c.obj)
                0x08005b14                net_if_ipv6_maddr_add
 .text.net_if_ipv6_prefix_add
                0x08005ba4      0x130 zephyr/subsys/net/ip/libsubsys__net__ip.a(net_if.c.obj)
                0x08005ba4                net_if_ipv6_prefix_add
 .text.net_if_ipv6_addr_onlink
                0x08005cd4       0x84 zephyr/subsys/net/ip/libsubsys__net__ip.a(net_if.c.obj)
                0x08005cd4                net_if_ipv6_addr_onlink
 .text.net_if_ipv6_prefix_set_timer
                0x08005d58       0x58 zephyr/subsys/net/ip/libsubsys__net__ip.a(net_if.c.obj)
                0x08005d58                net_if_ipv6_prefix_set_timer
 .text.net_if_ipv6_prefix_unset_timer
                0x08005db0       0x40 zephyr/subsys/net/ip/libsubsys__net__ip.a(net_if.c.obj)
                0x08005db0                net_if_ipv6_prefix_unset_timer
 .text.net_if_ipv6_prefix_rm
                0x08005df0       0xa4 zephyr/subsys/net/ip/libsubsys__net__ip.a(net_if.c.obj)
                0x08005df0                net_if_ipv6_prefix_rm
 .text.net_if_ipv6_select_src_addr
                0x08005e94       0x90 zephyr/subsys/net/ip/libsubsys__net__ip.a(net_if.c.obj)
                0x08005e94                net_if_ipv6_select_src_addr
 .text.net_if_config_ipv4_get
                0x08005f24       0x68 zephyr/subsys/net/ip/libsubsys__net__ip.a(net_if.c.obj)
                0x08005f24                net_if_config_ipv4_get
 .text.net_if_ipv4_is_addr_bcast
                0x08005f8c       0x30 zephyr/subsys/net/ip/libsubsys__net__ip.a(net_if.c.obj)
                0x08005f8c                net_if_ipv4_is_addr_bcast
 .text.net_if_ipv4_select_src_iface
                0x08005fbc       0x30 zephyr/subsys/net/ip/libsubsys__net__ip.a(net_if.c.obj)
                0x08005fbc                net_if_ipv4_select_src_iface
 .text.net_if_ipv4_select_src_addr
                0x08005fec       0x98 zephyr/subsys/net/ip/libsubsys__net__ip.a(net_if.c.obj)
                0x08005fec                net_if_ipv4_select_src_addr
 .text.net_if_ipv4_addr_lookup
                0x08006084       0x54 zephyr/subsys/net/ip/libsubsys__net__ip.a(net_if.c.obj)
                0x08006084                net_if_ipv4_addr_lookup
 .text.net_if_ipv4_addr_add
                0x080060d8       0xa0 zephyr/subsys/net/ip/libsubsys__net__ip.a(net_if.c.obj)
                0x080060d8                net_if_ipv4_addr_add
 .text.net_if_ipv4_addr_rm
                0x08006178       0x4c zephyr/subsys/net/ip/libsubsys__net__ip.a(net_if.c.obj)
                0x08006178                net_if_ipv4_addr_rm
 .text.net_if_ipv4_maddr_lookup
                0x080061c4       0x60 zephyr/subsys/net/ip/libsubsys__net__ip.a(net_if.c.obj)
                0x080061c4                net_if_ipv4_maddr_lookup
 .text.net_if_call_link_cb
                0x08006224       0x44 zephyr/subsys/net/ip/libsubsys__net__ip.a(net_if.c.obj)
                0x08006224                net_if_call_link_cb
 .text.net_if_tx.isra.0
                0x08006268       0xa0 zephyr/subsys/net/ip/libsubsys__net__ip.a(net_if.c.obj)
 .text.net_if_get_by_iface
                0x08006308       0x2c zephyr/subsys/net/ip/libsubsys__net__ip.a(net_if.c.obj)
                0x08006308                net_if_get_by_iface
 .text.net_if_foreach
                0x08006334       0x24 zephyr/subsys/net/ip/libsubsys__net__ip.a(net_if.c.obj)
                0x08006334                net_if_foreach
 .text.net_if_up
                0x08006358       0x5c zephyr/subsys/net/ip/libsubsys__net__ip.a(net_if.c.obj)
                0x08006358                net_if_up
 .text.net_if_down
                0x080063b4       0x90 zephyr/subsys/net/ip/libsubsys__net__ip.a(net_if.c.obj)
                0x080063b4                net_if_down
 .text.net_if_init
                0x08006444      0x110 zephyr/subsys/net/ip/libsubsys__net__ip.a(net_if.c.obj)
                0x08006444                net_if_init
 .text.net_if_post_init
                0x08006554       0x28 zephyr/subsys/net/ip/libsubsys__net__ip.a(net_if.c.obj)
                0x08006554                net_if_post_init
 .text.net_sprint_ll_addr_buf
                0x0800657c       0x60 zephyr/subsys/net/ip/libsubsys__net__ip.a(utils.c.obj)
                0x0800657c                net_sprint_ll_addr_buf
 .text.z_impl_net_addr_ntop
                0x080065dc      0x1d0 zephyr/subsys/net/ip/libsubsys__net__ip.a(utils.c.obj)
                0x080065dc                z_impl_net_addr_ntop
 .text.net_sprint_addr
                0x080067ac       0x2c zephyr/subsys/net/ip/libsubsys__net__ip.a(utils.c.obj)
                0x080067ac                net_sprint_addr
 .text.net_ipv4_unspecified_address
                0x080067d8        0x8 zephyr/subsys/net/ip/libsubsys__net__ip.a(utils.c.obj)
                0x080067d8                net_ipv4_unspecified_address
 .text.net_ipv4_broadcast_address
                0x080067e0        0x8 zephyr/subsys/net/ip/libsubsys__net__ip.a(utils.c.obj)
                0x080067e0                net_ipv4_broadcast_address
 .text.net_ipv6_unspecified_address
                0x080067e8        0x8 zephyr/subsys/net/ip/libsubsys__net__ip.a(utils.c.obj)
                0x080067e8                net_ipv6_unspecified_address
 .text.mgmt_thread
                0x080067f0       0xc4 zephyr/subsys/net/ip/libsubsys__net__ip.a(net_mgmt.c.obj)
 .text.net_mgmt_add_event_callback
                0x080068b4       0x40 zephyr/subsys/net/ip/libsubsys__net__ip.a(net_mgmt.c.obj)
                0x080068b4                net_mgmt_add_event_callback
 .text.net_mgmt_del_event_callback
                0x080068f4       0x74 zephyr/subsys/net/ip/libsubsys__net__ip.a(net_mgmt.c.obj)
                0x080068f4                net_mgmt_del_event_callback
 .text.net_mgmt_event_notify_with_info
                0x08006968       0x70 zephyr/subsys/net/ip/libsubsys__net__ip.a(net_mgmt.c.obj)
                0x08006968                net_mgmt_event_notify_with_info
 .text.net_mgmt_event_init
                0x080069d8       0x4c zephyr/subsys/net/ip/libsubsys__net__ip.a(net_mgmt.c.obj)
                0x080069d8                net_mgmt_event_init
 .text.check_used_port
                0x08006a24       0x6c zephyr/subsys/net/ip/libsubsys__net__ip.a(net_context.c.obj)
 .text.find_available_port
                0x08006a90       0x2c zephyr/subsys/net/ip/libsubsys__net__ip.a(net_context.c.obj)
 .text.net_context_packet_received
                0x08006abc       0xb0 zephyr/subsys/net/ip/libsubsys__net__ip.a(net_context.c.obj)
                0x08006abc                net_context_packet_received
 .text.net_context_get
                0x08006b6c      0x178 zephyr/subsys/net/ip/libsubsys__net__ip.a(net_context.c.obj)
                0x08006b6c                net_context_get
 .text.net_context_put
                0x08006ce4       0x50 zephyr/subsys/net/ip/libsubsys__net__ip.a(net_context.c.obj)
                0x08006ce4                net_context_put
 .text.net_context_recv
                0x08006d34      0x154 zephyr/subsys/net/ip/libsubsys__net__ip.a(net_context.c.obj)
                0x08006d34                net_context_recv
 .text.net_context_foreach
                0x08006e88       0x5c zephyr/subsys/net/ip/libsubsys__net__ip.a(net_context.c.obj)
                0x08006e88                net_context_foreach
 .text.net_context_init
                0x08006ee4       0x10 zephyr/subsys/net/ip/libsubsys__net__ip.a(net_context.c.obj)
                0x08006ee4                net_context_init
 .text.net_pkt_get_reserve_rx_data
                0x08006ef4        0xc zephyr/subsys/net/ip/libsubsys__net__ip.a(net_pkt.c.obj)
                0x08006ef4                net_pkt_get_reserve_rx_data
 .text.net_pkt_get_reserve_tx_data
                0x08006f00        0xc zephyr/subsys/net/ip/libsubsys__net__ip.a(net_pkt.c.obj)
                0x08006f00                net_pkt_get_reserve_tx_data
 .text.net_pkt_get_frag
                0x08006f0c       0x20 zephyr/subsys/net/ip/libsubsys__net__ip.a(net_pkt.c.obj)
                0x08006f0c                net_pkt_get_frag
 .text.net_pkt_get_info
                0x08006f2c       0x2c zephyr/subsys/net/ip/libsubsys__net__ip.a(net_pkt.c.obj)
                0x08006f2c                net_pkt_get_info
 .text.pkt_alloc
                0x08006f58       0x68 zephyr/subsys/net/ip/libsubsys__net__ip.a(net_pkt.c.obj)
 .text.net_pkt_alloc
                0x08006fc0       0x10 zephyr/subsys/net/ip/libsubsys__net__ip.a(net_pkt.c.obj)
                0x08006fc0                net_pkt_alloc
 .text.net_pkt_rx_alloc
                0x08006fd0       0x10 zephyr/subsys/net/ip/libsubsys__net__ip.a(net_pkt.c.obj)
                0x08006fd0                net_pkt_rx_alloc
 .text.net_pkt_alloc_buffer
                0x08006fe0      0x188 zephyr/subsys/net/ip/libsubsys__net__ip.a(net_pkt.c.obj)
                0x08006fe0                net_pkt_alloc_buffer
 .text.net_pkt_alloc_with_buffer
                0x08007168       0x24 zephyr/subsys/net/ip/libsubsys__net__ip.a(net_pkt.c.obj)
                0x08007168                net_pkt_alloc_with_buffer
 .text.net_pkt_rx_alloc_with_buffer
                0x0800718c       0x24 zephyr/subsys/net/ip/libsubsys__net__ip.a(net_pkt.c.obj)
                0x0800718c                net_pkt_rx_alloc_with_buffer
 .text.net_tc_submit_to_rx_queue
                0x080071b0       0x10 zephyr/subsys/net/ip/libsubsys__net__ip.a(net_tc.c.obj)
                0x080071b0                net_tc_submit_to_rx_queue
 .text.net_rx_priority2tc
                0x080071c0       0x10 zephyr/subsys/net/ip/libsubsys__net__ip.a(net_tc.c.obj)
                0x080071c0                net_rx_priority2tc
 .text.net_tc_rx_init
                0x080071d0       0x70 zephyr/subsys/net/ip/libsubsys__net__ip.a(net_tc.c.obj)
                0x080071d0                net_tc_rx_init
 .text.k_mutex_lock.constprop.0.isra.0
                0x08007240       0x10 zephyr/subsys/net/ip/libsubsys__net__ip.a(connection.c.obj)
 .text.k_mutex_unlock.constprop.0.isra.0
                0x08007250        0xc zephyr/subsys/net/ip/libsubsys__net__ip.a(connection.c.obj)
 .text.conn_set_unused
                0x0800725c       0x34 zephyr/subsys/net/ip/libsubsys__net__ip.a(connection.c.obj)
 .text.net_conn_register
                0x08007290      0x238 zephyr/subsys/net/ip/libsubsys__net__ip.a(connection.c.obj)
                0x08007290                net_conn_register
 .text.net_conn_unregister
                0x080074c8       0x78 zephyr/subsys/net/ip/libsubsys__net__ip.a(connection.c.obj)
                0x080074c8                net_conn_unregister
 .text.net_conn_input
                0x08007540      0x290 zephyr/subsys/net/ip/libsubsys__net__ip.a(connection.c.obj)
                0x08007540                net_conn_input
 .text.net_conn_init
                0x080077d0       0x44 zephyr/subsys/net/ip/libsubsys__net__ip.a(connection.c.obj)
                0x080077d0                net_conn_init
 .text.dhcpv4_set_timeout
                0x08007814       0x2c zephyr/subsys/net/ip/libsubsys__net__ip.a(dhcpv4.c.obj)
 .text.dhcpv4_enter_bound
                0x08007840       0x50 zephyr/subsys/net/ip/libsubsys__net__ip.a(dhcpv4.c.obj)
 .text.k_mutex_lock.constprop.0.isra.0
                0x08007890       0x10 zephyr/subsys/net/ip/libsubsys__net__ip.a(dhcpv4.c.obj)
 .text.k_mutex_unlock.constprop.0.isra.0
                0x080078a0        0xc zephyr/subsys/net/ip/libsubsys__net__ip.a(dhcpv4.c.obj)
 .text.dhcpv4_start_internal
                0x080078ac       0x7c zephyr/subsys/net/ip/libsubsys__net__ip.a(dhcpv4.c.obj)
 .text.dhcpv4_create_message
                0x08007928      0x19c zephyr/subsys/net/ip/libsubsys__net__ip.a(dhcpv4.c.obj)
 .text.net_dhcpv4_input
                0x08007ac4      0x370 zephyr/subsys/net/ip/libsubsys__net__ip.a(dhcpv4.c.obj)
 .text.dhcpv4_iface_event_handler
                0x08007e34       0x80 zephyr/subsys/net/ip/libsubsys__net__ip.a(dhcpv4.c.obj)
 .text.dhcpv4_timeout
                0x08007eb4      0x1f4 zephyr/subsys/net/ip/libsubsys__net__ip.a(dhcpv4.c.obj)
 .text.net_dhcpv4_state_name
                0x080080a8        0xc zephyr/subsys/net/ip/libsubsys__net__ip.a(dhcpv4.c.obj)
                0x080080a8                net_dhcpv4_state_name
 .text.net_dhcpv4_init
                0x080080b4       0x60 zephyr/subsys/net/ip/libsubsys__net__ip.a(dhcpv4.c.obj)
                0x080080b4                net_dhcpv4_init
 .text.net_icmpv4_register_handler
                0x08008114       0x14 zephyr/subsys/net/ip/libsubsys__net__ip.a(icmpv4.c.obj)
                0x08008114                net_icmpv4_register_handler
 .text.net_icmpv4_unregister_handler
                0x08008128       0x38 zephyr/subsys/net/ip/libsubsys__net__ip.a(icmpv4.c.obj)
                0x08008128                net_icmpv4_unregister_handler
 .text.net_icmpv4_input
                0x08008160       0x7c zephyr/subsys/net/ip/libsubsys__net__ip.a(icmpv4.c.obj)
                0x08008160                net_icmpv4_input
 .text.net_icmpv4_init
                0x080081dc        0xc zephyr/subsys/net/ip/libsubsys__net__ip.a(icmpv4.c.obj)
                0x080081dc                net_icmpv4_init
 .text.net_icmpv6_register_handler
                0x080081e8       0x14 zephyr/subsys/net/ip/libsubsys__net__ip.a(icmpv6.c.obj)
                0x080081e8                net_icmpv6_register_handler
 .text.net_icmpv6_unregister_handler
                0x080081fc       0x38 zephyr/subsys/net/ip/libsubsys__net__ip.a(icmpv6.c.obj)
                0x080081fc                net_icmpv6_unregister_handler
 .text.net_icmpv6_input
                0x08008234       0x70 zephyr/subsys/net/ip/libsubsys__net__ip.a(icmpv6.c.obj)
                0x08008234                net_icmpv6_input
 .text.net_icmpv6_init
                0x080082a4        0xc zephyr/subsys/net/ip/libsubsys__net__ip.a(icmpv6.c.obj)
                0x080082a4                net_icmpv6_init
 .text.net_nbr_link
                0x080082b0       0xb4 zephyr/subsys/net/ip/libsubsys__net__ip.a(nbr.c.obj)
                0x080082b0                net_nbr_link
 .text.net_nbr_unlink
                0x08008364       0x48 zephyr/subsys/net/ip/libsubsys__net__ip.a(nbr.c.obj)
                0x08008364                net_nbr_unlink
 .text.net_nbr_get_lladdr
                0x080083ac       0x10 zephyr/subsys/net/ip/libsubsys__net__ip.a(nbr.c.obj)
                0x080083ac                net_nbr_get_lladdr
 .text.net_ipv6_input
                0x080083bc      0x3c8 zephyr/subsys/net/ip/libsubsys__net__ip.a(ipv6.c.obj)
                0x080083bc                net_ipv6_input
 .text.iface_cb
                0x08008784       0x2c zephyr/subsys/net/ip/libsubsys__net__ip.a(ipv6_nbr.c.obj)
 .text.ipv6_nd_restart_reachable_timer
                0x080087b0       0x80 zephyr/subsys/net/ip/libsubsys__net__ip.a(ipv6_nbr.c.obj)
 .text.ipv6_ns_reply_timeout
                0x08008830       0xa8 zephyr/subsys/net/ip/libsubsys__net__ip.a(ipv6_nbr.c.obj)
 .text.dbg_update_neighbor_lladdr.constprop.0
                0x080088d8       0x28 zephyr/subsys/net/ip/libsubsys__net__ip.a(ipv6_nbr.c.obj)
 .text.nbr_lookup.constprop.0
                0x08008900       0x44 zephyr/subsys/net/ip/libsubsys__net__ip.a(ipv6_nbr.c.obj)
 .text.ipv6_nbr_set_state
                0x08008944       0x88 zephyr/subsys/net/ip/libsubsys__net__ip.a(ipv6_nbr.c.obj)
 .text.nbr_new  0x080089cc       0x88 zephyr/subsys/net/ip/libsubsys__net__ip.a(ipv6_nbr.c.obj)
 .text.net_ipv6_nbr_state2str
                0x08008a54       0x18 zephyr/subsys/net/ip/libsubsys__net__ip.a(ipv6_nbr.c.obj)
                0x08008a54                net_ipv6_nbr_state2str
 .text.net_ipv6_nbr_foreach
                0x08008a6c       0x18 zephyr/subsys/net/ip/libsubsys__net__ip.a(ipv6_nbr.c.obj)
                0x08008a6c                net_ipv6_nbr_foreach
 .text.net_ipv6_nbr_rm
                0x08008a84       0x30 zephyr/subsys/net/ip/libsubsys__net__ip.a(ipv6_nbr.c.obj)
                0x08008a84                net_ipv6_nbr_rm
 .text.add_nbr  0x08008ab4       0xbc zephyr/subsys/net/ip/libsubsys__net__ip.a(ipv6_nbr.c.obj)
 .text.net_ipv6_send_ns
                0x08008b70      0x1bc zephyr/subsys/net/ip/libsubsys__net__ip.a(ipv6_nbr.c.obj)
                0x08008b70                net_ipv6_send_ns
 .text.net_ipv6_nbr_add
                0x08008d2c       0x98 zephyr/subsys/net/ip/libsubsys__net__ip.a(ipv6_nbr.c.obj)
                0x08008d2c                net_ipv6_nbr_add
 .text.handle_ra_input
                0x08008dc4      0x508 zephyr/subsys/net/ip/libsubsys__net__ip.a(ipv6_nbr.c.obj)
 .text.ipv6_nd_reachable_timeout
                0x080092cc       0xdc zephyr/subsys/net/ip/libsubsys__net__ip.a(ipv6_nbr.c.obj)
 .text.net_ipv6_nbr_init
                0x080093a8       0x54 zephyr/subsys/net/ip/libsubsys__net__ip.a(ipv6_nbr.c.obj)
                0x080093a8                net_ipv6_nbr_init
 .text.net_ipv6_mld_join
                0x080093fc       0x94 zephyr/subsys/net/ip/libsubsys__net__ip.a(ipv6_mld.c.obj)
                0x080093fc                net_ipv6_mld_join
 .text.net_ipv6_mld_leave
                0x08009490       0x68 zephyr/subsys/net/ip/libsubsys__net__ip.a(ipv6_mld.c.obj)
                0x08009490                net_ipv6_mld_leave
 .text.net_ipv6_mld_init
                0x080094f8        0xc zephyr/subsys/net/ip/libsubsys__net__ip.a(ipv6_mld.c.obj)
                0x080094f8                net_ipv6_mld_init
 .text.nbr_new  0x08009504       0x60 zephyr/subsys/net/ip/libsubsys__net__ip.a(route.c.obj)
 .text.k_mutex_lock.constprop.0.isra.0
                0x08009564       0x10 zephyr/subsys/net/ip/libsubsys__net__ip.a(route.c.obj)
 .text.k_mutex_unlock.constprop.0.isra.0
                0x08009574        0xc zephyr/subsys/net/ip/libsubsys__net__ip.a(route.c.obj)
 .text.net_route_get_nbr
                0x08009580       0x44 zephyr/subsys/net/ip/libsubsys__net__ip.a(route.c.obj)
                0x08009580                net_route_get_nbr
 .text.net_route_lookup
                0x080095c4       0xb8 zephyr/subsys/net/ip/libsubsys__net__ip.a(route.c.obj)
                0x080095c4                net_route_lookup
 .text.net_route_update_lifetime
                0x0800967c       0x88 zephyr/subsys/net/ip/libsubsys__net__ip.a(route.c.obj)
                0x0800967c                net_route_update_lifetime
 .text.net_route_del
                0x08009704       0x94 zephyr/subsys/net/ip/libsubsys__net__ip.a(route.c.obj)
                0x08009704                net_route_del
 .text.route_lifetime_timeout
                0x08009798       0x90 zephyr/subsys/net/ip/libsubsys__net__ip.a(route.c.obj)
 .text.net_route_del_by_nexthop
                0x08009828       0x60 zephyr/subsys/net/ip/libsubsys__net__ip.a(route.c.obj)
                0x08009828                net_route_del_by_nexthop
 .text.net_route_add
                0x08009888      0x15c zephyr/subsys/net/ip/libsubsys__net__ip.a(route.c.obj)
                0x08009888                net_route_add
 .text.net_route_foreach
                0x080099e4       0x40 zephyr/subsys/net/ip/libsubsys__net__ip.a(route.c.obj)
                0x080099e4                net_route_foreach
 .text.net_route_init
                0x08009a24       0x10 zephyr/subsys/net/ip/libsubsys__net__ip.a(route.c.obj)
                0x08009a24                net_route_init
 .text.tcp_send
                0x08009a34       0x30 zephyr/subsys/net/ip/libsubsys__net__ip.a(tcp.c.obj)
 .text.tcp_send_timer_cancel
                0x08009a64       0x7c zephyr/subsys/net/ip/libsubsys__net__ip.a(tcp.c.obj)
 .text.tcp_send_process_no_lock
                0x08009ae0      0x118 zephyr/subsys/net/ip/libsubsys__net__ip.a(tcp.c.obj)
 .text.tcp_init_isn
                0x08009bf8       0xdc zephyr/subsys/net/ip/libsubsys__net__ip.a(tcp.c.obj)
 .text.tcp_conn_unref.isra.0
                0x08009cd4      0x198 zephyr/subsys/net/ip/libsubsys__net__ip.a(tcp.c.obj)
 .text.net_tcp_get
                0x08009e6c      0x178 zephyr/subsys/net/ip/libsubsys__net__ip.a(tcp.c.obj)
                0x08009e6c                net_tcp_get
 .text.net_tcp_accept
                0x08009fe4       0xbc zephyr/subsys/net/ip/libsubsys__net__ip.a(tcp.c.obj)
                0x08009fe4                net_tcp_accept
 .text.net_tcp_foreach
                0x0800a0a0       0x68 zephyr/subsys/net/ip/libsubsys__net__ip.a(tcp.c.obj)
                0x0800a0a0                net_tcp_foreach
 .text.tcp_out_ext
                0x0800a108      0x1f4 zephyr/subsys/net/ip/libsubsys__net__ip.a(tcp.c.obj)
 .text.tcp_send_zwp
                0x0800a2fc       0xa8 zephyr/subsys/net/ip/libsubsys__net__ip.a(tcp.c.obj)
 .text.net_tcp_put
                0x0800a3a4       0xb8 zephyr/subsys/net/ip/libsubsys__net__ip.a(tcp.c.obj)
                0x0800a3a4                net_tcp_put
 .text.tcp_resend_data
                0x0800a45c       0xe8 zephyr/subsys/net/ip/libsubsys__net__ip.a(tcp.c.obj)
 .text.tcp_data_get
                0x0800a544      0x104 zephyr/subsys/net/ip/libsubsys__net__ip.a(tcp.c.obj)
 .text.tcp_send_queued_data.part.0
                0x0800a648       0xb0 zephyr/subsys/net/ip/libsubsys__net__ip.a(tcp.c.obj)
 .text.net_tcp_queue_data
                0x0800a6f8      0x110 zephyr/subsys/net/ip/libsubsys__net__ip.a(tcp.c.obj)
                0x0800a6f8                net_tcp_queue_data
 .text.tcp_in   0x0800a808      0xc28 zephyr/subsys/net/ip/libsubsys__net__ip.a(tcp.c.obj)
 .text.net_tcp_connect
                0x0800b430      0x1d0 zephyr/subsys/net/ip/libsubsys__net__ip.a(tcp.c.obj)
                0x0800b430                net_tcp_connect
 .text.tcp_recv
                0x0800b600      0x1d4 zephyr/subsys/net/ip/libsubsys__net__ip.a(tcp.c.obj)
 .text.net_tcp_state_str
                0x0800b7d4       0x18 zephyr/subsys/net/ip/libsubsys__net__ip.a(tcp.c.obj)
                0x0800b7d4                net_tcp_state_str
 .text.net_tcp_init
                0x0800b7ec       0x50 zephyr/subsys/net/ip/libsubsys__net__ip.a(tcp.c.obj)
                0x0800b7ec                net_tcp_init
 .text.nbr_address_get
                0x0800b83c       0x50 zephyr/subsys/net/ip/libsubsys__net__ip.a(net_shell.c.obj)
 .text.nbr_address_cb
                0x0800b88c       0x34 zephyr/subsys/net/ip/libsubsys__net__ip.a(net_shell.c.obj)
 .text.cmd_net_websocket
                0x0800b8c0       0x24 zephyr/subsys/net/ip/libsubsys__net__ip.a(net_shell.c.obj)
 .text.cmd_net_vlan
                0x0800b8e4       0x24 zephyr/subsys/net/ip/libsubsys__net__ip.a(net_shell.c.obj)
 .text.cmd_net_virtual
                0x0800b908       0x24 zephyr/subsys/net/ip/libsubsys__net__ip.a(net_shell.c.obj)
 .text.tcp_sent_cb
                0x0800b92c       0x14 zephyr/subsys/net/ip/libsubsys__net__ip.a(net_shell.c.obj)
 .text.cmd_net_suspend
                0x0800b940       0x14 zephyr/subsys/net/ip/libsubsys__net__ip.a(net_shell.c.obj)
 .text.cmd_net_stats_all
                0x0800b954       0x24 zephyr/subsys/net/ip/libsubsys__net__ip.a(net_shell.c.obj)
 .text.cmd_net_stacks
                0x0800b978       0x14 zephyr/subsys/net/ip/libsubsys__net__ip.a(net_shell.c.obj)
 .text.cmd_net_ppp_status
                0x0800b98c       0x24 zephyr/subsys/net/ip/libsubsys__net__ip.a(net_shell.c.obj)
 .text.cmd_net_ppp_ping
                0x0800b9b0       0x24 zephyr/subsys/net/ip/libsubsys__net__ip.a(net_shell.c.obj)
 .text.cmd_net_set_mac
                0x0800b9d4       0x14 zephyr/subsys/net/ip/libsubsys__net__ip.a(net_shell.c.obj)
 .text.cmd_net_gptp_port
                0x0800b9e8       0x24 zephyr/subsys/net/ip/libsubsys__net__ip.a(net_shell.c.obj)
 .text.cmd_net_events_on
                0x0800ba0c       0x14 zephyr/subsys/net/ip/libsubsys__net__ip.a(net_shell.c.obj)
 .text.cmd_net_capture
                0x0800ba20       0x24 zephyr/subsys/net/ip/libsubsys__net__ip.a(net_shell.c.obj)
 .text.cmd_net_allocs
                0x0800ba44       0x24 zephyr/subsys/net/ip/libsubsys__net__ip.a(net_shell.c.obj)
 .text.get_iface_idx
                0x0800ba68       0x5c zephyr/subsys/net/ip/libsubsys__net__ip.a(net_shell.c.obj)
 .text.cmd_net_tcp_recv
                0x0800bac4       0x58 zephyr/subsys/net/ip/libsubsys__net__ip.a(net_shell.c.obj)
 .text.cmd_net_tcp_close
                0x0800bb1c       0x58 zephyr/subsys/net/ip/libsubsys__net__ip.a(net_shell.c.obj)
 .text.cmd_net_tcp_send
                0x0800bb74       0x7c zephyr/subsys/net/ip/libsubsys__net__ip.a(net_shell.c.obj)
 .text.cmd_net_route
                0x0800bbf0       0x18 zephyr/subsys/net/ip/libsubsys__net__ip.a(net_shell.c.obj)
 .text.cmd_net_ipv4
                0x0800bc08       0x74 zephyr/subsys/net/ip/libsubsys__net__ip.a(net_shell.c.obj)
 .text.cmd_net_ipv6
                0x0800bc7c       0xe8 zephyr/subsys/net/ip/libsubsys__net__ip.a(net_shell.c.obj)
 .text.cmd_net_iface
                0x0800bd64       0x44 zephyr/subsys/net/ip/libsubsys__net__ip.a(net_shell.c.obj)
 .text.cmd_net_ip6_route_del
                0x0800bda8       0x90 zephyr/subsys/net/ip/libsubsys__net__ip.a(net_shell.c.obj)
 .text.cmd_net_ip6_route_add
                0x0800be38       0xc4 zephyr/subsys/net/ip/libsubsys__net__ip.a(net_shell.c.obj)
 .text.cmd_net_mem
                0x0800befc       0xb0 zephyr/subsys/net/ip/libsubsys__net__ip.a(net_shell.c.obj)
 .text.ping_cleanup
                0x0800bfac       0x24 zephyr/subsys/net/ip/libsubsys__net__ip.a(net_shell.c.obj)
 .text.ping_done
                0x0800bfd0       0x20 zephyr/subsys/net/ip/libsubsys__net__ip.a(net_shell.c.obj)
 .text.handle_ipv4_echo_reply
                0x0800bff0      0x120 zephyr/subsys/net/ip/libsubsys__net__ip.a(net_shell.c.obj)
 .text.cmd_net_nbr_rm
                0x0800c110       0x74 zephyr/subsys/net/ip/libsubsys__net__ip.a(net_shell.c.obj)
 .text.cmd_net_ip_del
                0x0800c184       0x88 zephyr/subsys/net/ip/libsubsys__net__ip.a(net_shell.c.obj)
 .text.cmd_net_ip_add
                0x0800c20c       0x94 zephyr/subsys/net/ip/libsubsys__net__ip.a(net_shell.c.obj)
 .text.cmd_net_ip6_del
                0x0800c2a0       0x94 zephyr/subsys/net/ip/libsubsys__net__ip.a(net_shell.c.obj)
 .text.cmd_net_ip6_add
                0x0800c334       0x9c zephyr/subsys/net/ip/libsubsys__net__ip.a(net_shell.c.obj)
 .text.cmd_net_iface_down
                0x0800c3d0       0x5c zephyr/subsys/net/ip/libsubsys__net__ip.a(net_shell.c.obj)
 .text.cmd_net_dns_cancel
                0x0800c42c       0x58 zephyr/subsys/net/ip/libsubsys__net__ip.a(net_shell.c.obj)
 .text.cmd_net_conn
                0x0800c484       0x8c zephyr/subsys/net/ip/libsubsys__net__ip.a(net_shell.c.obj)
 .text.tcp_cb   0x0800c510       0x64 zephyr/subsys/net/ip/libsubsys__net__ip.a(net_shell.c.obj)
 .text.cmd_net_arp_flush
                0x0800c574       0x18 zephyr/subsys/net/ip/libsubsys__net__ip.a(net_shell.c.obj)
 .text.cmd_net_nbr
                0x0800c58c       0x34 zephyr/subsys/net/ip/libsubsys__net__ip.a(net_shell.c.obj)
 .text.cmd_net_udp_close
                0x0800c5c0       0x44 zephyr/subsys/net/ip/libsubsys__net__ip.a(net_shell.c.obj)
 .text.tcp_connected
                0x0800c604       0x40 zephyr/subsys/net/ip/libsubsys__net__ip.a(net_shell.c.obj)
 .text.ping_bypass
                0x0800c644       0x28 zephyr/subsys/net/ip/libsubsys__net__ip.a(net_shell.c.obj)
 .text.cmd_net_arp
                0x0800c66c       0x34 zephyr/subsys/net/ip/libsubsys__net__ip.a(net_shell.c.obj)
 .text.cmd_net_dns_query
                0x0800c6a0       0xb4 zephyr/subsys/net/ip/libsubsys__net__ip.a(net_shell.c.obj)
 .text.cmd_net_dns
                0x0800c754      0x100 zephyr/subsys/net/ip/libsubsys__net__ip.a(net_shell.c.obj)
 .text.udp_sent
                0x0800c854       0x24 zephyr/subsys/net/ip/libsubsys__net__ip.a(net_shell.c.obj)
 .text.cmd_net_udp_send
                0x0800c878      0x1a8 zephyr/subsys/net/ip/libsubsys__net__ip.a(net_shell.c.obj)
 .text.cmd_net_iface_up
                0x0800ca20       0x70 zephyr/subsys/net/ip/libsubsys__net__ip.a(net_shell.c.obj)
 .text.cmd_net_tcp_connect
                0x0800ca90      0x1f0 zephyr/subsys/net/ip/libsubsys__net__ip.a(net_shell.c.obj)
 .text.udp_rcvd
                0x0800cc80       0x6c zephyr/subsys/net/ip/libsubsys__net__ip.a(net_shell.c.obj)
 .text.tcp_recv_cb
                0x0800ccec       0x84 zephyr/subsys/net/ip/libsubsys__net__ip.a(net_shell.c.obj)
 .text.context_cb
                0x0800cd70      0x160 zephyr/subsys/net/ip/libsubsys__net__ip.a(net_shell.c.obj)
 .text.cmd_net_resume
                0x0800ced0       0x14 zephyr/subsys/net/ip/libsubsys__net__ip.a(net_shell.c.obj)
 .text.cmd_net_events_off
                0x0800cee4       0x14 zephyr/subsys/net/ip/libsubsys__net__ip.a(net_shell.c.obj)
 .text.cmd_net_events
                0x0800cef8       0x14 zephyr/subsys/net/ip/libsubsys__net__ip.a(net_shell.c.obj)
 .text.iface2str
                0x0800cf0c       0x38 zephyr/subsys/net/ip/libsubsys__net__ip.a(net_shell.c.obj)
 .text.iface_index_get
                0x0800cf44       0x78 zephyr/subsys/net/ip/libsubsys__net__ip.a(net_shell.c.obj)
 .text.ip_address_lifetime_cb
                0x0800cfbc       0xd4 zephyr/subsys/net/ip/libsubsys__net__ip.a(net_shell.c.obj)
 .text.iface_per_route_cb
                0x0800d090       0x50 zephyr/subsys/net/ip/libsubsys__net__ip.a(net_shell.c.obj)
 .text.parse_arg
                0x0800d0e0       0x60 zephyr/subsys/net/ip/libsubsys__net__ip.a(net_shell.c.obj)
 .text.cmd_net_ping
                0x0800d140      0x1e0 zephyr/subsys/net/ip/libsubsys__net__ip.a(net_shell.c.obj)
 .text.ping_work
                0x0800d320       0xb8 zephyr/subsys/net/ip/libsubsys__net__ip.a(net_shell.c.obj)
 .text.route_cb
                0x0800d3d8      0x108 zephyr/subsys/net/ip/libsubsys__net__ip.a(net_shell.c.obj)
 .text.handle_ipv6_echo_reply
                0x0800d4e0      0x120 zephyr/subsys/net/ip/libsubsys__net__ip.a(net_shell.c.obj)
 .text.cmd_net_udp_bind
                0x0800d600      0x168 zephyr/subsys/net/ip/libsubsys__net__ip.a(net_shell.c.obj)
 .text.dns_result_cb
                0x0800d768       0x9c zephyr/subsys/net/ip/libsubsys__net__ip.a(net_shell.c.obj)
 .text.address_lifetime_cb
                0x0800d804      0x158 zephyr/subsys/net/ip/libsubsys__net__ip.a(net_shell.c.obj)
 .text.iface_cb
                0x0800d95c      0x680 zephyr/subsys/net/ip/libsubsys__net__ip.a(net_shell.c.obj)
 .text.nbr_cb   0x0800dfdc      0x110 zephyr/subsys/net/ip/libsubsys__net__ip.a(net_shell.c.obj)
 .text.arp_cb   0x0800e0ec       0x6c zephyr/subsys/net/ip/libsubsys__net__ip.a(net_shell.c.obj)
 .text.cmd_net_pkt
                0x0800e158      0x18c zephyr/subsys/net/ip/libsubsys__net__ip.a(net_shell.c.obj)
 .text.services_notify_ready
                0x0800e2e4       0x28 zephyr/subsys/net/lib/config/libsubsys__net__lib__config.a(init.c.obj)
 .text.ipv4_addr_add_handler
                0x0800e30c       0x14 zephyr/subsys/net/lib/config/libsubsys__net__lib__config.a(init.c.obj)
 .text.iface_up_handler
                0x0800e320       0x28 zephyr/subsys/net/lib/config/libsubsys__net__lib__config.a(init.c.obj)
 .text.net_config_init_by_iface
                0x0800e348      0x158 zephyr/subsys/net/lib/config/libsubsys__net__lib__config.a(init.c.obj)
                0x0800e348                net_config_init_by_iface
 .text.net_config_init_app
                0x0800e4a0       0x34 zephyr/subsys/net/lib/config/libsubsys__net__lib__config.a(init.c.obj)
                0x0800e4a0                net_config_init_app
 .text.init_app
                0x0800e4d4       0x14 zephyr/subsys/net/lib/config/libsubsys__net__lib__config.a(init.c.obj)
 .text.dns_resolve_init_locked
                0x0800e4e8       0xf0 zephyr/subsys/net/lib/dns/libsubsys__net__lib__dns.a(resolve.c.obj)
 .text.dns_resolve_close_locked
                0x0800e5d8       0x5c zephyr/subsys/net/lib/dns/libsubsys__net__lib__dns.a(resolve.c.obj)
 .text.dns_write.constprop.0
                0x0800e634       0xe0 zephyr/subsys/net/lib/dns/libsubsys__net__lib__dns.a(resolve.c.obj)
 .text.dns_resolve_cancel_with_name
                0x0800e714       0x9c zephyr/subsys/net/lib/dns/libsubsys__net__lib__dns.a(resolve.c.obj)
                0x0800e714                dns_resolve_cancel_with_name
 .text.cb_recv  0x0800e7b0      0x34c zephyr/subsys/net/lib/dns/libsubsys__net__lib__dns.a(resolve.c.obj)
 .text.dns_resolve_name
                0x0800eafc      0x1bc zephyr/subsys/net/lib/dns/libsubsys__net__lib__dns.a(resolve.c.obj)
                0x0800eafc                dns_resolve_name
 .text.dns_resolve_get_default
                0x0800ecb8        0x8 zephyr/subsys/net/lib/dns/libsubsys__net__lib__dns.a(resolve.c.obj)
                0x0800ecb8                dns_resolve_get_default
 .text.dns_init_resolver
                0x0800ecc0       0x10 zephyr/subsys/net/lib/dns/libsubsys__net__lib__dns.a(resolve.c.obj)
                0x0800ecc0                dns_init_resolver
 .text.stm32_exti_isr
                0x0800ecd0       0x50 zephyr/drivers/interrupt_controller/libdrivers__interrupt_controller.a(intc_exti_stm32.c.obj)
 .text.stm32_fill_irq_table
                0x0800ed20       0x18 zephyr/drivers/interrupt_controller/libdrivers__interrupt_controller.a(intc_exti_stm32.c.obj)
 .text.stm32_exti_enable
                0x0800ed38       0x28 zephyr/drivers/interrupt_controller/libdrivers__interrupt_controller.a(intc_exti_stm32.c.obj)
                0x0800ed38                stm32_exti_enable
 .text.stm32_exti_set_callback
                0x0800ed60       0x34 zephyr/drivers/interrupt_controller/libdrivers__interrupt_controller.a(intc_exti_stm32.c.obj)
                0x0800ed60                stm32_exti_set_callback
 .text.stm32_exti_unset_callback
                0x0800ed94       0x14 zephyr/drivers/interrupt_controller/libdrivers__interrupt_controller.a(intc_exti_stm32.c.obj)
                0x0800ed94                stm32_exti_unset_callback
 .text.get_pllsrc_frequency
                0x0800eda8       0x1c zephyr/drivers/clock_control/libdrivers__clock_control.a(clock_stm32_ll_h7.c.obj)
 .text.stm32_clock_control_configure
                0x0800edc4       0x5c zephyr/drivers/clock_control/libdrivers__clock_control.a(clock_stm32_ll_h7.c.obj)
 .text.get_hclk_frequency
                0x0800ee20       0x2c zephyr/drivers/clock_control/libdrivers__clock_control.a(clock_stm32_ll_h7.c.obj)
 .text.stm32_clock_control_get_subsys_rate
                0x0800ee4c       0xc0 zephyr/drivers/clock_control/libdrivers__clock_control.a(clock_stm32_ll_h7.c.obj)
 .text.stm32_clock_control_init
                0x0800ef0c      0x1d8 zephyr/drivers/clock_control/libdrivers__clock_control.a(clock_stm32_ll_h7.c.obj)
 .text.uart_console_init
                0x0800f0e4       0x28 zephyr/drivers/console/libdrivers__console.a(uart_console.c.obj)
 .text.console_out
                0x0800f10c       0x28 zephyr/drivers/console/libdrivers__console.a(uart_console.c.obj)
 .text.start_pool_filling.constprop.0
                0x0800f134       0x38 zephyr/drivers/entropy/libdrivers__entropy.a(entropy_stm32.c.obj)
 .text.rng_pool_get
                0x0800f16c       0x98 zephyr/drivers/entropy/libdrivers__entropy.a(entropy_stm32.c.obj)
 .text.entropy_stm32_rng_get_entropy
                0x0800f204       0x58 zephyr/drivers/entropy/libdrivers__entropy.a(entropy_stm32.c.obj)
 .text.entropy_stm32_rng_init
                0x0800f25c       0xa8 zephyr/drivers/entropy/libdrivers__entropy.a(entropy_stm32.c.obj)
 .text.random_byte_get
                0x0800f304       0x64 zephyr/drivers/entropy/libdrivers__entropy.a(entropy_stm32.c.obj)
 .text.entropy_stm32_rng_get_entropy_isr
                0x0800f368       0xb0 zephyr/drivers/entropy/libdrivers__entropy.a(entropy_stm32.c.obj)
 .text.stm32_rng_isr
                0x0800f418       0x74 zephyr/drivers/entropy/libdrivers__entropy.a(entropy_stm32.c.obj)
 .text.gpio_stm32_init
                0x0800f48c       0x30 zephyr/drivers/gpio/libdrivers__gpio.a(gpio_stm32.c.obj)
 .text.gpio_stm32_pin_interrupt_configure
                0x0800f4bc      0x114 zephyr/drivers/gpio/libdrivers__gpio.a(gpio_stm32.c.obj)
 .text.print_all_reset_causes
                0x0800f5d0      0x118 zephyr/drivers/hwinfo/libdrivers__hwinfo.a(hwinfo_shell.c.obj)
 .text.cmd_show_reset_cause
                0x0800f6e8       0x60 zephyr/drivers/hwinfo/libdrivers__hwinfo.a(hwinfo_shell.c.obj)
 .text.cmd_supported_reset_cause
                0x0800f748       0x68 zephyr/drivers/hwinfo/libdrivers__hwinfo.a(hwinfo_shell.c.obj)
 .text.cmd_clear_reset_cause
                0x0800f7b0       0x3c zephyr/drivers/hwinfo/libdrivers__hwinfo.a(hwinfo_shell.c.obj)
 .text.cmd_get_device_id
                0x0800f7ec       0x94 zephyr/drivers/hwinfo/libdrivers__hwinfo.a(hwinfo_shell.c.obj)
 .text.z_impl_hwinfo_get_device_id
                0x0800f880       0x38 zephyr/drivers/hwinfo/libdrivers__hwinfo.a(hwinfo_stm32.c.obj)
                0x0800f880                z_impl_hwinfo_get_device_id
 .text.z_impl_hwinfo_get_reset_cause
                0x0800f8b8       0x68 zephyr/drivers/hwinfo/libdrivers__hwinfo.a(hwinfo_stm32.c.obj)
                0x0800f8b8                z_impl_hwinfo_get_reset_cause
 .text.z_impl_hwinfo_clear_reset_cause
                0x0800f920       0x24 zephyr/drivers/hwinfo/libdrivers__hwinfo.a(hwinfo_stm32.c.obj)
                0x0800f920                z_impl_hwinfo_clear_reset_cause
 .text.allocate_tx_buffer
                0x0800f944       0x2c zephyr/drivers/ethernet/libdrivers__ethernet.a(eth_stm32_hal.c.obj)
 .text.eth_iface_init
                0x0800f970       0x80 zephyr/drivers/ethernet/libdrivers__ethernet.a(eth_stm32_hal.c.obj)
 .text.rx_thread
                0x0800f9f0      0x114 zephyr/drivers/ethernet/libdrivers__ethernet.a(eth_stm32_hal.c.obj)
 .text.eth_initialize
                0x0800fb04      0x168 zephyr/drivers/ethernet/libdrivers__ethernet.a(eth_stm32_hal.c.obj)
 .text.HAL_ETH_RxAllocateCallback
                0x0800fc6c       0x38 zephyr/drivers/ethernet/libdrivers__ethernet.a(eth_stm32_hal.c.obj)
                0x0800fc6c                HAL_ETH_RxAllocateCallback
 .text.HAL_ETH_RxLinkCallback
                0x0800fca4       0x30 zephyr/drivers/ethernet/libdrivers__ethernet.a(eth_stm32_hal.c.obj)
                0x0800fca4                HAL_ETH_RxLinkCallback
 .text.HAL_ETH_TxFreeCallback
                0x0800fcd4       0x18 zephyr/drivers/ethernet/libdrivers__ethernet.a(eth_stm32_hal.c.obj)
                0x0800fcd4                HAL_ETH_TxFreeCallback
 .text.eth_tx   0x0800fcec      0x108 zephyr/drivers/ethernet/libdrivers__ethernet.a(eth_stm32_hal.c.obj)
 .text.pinctrl_configure_pins
                0x0800fdf4       0x84 zephyr/drivers/pinctrl/libdrivers__pinctrl.a(pinctrl_stm32.c.obj)
                0x0800fdf4                pinctrl_configure_pins
 .text.uart_stm32_irq_err_enable
                0x0800fe78       0x7c zephyr/drivers/serial/libdrivers__serial.a(uart_stm32.c.obj)
 .text.uart_stm32_irq_err_disable
                0x0800fef4       0x7c zephyr/drivers/serial/libdrivers__serial.a(uart_stm32.c.obj)
 .text.uart_stm32_init
                0x0800ff70      0x1c4 zephyr/drivers/serial/libdrivers__serial.a(uart_stm32.c.obj)
 .text.uart_stm32_configure
                0x08010134      0x180 zephyr/drivers/serial/libdrivers__serial.a(uart_stm32.c.obj)
 .text.elapsed  0x080102b4       0x3c zephyr/drivers/timer/libdrivers__timer.a(cortex_m_systick.c.obj)
 .text.sys_clock_driver_init
                0x080102f0       0x34 zephyr/drivers/timer/libdrivers__timer.a(cortex_m_systick.c.obj)
 .text.sys_clock_isr
                0x08010324       0x44 zephyr/drivers/timer/libdrivers__timer.a(cortex_m_systick.c.obj)
                0x08010324                sys_clock_isr
 .text.sys_clock_set_timeout
                0x08010368       0xe0 zephyr/drivers/timer/libdrivers__timer.a(cortex_m_systick.c.obj)
                0x08010368                sys_clock_set_timeout
 .text.sys_clock_elapsed
                0x08010448       0x3c zephyr/drivers/timer/libdrivers__timer.a(cortex_m_systick.c.obj)
                0x08010448                sys_clock_elapsed
 .text.sys_clock_cycle_get_32
                0x08010484       0x2c zephyr/drivers/timer/libdrivers__timer.a(cortex_m_systick.c.obj)
                0x08010484                sys_clock_cycle_get_32
 .text.HAL_SYSCFG_ETHInterfaceSelect
                0x080104b0       0x14 modules/stm32/stm32cube/lib..__modules__hal__stm32__stm32cube.a(stm32h7xx_hal.c.obj)
                0x080104b0                HAL_SYSCFG_ETHInterfaceSelect
 .text.HAL_RCC_GetSysClockFreq
                0x080104c4      0x158 modules/stm32/stm32cube/lib..__modules__hal__stm32__stm32cube.a(stm32h7xx_hal_rcc.c.obj)
                0x080104c4                HAL_RCC_GetSysClockFreq
 .text.HAL_RCC_GetHCLKFreq
                0x0801061c       0x44 modules/stm32/stm32cube/lib..__modules__hal__stm32__stm32cube.a(stm32h7xx_hal_rcc.c.obj)
                0x0801061c                HAL_RCC_GetHCLKFreq
 .text.ETH_SetDMAConfig
                0x08010660       0xa4 modules/stm32/stm32cube/lib..__modules__hal__stm32__stm32cube.a(stm32h7xx_hal_eth.c.obj)
 .text.ETH_Prepare_Tx_Descriptors
                0x08010704      0x318 modules/stm32/stm32cube/lib..__modules__hal__stm32__stm32cube.a(stm32h7xx_hal_eth.c.obj)
 .text.HAL_ETH_Start_IT
                0x08010a1c       0xc0 modules/stm32/stm32cube/lib..__modules__hal__stm32__stm32cube.a(stm32h7xx_hal_eth.c.obj)
                0x08010a1c                HAL_ETH_Start_IT
 .text.HAL_ETH_SetMDIOClockRange
                0x08010adc       0x78 modules/stm32/stm32cube/lib..__modules__hal__stm32__stm32cube.a(stm32h7xx_hal_eth.c.obj)
                0x08010adc                HAL_ETH_SetMDIOClockRange
 .text.HAL_ETH_Init
                0x08010b54      0x254 modules/stm32/stm32cube/lib..__modules__hal__stm32__stm32cube.a(stm32h7xx_hal_eth.c.obj)
                0x08010b54                HAL_ETH_Init
 .text.HAL_ETH_SetMACFilterConfig
                0x08010da8       0x68 modules/stm32/stm32cube/lib..__modules__hal__stm32__stm32cube.a(stm32h7xx_hal_eth.c.obj)
                0x08010da8                HAL_ETH_SetMACFilterConfig
 .text.LL_SetFlashLatency
                0x08010e10       0xec modules/stm32/stm32cube/lib..__modules__hal__stm32__stm32cube.a(stm32h7xx_ll_utils.c.obj)
                0x08010e10                LL_SetFlashLatency
 .text.mbedtls_platform_zeroize
                0x08010efc       0x14 modules/mbedtls/libmbedTLSBase.a(platform_util.c.obj)
                0x08010efc                mbedtls_platform_zeroize
 .text.mbedtls_internal_md5_process
                0x08010f10      0x74c modules/mbedtls/libmbedTLSBase.a(md5.c.obj)
                0x08010f10                mbedtls_internal_md5_process
 .text.mbedtls_md5
                0x0801165c       0x5c modules/mbedtls/libmbedTLSBase.a(md5.c.obj)
                0x0801165c                mbedtls_md5
 .text.device_visitor
                0x080116b8       0x58 zephyr/kernel/libkernel.a(device.c.obj)
 .text.z_device_get_all_static
                0x08011710       0x18 zephyr/kernel/libkernel.a(device.c.obj)
                0x08011710                z_device_get_all_static
 .text.z_impl_z_errno
                0x08011728        0xc zephyr/kernel/libkernel.a(errno.c.obj)
                0x08011728                z_impl_z_errno
 .text.z_sys_init_run_level
                0x08011734       0x48 zephyr/kernel/libkernel.a(init.c.obj)
 .text.bg_thread_main
                0x0801177c       0x34 zephyr/kernel/libkernel.a(init.c.obj)
 .text.z_bss_zero
                0x080117b0       0x2c zephyr/kernel/libkernel.a(init.c.obj)
                0x080117b0                z_bss_zero
 .text.z_init_cpu
                0x080117dc       0x94 zephyr/kernel/libkernel.a(init.c.obj)
                0x080117dc                z_init_cpu
 .text.z_cstart
                0x08011870       0xd0 zephyr/kernel/libkernel.a(init.c.obj)
                0x08011870                z_cstart
 .text.statics_init
                0x08011940       0x24 zephyr/kernel/libkernel.a(kheap.c.obj)
 .text.init_mem_slab_module
                0x08011964       0x24 zephyr/kernel/libkernel.a(mem_slab.c.obj)
 .text.k_mem_slab_alloc
                0x08011988       0x5c zephyr/kernel/libkernel.a(mem_slab.c.obj)
                0x08011988                k_mem_slab_alloc
 .text.k_thread_foreach
                0x080119e4       0x34 zephyr/kernel/libkernel.a(thread.c.obj)
                0x080119e4                k_thread_foreach
 .text.z_thread_monitor_exit
                0x08011a18       0x3c zephyr/kernel/libkernel.a(thread.c.obj)
                0x08011a18                z_thread_monitor_exit
 .text.z_impl_k_thread_name_set
                0x08011a54       0x20 zephyr/kernel/libkernel.a(thread.c.obj)
                0x08011a54                z_impl_k_thread_name_set
 .text.k_thread_state_str
                0x08011a74       0x98 zephyr/kernel/libkernel.a(thread.c.obj)
                0x08011a74                k_thread_state_str
 .text.z_setup_new_thread
                0x08011b0c       0xd0 zephyr/kernel/libkernel.a(thread.c.obj)
                0x08011b0c                z_setup_new_thread
 .text.z_impl_k_thread_create
                0x08011bdc       0x58 zephyr/kernel/libkernel.a(thread.c.obj)
                0x08011bdc                z_impl_k_thread_create
 .text.z_init_static_threads
                0x08011c34       0x94 zephyr/kernel/libkernel.a(thread.c.obj)
                0x08011c34                z_init_static_threads
 .text.z_impl_k_msgq_put
                0x08011cc8       0xac zephyr/kernel/libkernel.a(msg_q.c.obj)
                0x08011cc8                z_impl_k_msgq_put
 .text.z_impl_k_msgq_get
                0x08011d74       0xb4 zephyr/kernel/libkernel.a(msg_q.c.obj)
                0x08011d74                z_impl_k_msgq_get
 .text.z_impl_k_mutex_lock
                0x08011e28       0xf4 zephyr/kernel/libkernel.a(mutex.c.obj)
                0x08011e28                z_impl_k_mutex_lock
 .text.z_impl_k_mutex_unlock
                0x08011f1c       0x7c zephyr/kernel/libkernel.a(mutex.c.obj)
                0x08011f1c                z_impl_k_mutex_unlock
 .text.z_impl_k_queue_get
                0x08011f98       0x68 zephyr/kernel/libkernel.a(queue.c.obj)
                0x08011f98                z_impl_k_queue_get
 .text.z_impl_k_sem_give
                0x08012000       0x4c zephyr/kernel/libkernel.a(sem.c.obj)
                0x08012000                z_impl_k_sem_give
 .text.z_impl_k_sem_take
                0x0801204c       0x50 zephyr/kernel/libkernel.a(sem.c.obj)
                0x0801204c                z_impl_k_sem_take
 .text.z_impl_k_sem_reset
                0x0801209c       0x48 zephyr/kernel/libkernel.a(sem.c.obj)
                0x0801209c                z_impl_k_sem_reset
 .text.work_queue_main
                0x080120e4      0x12c zephyr/kernel/libkernel.a(work.c.obj)
 .text.cancel_sync_locked
                0x08012210       0x3c zephyr/kernel/libkernel.a(work.c.obj)
 .text.submit_to_queue_locked
                0x0801224c       0xa0 zephyr/kernel/libkernel.a(work.c.obj)
 .text.k_work_submit
                0x080122ec        0xc zephyr/kernel/libkernel.a(work.c.obj)
                0x080122ec                k_work_submit
 .text.k_work_queue_start
                0x080122f8       0x70 zephyr/kernel/libkernel.a(work.c.obj)
                0x080122f8                k_work_queue_start
 .text.k_work_schedule_for_queue
                0x08012368       0x58 zephyr/kernel/libkernel.a(work.c.obj)
                0x08012368                k_work_schedule_for_queue
 .text.k_work_reschedule_for_queue
                0x080123c0       0x5c zephyr/kernel/libkernel.a(work.c.obj)
                0x080123c0                k_work_reschedule_for_queue
 .text.k_work_reschedule
                0x0801241c        0xc zephyr/kernel/libkernel.a(work.c.obj)
                0x0801241c                k_work_reschedule
 .text.sliceable
                0x08012428       0x3c zephyr/kernel/libkernel.a(sched.c.obj)
 .text.slice_timeout
                0x08012464       0x20 zephyr/kernel/libkernel.a(sched.c.obj)
 .text.z_reset_time_slice
                0x08012484       0x50 zephyr/kernel/libkernel.a(sched.c.obj)
                0x08012484                z_reset_time_slice
 .text.z_reschedule
                0x080124d4       0x24 zephyr/kernel/libkernel.a(sched.c.obj)
                0x080124d4                z_reschedule
 .text.k_sched_lock
                0x080124f8       0x28 zephyr/kernel/libkernel.a(sched.c.obj)
                0x080124f8                k_sched_lock
 .text.update_cache
                0x08012520       0x40 zephyr/kernel/libkernel.a(sched.c.obj)
 .text.move_thread_to_end_of_prio_q
                0x08012560       0x78 zephyr/kernel/libkernel.a(sched.c.obj)
 .text.z_time_slice
                0x080125d8       0x60 zephyr/kernel/libkernel.a(sched.c.obj)
                0x080125d8                z_time_slice
 .text.ready_thread
                0x08012638       0x6c zephyr/kernel/libkernel.a(sched.c.obj)
 .text.z_sched_start
                0x080126a4       0x3c zephyr/kernel/libkernel.a(sched.c.obj)
                0x080126a4                z_sched_start
 .text.unready_thread
                0x080126e0       0x30 zephyr/kernel/libkernel.a(sched.c.obj)
 .text.pend_locked
                0x08012710       0x30 zephyr/kernel/libkernel.a(sched.c.obj)
 .text.z_pend_curr
                0x08012740       0x3c zephyr/kernel/libkernel.a(sched.c.obj)
                0x08012740                z_pend_curr
 .text.z_set_prio
                0x0801277c       0x90 zephyr/kernel/libkernel.a(sched.c.obj)
                0x0801277c                z_set_prio
 .text.z_impl_k_thread_suspend
                0x0801280c       0x64 zephyr/kernel/libkernel.a(sched.c.obj)
                0x0801280c                z_impl_k_thread_suspend
 .text.k_sched_unlock
                0x08012870       0x38 zephyr/kernel/libkernel.a(sched.c.obj)
                0x08012870                k_sched_unlock
 .text.z_sched_init
                0x080128a8       0x10 zephyr/kernel/libkernel.a(sched.c.obj)
                0x080128a8                z_sched_init
 .text.z_impl_k_yield
                0x080128b8       0x80 zephyr/kernel/libkernel.a(sched.c.obj)
                0x080128b8                z_impl_k_yield
 .text.z_tick_sleep
                0x08012938       0x90 zephyr/kernel/libkernel.a(sched.c.obj)
 .text.z_impl_k_sleep
                0x080129c8       0x30 zephyr/kernel/libkernel.a(sched.c.obj)
                0x080129c8                z_impl_k_sleep
 .text.z_impl_z_current_get
                0x080129f8        0xc zephyr/kernel/libkernel.a(sched.c.obj)
                0x080129f8                z_impl_z_current_get
 .text.z_thread_abort
                0x08012a04       0xc8 zephyr/kernel/libkernel.a(sched.c.obj)
                0x08012a04                z_thread_abort
 .text.z_sched_wait
                0x08012acc       0x24 zephyr/kernel/libkernel.a(sched.c.obj)
                0x08012acc                z_sched_wait
 .text.z_data_copy
                0x08012af0       0x4c zephyr/kernel/libkernel.a(xip.c.obj)
                0x08012af0                z_data_copy
 .text.elapsed  0x08012b3c       0x14 zephyr/kernel/libkernel.a(timeout.c.obj)
 .text.next_timeout
                0x08012b50       0x3c zephyr/kernel/libkernel.a(timeout.c.obj)
 .text.remove_timeout
                0x08012b8c       0x38 zephyr/kernel/libkernel.a(timeout.c.obj)
 .text.timeout_rem
                0x08012bc4       0x4c zephyr/kernel/libkernel.a(timeout.c.obj)
 .text.z_add_timeout
                0x08012c10       0xe4 zephyr/kernel/libkernel.a(timeout.c.obj)
                0x08012c10                z_add_timeout
 .text.sys_clock_announce
                0x08012cf4       0xd4 zephyr/kernel/libkernel.a(timeout.c.obj)
                0x08012cf4                sys_clock_announce
 .text.sys_clock_tick_get
                0x08012dc8       0x34 zephyr/kernel/libkernel.a(timeout.c.obj)
                0x08012dc8                sys_clock_tick_get
 .text.z_impl_k_busy_wait
                0x08012dfc       0x30 zephyr/kernel/libkernel.a(timeout.c.obj)
                0x08012dfc                z_impl_k_busy_wait
 .text.z_impl_k_poll
                0x08012e2c       0xb8 zephyr/kernel/libkernel.a(poll.c.obj)
                0x08012e2c                z_impl_k_poll
 .text.z_impl_k_poll_signal_raise
                0x08012ee4       0x50 zephyr/kernel/libkernel.a(poll.c.obj)
                0x08012ee4                z_impl_k_poll_signal_raise
 .text.z_thread_aligned_alloc
                0x08012f34       0x40 zephyr/kernel/libkernel.a(mempool.c.obj)
                0x08012f34                z_thread_aligned_alloc
 .text.boot_banner
                0x08012f74        0xc zephyr/kernel/libkernel.a(banner.c.obj)
                0x08012f74                boot_banner
 .text.k_sys_work_q_init
                0x08012f80       0x34 zephyr/kernel/libkernel.a(system_work_q.c.obj)
 .text._OffsetAbsSyms
                0x08012fb4        0x2 zephyr/CMakeFiles/offsets.dir/./arch/arm/core/offsets/offsets.c.obj
                0x08012fb4                _OffsetAbsSyms
 .text.ipv4_addr_add_handler
                0x08012fb6        0x2 app/libapp.a(telnet.c.obj)
 .text.char2hex
                0x08012fb8       0x30 zephyr/libzephyr.a(hex.c.obj)
                0x08012fb8                char2hex
 .text.hex2bin  0x08012fe8       0x6e zephyr/libzephyr.a(hex.c.obj)
                0x08012fe8                hex2bin
 .text.arch_printk_char_out
                0x08013056        0x4 zephyr/libzephyr.a(printk.c.obj)
                0x08013056                arch_printk_char_out
 .text.str_out  0x0801305a       0x24 zephyr/libzephyr.a(printk.c.obj)
 .text.printk   0x0801307e       0x1a zephyr/libzephyr.a(printk.c.obj)
                0x0801307e                printk
 .text.snprintk
                0x08013098       0x1a zephyr/libzephyr.a(printk.c.obj)
                0x08013098                snprintk
 .text.z_thread_entry
                0x080130b2       0x14 zephyr/libzephyr.a(thread_entry.c.obj)
                0x080130b2                z_thread_entry
 .text.chunk_field
                0x080130c6       0x16 zephyr/libzephyr.a(heap.c.obj)
 .text.chunk_set
                0x080130dc       0x16 zephyr/libzephyr.a(heap.c.obj)
 .text.chunk_size
                0x080130f2        0xc zephyr/libzephyr.a(heap.c.obj)
 .text.set_chunk_used
                0x080130fe       0x30 zephyr/libzephyr.a(heap.c.obj)
 .text.set_chunk_size
                0x0801312e        0x8 zephyr/libzephyr.a(heap.c.obj)
 .text.mem_to_chunkid
                0x08013136       0x14 zephyr/libzephyr.a(heap.c.obj)
 .text.bucket_idx.isra.0
                0x0801314a       0x1e zephyr/libzephyr.a(heap.c.obj)
 .text.free_list_remove_bidx
                0x08013168       0x5e zephyr/libzephyr.a(heap.c.obj)
 .text.free_list_remove
                0x080131c6       0x2e zephyr/libzephyr.a(heap.c.obj)
 .text.alloc_chunk
                0x080131f4       0x74 zephyr/libzephyr.a(heap.c.obj)
 .text.split_chunks
                0x08013268       0x4e zephyr/libzephyr.a(heap.c.obj)
 .text.merge_chunks
                0x080132b6       0x3c zephyr/libzephyr.a(heap.c.obj)
 .text.free_list_add
                0x080132f2       0x86 zephyr/libzephyr.a(heap.c.obj)
 .text.free_chunk
                0x08013378       0x84 zephyr/libzephyr.a(heap.c.obj)
 .text.sys_heap_free
                0x080133fc       0x24 zephyr/libzephyr.a(heap.c.obj)
                0x080133fc                sys_heap_free
 .text.sys_heap_alloc
                0x08013420       0x70 zephyr/libzephyr.a(heap.c.obj)
                0x08013420                sys_heap_alloc
 .text.sys_heap_aligned_alloc
                0x08013490       0xfa zephyr/libzephyr.a(heap.c.obj)
                0x08013490                sys_heap_aligned_alloc
 .text.sys_heap_init
                0x0801358a       0xa4 zephyr/libzephyr.a(heap.c.obj)
                0x0801358a                sys_heap_init
 .text.crc16_reflect
                0x0801362e       0x2a zephyr/libzephyr.a(crc16_sw.c.obj)
                0x0801362e                crc16_reflect
 .text.encode_uint
                0x08013658       0x8c zephyr/libzephyr.a(cbprintf_complete.c.obj)
 .text.outs     0x080136e4       0x2c zephyr/libzephyr.a(cbprintf_complete.c.obj)
 .text.ring_buf_put_claim
                0x08013710       0x42 zephyr/libzephyr.a(ring_buffer.c.obj)
                0x08013710                ring_buf_put_claim
 .text.ring_buf_put_finish
                0x08013752       0x28 zephyr/libzephyr.a(ring_buffer.c.obj)
                0x08013752                ring_buf_put_finish
 .text.ring_buf_put
                0x0801377a       0x3e zephyr/libzephyr.a(ring_buffer.c.obj)
                0x0801377a                ring_buf_put
 .text.ring_buf_get_claim
                0x080137b8       0x42 zephyr/libzephyr.a(ring_buffer.c.obj)
                0x080137b8                ring_buf_get_claim
 .text.ring_buf_get_finish
                0x080137fa       0x28 zephyr/libzephyr.a(ring_buffer.c.obj)
                0x080137fa                ring_buf_get_finish
 .text.ring_buf_get
                0x08013822       0x40 zephyr/libzephyr.a(ring_buffer.c.obj)
                0x08013822                ring_buf_get
 .text._ConfigAbsSyms
                0x08013862        0x2 zephyr/libzephyr.a(configs.c.obj)
                0x08013862                _ConfigAbsSyms
 .text.HAL_GetTick
                0x08013864       0x10 zephyr/libzephyr.a(stm32cube_hal.c.obj)
                0x08013864                HAL_GetTick
 .text.st_stm32_common_config
                0x08013874        0x4 zephyr/libzephyr.a(soc_config.c.obj)
 .text.uart_irq_tx_disable
                0x08013878        0xa zephyr/libzephyr.a(shell_uart.c.obj)
 .text.enable   0x08013882       0x16 zephyr/libzephyr.a(shell_uart.c.obj)
 .text.read     0x08013898       0x12 zephyr/libzephyr.a(shell_uart.c.obj)
 .text.uninit   0x080138aa       0x22 zephyr/libzephyr.a(shell_uart.c.obj)
 .text.write    0x080138cc       0x6e zephyr/libzephyr.a(shell_uart.c.obj)
 .text.uart_callback
                0x0801393a       0xdc zephyr/libzephyr.a(shell_uart.c.obj)
 .text.telnet_send_prematurely
                0x08013a16        0x4 zephyr/libzephyr.a(shell_telnet.c.obj)
 .text.telnet_sent_cb
                0x08013a1a        0xa zephyr/libzephyr.a(shell_telnet.c.obj)
 .text.cmd_buffer_clear
                0x08013a24       0x12 zephyr/libzephyr.a(shell.c.obj)
 .text.atomic_or
                0x08013a36       0x1e zephyr/libzephyr.a(shell.c.obj)
 .text.atomic_and
                0x08013a54       0x1e zephyr/libzephyr.a(shell.c.obj)
 .text.shell_signal_handle
                0x08013a72       0x2c zephyr/libzephyr.a(shell.c.obj)
 .text.z_shell_strlen
                0x08013a9e        0xc zephyr/libzephyr.a(shell.c.obj)
 .text.z_shell_raw_fprintf
                0x08013aaa       0x1a zephyr/libzephyr.a(shell.c.obj)
 .text.k_mutex_lock.constprop.0.isra.0
                0x08013ac4        0x4 zephyr/libzephyr.a(shell.c.obj)
 .text.transport_evt_handler
                0x08013ac8       0x14 zephyr/libzephyr.a(shell.c.obj)
 .text.kill_handler
                0x08013adc       0x4a zephyr/libzephyr.a(shell.c.obj)
 .text.z_flag_cmd_ctx_set.isra.0
                0x08013b26       0x16 zephyr/libzephyr.a(shell.c.obj)
 .text.z_flag_history_exit_set.isra.0
                0x08013b3c       0x14 zephyr/libzephyr.a(shell.c.obj)
 .text.z_flag_insert_mode_set.isra.0
                0x08013b50       0x1e zephyr/libzephyr.a(shell.c.obj)
 .text.k_mutex_unlock.isra.0
                0x08013b6e        0x4 zephyr/libzephyr.a(shell.c.obj)
 .text.shell_vfprintf
                0x08013b72       0x8a zephyr/libzephyr.a(shell.c.obj)
                0x08013b72                shell_vfprintf
 .text.shell_fprintf
                0x08013bfc       0x1a zephyr/libzephyr.a(shell.c.obj)
                0x08013bfc                shell_fprintf
 .text.shell_hexdump
                0x08013c16       0x32 zephyr/libzephyr.a(shell.c.obj)
                0x08013c16                shell_hexdump
 .text.shell_prompt_change
                0x08013c48       0x20 zephyr/libzephyr.a(shell.c.obj)
                0x08013c48                shell_prompt_change
 .text.shell_get_return_value
                0x08013c68       0x10 zephyr/libzephyr.a(shell.c.obj)
                0x08013c68                shell_get_return_value
 .text.shell_echo_set
                0x08013c78       0x28 zephyr/libzephyr.a(shell.c.obj)
                0x08013c78                shell_echo_set
 .text.shell_set_bypass
                0x08013ca0        0xc zephyr/libzephyr.a(shell.c.obj)
                0x08013ca0                shell_set_bypass
 .text.z_shell_fprintf_buffer_flush
                0x08013cac       0x18 zephyr/libzephyr.a(shell_fprintf.c.obj)
                0x08013cac                z_shell_fprintf_buffer_flush
 .text.out_func
                0x08013cc4       0x3c zephyr/libzephyr.a(shell_fprintf.c.obj)
 .text.isspace  0x08013d00       0x14 zephyr/libzephyr.a(shell_utils.c.obj)
 .text.z_shell_strlen
                0x08013d14        0xc zephyr/libzephyr.a(shell_utils.c.obj)
 .text.z_errno  0x08013d20        0x4 zephyr/libzephyr.a(shell_utils.c.obj)
 .text.z_column_span_with_buffer_offsets_get
                0x08013d24       0x1e zephyr/libzephyr.a(shell_utils.c.obj)
                0x08013d24                z_column_span_with_buffer_offsets_get
 .text.z_row_span_with_buffer_offsets_get
                0x08013d42       0x16 zephyr/libzephyr.a(shell_utils.c.obj)
                0x08013d42                z_row_span_with_buffer_offsets_get
 .text.z_shell_multiline_data_calc
                0x08013d58       0x2c zephyr/libzephyr.a(shell_utils.c.obj)
                0x08013d58                z_shell_multiline_data_calc
 .text.z_shell_make_argv
                0x08013d84      0x18a zephyr/libzephyr.a(shell_utils.c.obj)
                0x08013d84                z_shell_make_argv
 .text.z_shell_pattern_remove
                0x08013f0e       0x4e zephyr/libzephyr.a(shell_utils.c.obj)
                0x08013f0e                z_shell_pattern_remove
 .text.z_shell_find_cmd
                0x08013f5c       0x40 zephyr/libzephyr.a(shell_utils.c.obj)
                0x08013f5c                z_shell_find_cmd
 .text.z_shell_get_last_command
                0x08013f9c       0x5c zephyr/libzephyr.a(shell_utils.c.obj)
                0x08013f9c                z_shell_get_last_command
 .text.z_shell_spaces_trim
                0x08013ff8       0x66 zephyr/libzephyr.a(shell_utils.c.obj)
                0x08013ff8                z_shell_spaces_trim
 .text.z_shell_cmd_trim
                0x0801405e       0x64 zephyr/libzephyr.a(shell_utils.c.obj)
                0x0801405e                z_shell_cmd_trim
 .text.shell_strtoul
                0x080140c2       0x5a zephyr/libzephyr.a(shell_utils.c.obj)
                0x080140c2                shell_strtoul
 .text.z_shell_raw_fprintf