Archive member included to satisfy reference by file (symbol)

app/libapp.a(main.c.obj)      (--whole-archive)
zephyr/libzephyr.a(cbprintf_packaged.c.obj)
                              (--whole-archive)
zephyr/libzephyr.a(dec.c.obj)
                              (--whole-archive)
zephyr/libzephyr.a(fdtable.c.obj)
                              (--whole-archive)
zephyr/libzephyr.a(hex.c.obj)
                              (--whole-archive)
zephyr/libzephyr.a(printk.c.obj)
                              (--whole-archive)
zephyr/libzephyr.a(rb.c.obj)  (--whole-archive)
zephyr/libzephyr.a(sem.c.obj)
                              (--whole-archive)
zephyr/libzephyr.a(thread_entry.c.obj)
                              (--whole-archive)
zephyr/libzephyr.a(timeutil.c.obj)
                              (--whole-archive)
zephyr/libzephyr.a(heap.c.obj)
                              (--whole-archive)
zephyr/libzephyr.a(heap-validate.c.obj)
                              (--whole-archive)
zephyr/libzephyr.a(bitarray.c.obj)
                              (--whole-archive)
zephyr/libzephyr.a(multi_heap.c.obj)
                              (--whole-archive)
zephyr/libzephyr.a(crc32c_sw.c.obj)
                              (--whole-archive)
zephyr/libzephyr.a(crc32_sw.c.obj)
                              (--whole-archive)
zephyr/libzephyr.a(crc16_sw.c.obj)
                              (--whole-archive)
zephyr/libzephyr.a(crc8_sw.c.obj)
                              (--whole-archive)
zephyr/libzephyr.a(crc7_sw.c.obj)
                              (--whole-archive)
zephyr/libzephyr.a(cbprintf_complete.c.obj)
                              (--whole-archive)
zephyr/libzephyr.a(cbprintf.c.obj)
                              (--whole-archive)
zephyr/libzephyr.a(assert.c.obj)
                              (--whole-archive)
zephyr/libzephyr.a(configs.c.obj)
                              (--whole-archive)
zephyr/libzephyr.a(soc_m7.c.obj)
                              (--whole-archive)
zephyr/libzephyr.a(mpu_regions.c.obj)
                              (--whole-archive)
zephyr/libzephyr.a(stm32cube_hal.c.obj)
                              (--whole-archive)
zephyr/libzephyr.a(soc_config.c.obj)
                              (--whole-archive)
zephyr/libzephyr.a(tracing_none.c.obj)
                              (--whole-archive)
zephyr/arch/common/libarch__common.a(sw_isr_common.c.obj)
                              (--whole-archive)
zephyr/arch/arch/arm/core/aarch32/libarch__arm__core__aarch32.a(cpu_idle.S.obj)
                              (--whole-archive)
zephyr/arch/arch/arm/core/aarch32/libarch__arm__core__aarch32.a(fatal.c.obj)
                              (--whole-archive)
zephyr/arch/arch/arm/core/aarch32/libarch__arm__core__aarch32.a(irq_manage.c.obj)
                              (--whole-archive)
zephyr/arch/arch/arm/core/aarch32/libarch__arm__core__aarch32.a(nmi.c.obj)
                              (--whole-archive)
zephyr/arch/arch/arm/core/aarch32/libarch__arm__core__aarch32.a(nmi_on_reset.S.obj)
                              (--whole-archive)
zephyr/arch/arch/arm/core/aarch32/libarch__arm__core__aarch32.a(prep_c.c.obj)
                              (--whole-archive)
zephyr/arch/arch/arm/core/aarch32/libarch__arm__core__aarch32.a(swap.c.obj)
                              (--whole-archive)
zephyr/arch/arch/arm/core/aarch32/libarch__arm__core__aarch32.a(swap_helper.S.obj)
                              (--whole-archive)
zephyr/arch/arch/arm/core/aarch32/libarch__arm__core__aarch32.a(thread.c.obj)
                              (--whole-archive)
zephyr/arch/arch/arm/core/aarch32/libarch__arm__core__aarch32.a(isr_wrapper.S.obj)
                              (--whole-archive)
zephyr/arch/arch/arm/core/aarch32/cortex_m/libarch__arm__core__aarch32__cortex_m.a(exc_exit.S.obj)
                              (--whole-archive)
zephyr/arch/arch/arm/core/aarch32/cortex_m/libarch__arm__core__aarch32__cortex_m.a(fault.c.obj)
                              (--whole-archive)
zephyr/arch/arch/arm/core/aarch32/cortex_m/libarch__arm__core__aarch32__cortex_m.a(fault_s.S.obj)
                              (--whole-archive)
zephyr/arch/arch/arm/core/aarch32/cortex_m/libarch__arm__core__aarch32__cortex_m.a(fpu.c.obj)
                              (--whole-archive)
zephyr/arch/arch/arm/core/aarch32/cortex_m/libarch__arm__core__aarch32__cortex_m.a(irq_init.c.obj)
                              (--whole-archive)
zephyr/arch/arch/arm/core/aarch32/cortex_m/libarch__arm__core__aarch32__cortex_m.a(reset.S.obj)
                              (--whole-archive)
zephyr/arch/arch/arm/core/aarch32/cortex_m/libarch__arm__core__aarch32__cortex_m.a(scb.c.obj)
                              (--whole-archive)
zephyr/arch/arch/arm/core/aarch32/cortex_m/libarch__arm__core__aarch32__cortex_m.a(thread_abort.c.obj)
                              (--whole-archive)
[...]
Memory Configuration

Name             Origin             Length             Attributes
FLASH            0x08000000         0x00200000         xr
RAM              0x24000000         0x00080000         xw
QSPI             0x90000000         0x10000000
SRAM1            0x30000000         0x00020000
SRAM2            0x30020000         0x00020000
SRAM3            0x30040000         0x00008000
SRAM4            0x38000000         0x00010000
DTCM             0x20000000         0x00020000
IDT_LIST         0xfffff7ff         0x00000800         xw
*default*        0x00000000         0xffffffff

Linker script and memory map

LOAD zephyr/CMakeFiles/zephyr_pre1.dir/misc/empty_file.c.obj
LOAD zephyr/CMakeFiles/zephyr_pre1.dir/dev_handles.c.obj
LOAD zephyr/CMakeFiles/offsets.dir/./arch/arm/core/offsets/offsets.c.obj
                0x00000020                _region_min_align = 0x20

.rel.plt        0x08000000        0x0
 *(SORT_BY_ALIGNMENT(.rel.plt))
                [!provide]                PROVIDE (__rel_iplt_start = .)
 *(SORT_BY_ALIGNMENT(.rel.iplt))
 .rel.iplt      0x08000000        0x0 app/libapp.a(main.c.obj)
                [!provide]                PROVIDE (__rel_iplt_end = .)

.rela.plt       0x00000000        0x0
 *(SORT_BY_ALIGNMENT(.rela.plt))
                [!provide]                PROVIDE (__rela_iplt_start = .)
 *(SORT_BY_ALIGNMENT(.rela.iplt))
                [!provide]                PROVIDE (__rela_iplt_end = .)

.rel.dyn
 *(SORT_BY_ALIGNMENT(.rel.*))

.rela.dyn
 *(SORT_BY_ALIGNMENT(.rela.*))

/DISCARD/
 *(SORT_BY_ALIGNMENT(.plt))

/DISCARD/
 *(SORT_BY_ALIGNMENT(.iplt))
                0x08000000                __rom_region_start = 0x8000000

rom_start       0x08000000      0x298
                0x00000000                . = 0x0
                0x00000000                . = ALIGN (0x4)
                0x00000000                . = ALIGN (0x80)
                0x00000000                . = ALIGN (0x400)
                0x08000000                _vector_start = .
 *(SORT_BY_ALIGNMENT(.exc_vector_table))
 *(SORT_BY_ALIGNMENT(.exc_vector_table.*))
 .exc_vector_table._vector_table_section
                0x08000000       0x40 zephyr/arch/arch/arm/core/aarch32/cortex_m/libarch__arm__core__aarch32__cortex_m.a(vector_table.S.obj)
                0x08000000                _vector_table
 *(SORT_BY_ALIGNMENT(.vectors))
                0x08000298                _vector_end = .
                0x08000040                . = ALIGN (0x4)
 *(SORT_BY_ALIGNMENT(.gnu.linkonce.irq_vector_table*))
 .gnu.linkonce.irq_vector_table
                0x08000040      0x258 zephyr/arch/common/libisr_tables.a(isr_tables.c.obj)
                0x08000040                _irq_vector_table
                0x08000298                _vector_end = .

text            0x08000298     0x33bc
                0x08000298                __text_region_start = .
 *(SORT_BY_ALIGNMENT(.text))
 .text          0x08000298       0x30 c:/arm-embedded/gcc-arm-none-eabi-10.3-2021.07/bin/../lib/gcc/arm-none-eabi/10.3.1/thumb/v7e-m/nofp\libgcc.a(_aeabi_uldivmod.o)
                0x08000298                __aeabi_uldivmod
 .text          0x080002c8      0x2d0 c:/arm-embedded/gcc-arm-none-eabi-10.3-2021.07/bin/../lib/gcc/arm-none-eabi/10.3.1/thumb/v7e-m/nofp\libgcc.a(_udivmoddi4.o)
                0x080002c8                __udivmoddi4
 .text          0x08000598        0x4 c:/arm-embedded/gcc-arm-none-eabi-10.3-2021.07/bin/../lib/gcc/arm-none-eabi/10.3.1/thumb/v7e-m/nofp\libgcc.a(_dvmd_tls.o)
                0x08000598                __aeabi_idiv0
                0x08000598                __aeabi_ldiv0
 *(SORT_BY_ALIGNMENT(.text.*))
 .text.hello_world
                0x0800059c       0x2c app/libapp.a(main.c.obj)
                0x0800059c                hello_world
 .text.task2    0x080005c8       0x24 app/libapp.a(main.c.obj)
                0x080005c8                task2
 .text.main     0x080005ec       0x58 app/libapp.a(main.c.obj)
                0x080005ec                main
 .text.char_out
                0x08000644        0xc zephyr/libzephyr.a(printk.c.obj)
 .text.__printk_hook_install
                0x08000650        0xc zephyr/libzephyr.a(printk.c.obj)
                0x08000650                __printk_hook_install
 .text.vprintk  0x0800065c       0x1c zephyr/libzephyr.a(printk.c.obj)
                0x0800065c                vprintk
 .text.z_cbvprintf_impl
                0x08000678      0x78c zephyr/libzephyr.a(cbprintf_complete.c.obj)
                0x08000678                z_cbvprintf_impl
 .text.stm32h7_init
                0x08000e04       0xfc zephyr/libzephyr.a(soc_m7.c.obj)
 .text.z_arm_cpu_idle_init
                0x08000f00        0xc zephyr/arch/arch/arm/core/aarch32/libarch__arm__core__aarch32.a(cpu_idle.S.obj)
                0x08000f00                z_arm_cpu_idle_init
 .text.arch_cpu_idle
                0x08000f0c       0x1c zephyr/arch/arch/arm/core/aarch32/libarch__arm__core__aarch32.a(cpu_idle.S.obj)
                0x08000f0c                arch_cpu_idle
 .text.arch_irq_enable
                0x08000f28       0x20 zephyr/arch/arch/arm/core/aarch32/libarch__arm__core__aarch32.a(irq_manage.c.obj)
                0x08000f28                arch_irq_enable
 .text.z_arm_irq_priority_set
                0x08000f48       0x2c zephyr/arch/arch/arm/core/aarch32/libarch__arm__core__aarch32.a(irq_manage.c.obj)
                0x08000f48                z_arm_irq_priority_set
 .text.z_SysNmiOnReset
                0x08000f74        0x8 zephyr/arch/arch/arm/core/aarch32/libarch__arm__core__aarch32.a(nmi_on_reset.S.obj)
                0x08000f74                z_SysNmiOnReset
 .text.z_arm_prep_c
                0x08000f7c       0x48 zephyr/arch/arch/arm/core/aarch32/libarch__arm__core__aarch32.a(prep_c.c.obj)
                0x08000f7c                z_arm_prep_c
 .text.arch_swap
                0x08000fc4       0x34 zephyr/arch/arch/arm/core/aarch32/libarch__arm__core__aarch32.a(swap.c.obj)
                0x08000fc4                arch_swap
 .text.z_arm_pendsv
                0x08000ff8       0x54 zephyr/arch/arch/arm/core/aarch32/libarch__arm__core__aarch32.a(swap_helper.S.obj)
                0x08000ff8                z_arm_pendsv
 .text.z_arm_svc
                0x0800104c       0x20 zephyr/arch/arch/arm/core/aarch32/libarch__arm__core__aarch32.a(swap_helper.S.obj)
                0x0800104c                z_arm_svc
 .text.arch_new_thread
                0x0800106c       0x2c zephyr/arch/arch/arm/core/aarch32/libarch__arm__core__aarch32.a(thread.c.obj)
                0x0800106c                arch_new_thread
 .text.z_check_thread_stack_fail
                0x08001098       0x2c zephyr/arch/arch/arm/core/aarch32/libarch__arm__core__aarch32.a(thread.c.obj)
                0x08001098                z_check_thread_stack_fail
 .text.arch_switch_to_main_thread
                0x080010c4       0x2c zephyr/arch/arch/arm/core/aarch32/libarch__arm__core__aarch32.a(thread.c.obj)
                0x080010c4                arch_switch_to_main_thread
 .text._isr_wrapper
                0x080010f0       0x28 zephyr/arch/arch/arm/core/aarch32/libarch__arm__core__aarch32.a(isr_wrapper.S.obj)
                0x080010f0                _isr_wrapper
 .text._HandlerModeExit
                0x08001118       0x1c zephyr/arch/arch/arm/core/aarch32/cortex_m/libarch__arm__core__aarch32__cortex_m.a(exc_exit.S.obj)
                0x08001118                z_arm_int_exit
                0x08001118                z_arm_exc_exit
 .text.mem_manage_fault
                0x08001134       0xa0 zephyr/arch/arch/arm/core/aarch32/cortex_m/libarch__arm__core__aarch32__cortex_m.a(fault.c.obj)
 .text.usage_fault.constprop.0
                0x080011d4       0x54 zephyr/arch/arch/arm/core/aarch32/cortex_m/libarch__arm__core__aarch32__cortex_m.a(fault.c.obj)
 .text.bus_fault.constprop.0
                0x08001228       0x68 zephyr/arch/arch/arm/core/aarch32/cortex_m/libarch__arm__core__aarch32__cortex_m.a(fault.c.obj)
 .text.z_arm_fault
                0x08001290      0x11c zephyr/arch/arch/arm/core/aarch32/cortex_m/libarch__arm__core__aarch32__cortex_m.a(fault.c.obj)
                0x08001290                z_arm_fault
 .text.z_arm_fault_init
                0x080013ac       0x10 zephyr/arch/arch/arm/core/aarch32/cortex_m/libarch__arm__core__aarch32__cortex_m.a(fault.c.obj)
                0x080013ac                z_arm_fault_init
 .text.__fault  0x080013bc       0x14 zephyr/arch/arch/arm/core/aarch32/cortex_m/libarch__arm__core__aarch32__cortex_m.a(fault_s.S.obj)
                0x080013bc                z_arm_usage_fault
                0x080013bc                z_arm_mpu_fault
                0x080013bc                z_arm_exc_spurious
                0x080013bc                z_arm_debug_monitor
                0x080013bc                z_arm_hard_fault
                0x080013bc                z_arm_bus_fault
 .text.z_arm_interrupt_init
                0x080013d0       0x18 zephyr/arch/arch/arm/core/aarch32/cortex_m/libarch__arm__core__aarch32__cortex_m.a(irq_init.c.obj)
                0x080013d0                z_arm_interrupt_init
 .text._reset_section
                0x080013e8       0x2c zephyr/arch/arch/arm/core/aarch32/cortex_m/libarch__arm__core__aarch32__cortex_m.a(reset.S.obj)
                0x080013e8                __start
                0x080013e8                z_arm_reset
 .text.z_impl_k_thread_abort
                0x08001414       0x2c zephyr/arch/arch/arm/core/aarch32/cortex_m/libarch__arm__core__aarch32__cortex_m.a(thread_abort.c.obj)
                0x08001414                z_impl_k_thread_abort
 .text.z_arm_configure_static_mpu_regions
                0x08001440       0x18 zephyr/arch/arch/arm/core/aarch32/mpu/libarch__arm__core__aarch32__mpu.a(arm_core_mpu.c.obj)
                0x08001440                z_arm_configure_static_mpu_regions
 .text.z_arm_configure_dynamic_mpu_regions
                0x08001458       0x20 zephyr/arch/arch/arm/core/aarch32/mpu/libarch__arm__core__aarch32__mpu.a(arm_core_mpu.c.obj)
                0x08001458                z_arm_configure_dynamic_mpu_regions
 .text.mpu_configure_regions
                0x08001478       0x84 zephyr/arch/arch/arm/core/aarch32/mpu/libarch__arm__core__aarch32__mpu.a(arm_mpu.c.obj)
 .text.arm_core_mpu_enable
                0x080014fc       0x18 zephyr/arch/arch/arm/core/aarch32/mpu/libarch__arm__core__aarch32__mpu.a(arm_mpu.c.obj)
                0x080014fc                arm_core_mpu_enable
 .text.arm_core_mpu_disable
                0x08001514       0x14 zephyr/arch/arch/arm/core/aarch32/mpu/libarch__arm__core__aarch32__mpu.a(arm_mpu.c.obj)
                0x08001514                arm_core_mpu_disable
 .text.arm_core_mpu_configure_static_mpu_regions
                0x08001528       0x14 zephyr/arch/arch/arm/core/aarch32/mpu/libarch__arm__core__aarch32__mpu.a(arm_mpu.c.obj)
                0x08001528                arm_core_mpu_configure_static_mpu_regions
 .text.arm_core_mpu_configure_dynamic_mpu_regions
                0x0800153c       0x30 zephyr/arch/arch/arm/core/aarch32/mpu/libarch__arm__core__aarch32__mpu.a(arm_mpu.c.obj)
                0x0800153c                arm_core_mpu_configure_dynamic_mpu_regions
 .text.z_arm_mpu_init
                0x0800156c       0x60 zephyr/arch/arch/arm/core/aarch32/mpu/libarch__arm__core__aarch32__mpu.a(arm_mpu.c.obj)
                0x0800156c                z_arm_mpu_init
 .text.__stdout_hook_install
                0x080015cc        0xc zephyr/lib/libc/minimal/liblib__libc__minimal.a(stdout_console.c.obj)
                0x080015cc                __stdout_hook_install
 .text.stm32_exti_isr
                0x080015d8       0x50 zephyr/drivers/interrupt_controller/libdrivers__interrupt_controller.a(intc_exti_stm32.c.obj)
 .text.stm32_fill_irq_table
                0x08001628       0x18 zephyr/drivers/interrupt_controller/libdrivers__interrupt_controller.a(intc_exti_stm32.c.obj)
 .text.stm32_exti_enable
                0x08001640       0x28 zephyr/drivers/interrupt_controller/libdrivers__interrupt_controller.a(intc_exti_stm32.c.obj)
                0x08001640                stm32_exti_enable
 .text.stm32_exti_set_callback
                0x08001668       0x34 zephyr/drivers/interrupt_controller/libdrivers__interrupt_controller.a(intc_exti_stm32.c.obj)
                0x08001668                stm32_exti_set_callback
 .text.stm32_exti_unset_callback
                0x0800169c       0x14 zephyr/drivers/interrupt_controller/libdrivers__interrupt_controller.a(intc_exti_stm32.c.obj)
                0x0800169c                stm32_exti_unset_callback
 .text.get_pllsrc_frequency
                0x080016b0       0x1c zephyr/drivers/clock_control/libdrivers__clock_control.a(clock_stm32_ll_h7.c.obj)
 .text.stm32_clock_control_configure
                0x080016cc       0x5c zephyr/drivers/clock_control/libdrivers__clock_control.a(clock_stm32_ll_h7.c.obj)
 .text.get_hclk_frequency
                0x08001728       0x2c zephyr/drivers/clock_control/libdrivers__clock_control.a(clock_stm32_ll_h7.c.obj)
 .text.stm32_clock_control_get_subsys_rate
                0x08001754       0xc0 zephyr/drivers/clock_control/libdrivers__clock_control.a(clock_stm32_ll_h7.c.obj)
 .text.stm32_clock_control_init
                0x08001814      0x1d8 zephyr/drivers/clock_control/libdrivers__clock_control.a(clock_stm32_ll_h7.c.obj)
 .text.uart_console_init
                0x080019ec       0x28 zephyr/drivers/console/libdrivers__console.a(uart_console.c.obj)
 .text.console_out
                0x08001a14       0x28 zephyr/drivers/console/libdrivers__console.a(uart_console.c.obj)
 .text.gpio_stm32_init
                0x08001a3c       0x30 zephyr/drivers/gpio/libdrivers__gpio.a(gpio_stm32.c.obj)
 .text.gpio_stm32_pin_interrupt_configure
                0x08001a6c      0x114 zephyr/drivers/gpio/libdrivers__gpio.a(gpio_stm32.c.obj)
 .text.pinctrl_configure_pins
                0x08001b80       0x84 zephyr/drivers/pinctrl/libdrivers__pinctrl.a(pinctrl_stm32.c.obj)
                0x08001b80                pinctrl_configure_pins
 .text.uart_stm32_init
                0x08001c04      0x1bc zephyr/drivers/serial/libdrivers__serial.a(uart_stm32.c.obj)
 .text.uart_stm32_configure
                0x08001dc0      0x180 zephyr/drivers/serial/libdrivers__serial.a(uart_stm32.c.obj)
 .text.elapsed  0x08001f40       0x3c zephyr/drivers/timer/libdrivers__timer.a(cortex_m_systick.c.obj)
 .text.sys_clock_driver_init
                0x08001f7c       0x34 zephyr/drivers/timer/libdrivers__timer.a(cortex_m_systick.c.obj)
 .text.sys_clock_isr
                0x08001fb0       0x44 zephyr/drivers/timer/libdrivers__timer.a(cortex_m_systick.c.obj)
                0x08001fb0                sys_clock_isr
 .text.sys_clock_set_timeout
                0x08001ff4       0xe0 zephyr/drivers/timer/libdrivers__timer.a(cortex_m_systick.c.obj)
                0x08001ff4                sys_clock_set_timeout
 .text.sys_clock_elapsed
                0x080020d4       0x3c zephyr/drivers/timer/libdrivers__timer.a(cortex_m_systick.c.obj)
                0x080020d4                sys_clock_elapsed
 .text.LL_SetFlashLatency
                0x08002110       0xec modules/stm32/stm32cube/lib..__modules__hal__stm32__stm32cube.a(stm32h7xx_ll_utils.c.obj)
                0x08002110                LL_SetFlashLatency
 .text.z_sys_init_run_level
                0x080021fc       0x48 zephyr/kernel/libkernel.a(init.c.obj)
 .text.bg_thread_main
                0x08002244       0x34 zephyr/kernel/libkernel.a(init.c.obj)
 .text.z_bss_zero
                0x08002278       0x2c zephyr/kernel/libkernel.a(init.c.obj)
                0x08002278                z_bss_zero
 .text.z_init_cpu
                0x080022a4       0x8c zephyr/kernel/libkernel.a(init.c.obj)
                0x080022a4                z_init_cpu
 .text.z_cstart
                0x08002330       0xd0 zephyr/kernel/libkernel.a(init.c.obj)
                0x08002330                z_cstart
 .text.z_setup_new_thread
                0x08002400       0x64 zephyr/kernel/libkernel.a(thread.c.obj)
                0x08002400                z_setup_new_thread
 .text.z_impl_k_thread_create
                0x08002464       0x58 zephyr/kernel/libkernel.a(thread.c.obj)
                0x08002464                z_impl_k_thread_create
 .text.z_init_static_threads
                0x080024bc       0x94 zephyr/kernel/libkernel.a(thread.c.obj)
                0x080024bc                z_init_static_threads
 .text.sliceable
                0x08002550       0x3c zephyr/kernel/libkernel.a(sched.c.obj)
 .text.slice_timeout
                0x0800258c       0x20 zephyr/kernel/libkernel.a(sched.c.obj)
 .text.z_reset_time_slice
                0x080025ac       0x50 zephyr/kernel/libkernel.a(sched.c.obj)
                0x080025ac                z_reset_time_slice
 .text.z_reschedule
                0x080025fc       0x24 zephyr/kernel/libkernel.a(sched.c.obj)
                0x080025fc                z_reschedule
 .text.k_sched_lock
                0x08002620       0x28 zephyr/kernel/libkernel.a(sched.c.obj)
                0x08002620                k_sched_lock
 .text.update_cache
                0x08002648       0x40 zephyr/kernel/libkernel.a(sched.c.obj)
 .text.move_thread_to_end_of_prio_q
                0x08002688       0x78 zephyr/kernel/libkernel.a(sched.c.obj)
 .text.z_time_slice
                0x08002700       0x60 zephyr/kernel/libkernel.a(sched.c.obj)
                0x08002700                z_time_slice
 .text.ready_thread
                0x08002760       0x6c zephyr/kernel/libkernel.a(sched.c.obj)
 .text.z_sched_start
                0x080027cc       0x3c zephyr/kernel/libkernel.a(sched.c.obj)
                0x080027cc                z_sched_start
 .text.unready_thread
                0x08002808       0x30 zephyr/kernel/libkernel.a(sched.c.obj)
 .text.z_impl_k_thread_suspend
                0x08002838       0x64 zephyr/kernel/libkernel.a(sched.c.obj)
                0x08002838                z_impl_k_thread_suspend
 .text.k_sched_unlock
                0x0800289c       0x38 zephyr/kernel/libkernel.a(sched.c.obj)
                0x0800289c                k_sched_unlock
 .text.z_sched_init
                0x080028d4       0x10 zephyr/kernel/libkernel.a(sched.c.obj)
                0x080028d4                z_sched_init
 .text.z_impl_k_yield
                0x080028e4       0x80 zephyr/kernel/libkernel.a(sched.c.obj)
                0x080028e4                z_impl_k_yield
 .text.z_tick_sleep
                0x08002964       0x90 zephyr/kernel/libkernel.a(sched.c.obj)
 .text.z_impl_k_sleep
                0x080029f4       0x30 zephyr/kernel/libkernel.a(sched.c.obj)
                0x080029f4                z_impl_k_sleep
 .text.z_impl_z_current_get
                0x08002a24        0xc zephyr/kernel/libkernel.a(sched.c.obj)
                0x08002a24                z_impl_z_current_get
 .text.z_thread_abort
                0x08002a30       0xc0 zephyr/kernel/libkernel.a(sched.c.obj)
                0x08002a30                z_thread_abort
 .text.z_data_copy
                0x08002af0       0x4c zephyr/kernel/libkernel.a(xip.c.obj)
                0x08002af0                z_data_copy
 .text.elapsed  0x08002b3c       0x14 zephyr/kernel/libkernel.a(timeout.c.obj)
 .text.next_timeout
                0x08002b50       0x3c zephyr/kernel/libkernel.a(timeout.c.obj)
 .text.remove_timeout
                0x08002b8c       0x38 zephyr/kernel/libkernel.a(timeout.c.obj)
 .text.z_add_timeout
                0x08002bc4       0xe4 zephyr/kernel/libkernel.a(timeout.c.obj)
                0x08002bc4                z_add_timeout
 .text.sys_clock_announce
                0x08002ca8       0xd4 zephyr/kernel/libkernel.a(timeout.c.obj)
                0x08002ca8                sys_clock_announce
 .text.sys_clock_tick_get
                0x08002d7c       0x34 zephyr/kernel/libkernel.a(timeout.c.obj)
                0x08002d7c                sys_clock_tick_get
 .text.boot_banner
                0x08002db0        0xc zephyr/kernel/libkernel.a(banner.c.obj)
                0x08002db0                boot_banner
 .text._OffsetAbsSyms
                0x08002dbc        0x2 zephyr/CMakeFiles/offsets.dir/./arch/arm/core/offsets/offsets.c.obj
                0x08002dbc                _OffsetAbsSyms
 .text.arch_printk_char_out
                0x08002dbe        0x4 zephyr/libzephyr.a(printk.c.obj)
                0x08002dbe                arch_printk_char_out
 .text.printk   0x08002dc2       0x1a zephyr/libzephyr.a(printk.c.obj)
                0x08002dc2                printk
 .text.z_thread_entry
                0x08002ddc       0x14 zephyr/libzephyr.a(thread_entry.c.obj)
                0x08002ddc                z_thread_entry
 .text.encode_uint
                0x08002df0       0x8c zephyr/libzephyr.a(cbprintf_complete.c.obj)
 .text.outs     0x08002e7c       0x2c zephyr/libzephyr.a(cbprintf_complete.c.obj)
 .text._ConfigAbsSyms
                0x08002ea8        0x2 zephyr/libzephyr.a(configs.c.obj)
                0x08002ea8                _ConfigAbsSyms
 .text.st_stm32_common_config
                0x08002eaa        0x4 zephyr/libzephyr.a(soc_config.c.obj)
 .text.z_arm_fatal_error
                0x08002eae        0x4 zephyr/arch/arch/arm/core/aarch32/libarch__arm__core__aarch32.a(fatal.c.obj)
                0x08002eae                z_arm_fatal_error
 .text.z_do_kernel_oops
                0x08002eb2        0x8 zephyr/arch/arch/arm/core/aarch32/libarch__arm__core__aarch32.a(fatal.c.obj)
                0x08002eb2                z_do_kernel_oops
 .text.z_irq_spurious
                0x08002eba        0x8 zephyr/arch/arch/arm/core/aarch32/libarch__arm__core__aarch32.a(irq_manage.c.obj)
                0x08002eba                z_irq_spurious
 .text.z_arm_nmi
                0x08002ec2        0xe zephyr/arch/arch/arm/core/aarch32/libarch__arm__core__aarch32.a(nmi.c.obj)
                0x08002ec2                z_arm_nmi
 .text.strlen   0x08002ed0        0xe zephyr/lib/libc/minimal/liblib__libc__minimal.a(string.c.obj)
                0x08002ed0                strlen
 .text.memcpy   0x08002ede       0x16 zephyr/lib/libc/minimal/liblib__libc__minimal.a(string.c.obj)
                0x08002ede                memcpy
 .text.memset   0x08002ef4       0x12 zephyr/lib/libc/minimal/liblib__libc__minimal.a(string.c.obj)
                0x08002ef4                memset
 .text._stdout_hook_default
                0x08002f06        0x6 zephyr/lib/libc/minimal/liblib__libc__minimal.a(stdout_console.c.obj)
 .text.strnlen  0x08002f0c       0x12 zephyr/lib/libc/common/liblib__libc__common.a(strnlen.c.obj)
                0x08002f0c                strnlen
 .text.stm32_exti_init
                0x08002f1e       0x92 zephyr/drivers/interrupt_controller/libdrivers__interrupt_controller.a(intc_exti_stm32.c.obj)
 .text.stm32_exti_disable
                0x08002fb0       0x1c zephyr/drivers/interrupt_controller/libdrivers__interrupt_controller.a(intc_exti_stm32.c.obj)
                0x08002fb0                stm32_exti_disable
 .text.stm32_exti_trigger
                0x08002fcc       0x6a zephyr/drivers/interrupt_controller/libdrivers__interrupt_controller.a(intc_exti_stm32.c.obj)
                0x08002fcc                stm32_exti_trigger
 .text.stm32_clock_control_on
                0x08003036       0x24 zephyr/drivers/clock_control/libdrivers__clock_control.a(clock_stm32_ll_h7.c.obj)
 .text.stm32_clock_control_off
                0x0800305a       0x26 zephyr/drivers/clock_control/libdrivers__clock_control.a(clock_stm32_ll_h7.c.obj)
 .text.gpio_stm32_port_get_raw
                0x08003080        0xc zephyr/drivers/gpio/libdrivers__gpio.a(gpio_stm32.c.obj)
 .text.gpio_stm32_port_set_masked_raw
                0x0800308c       0x12 zephyr/drivers/gpio/libdrivers__gpio.a(gpio_stm32.c.obj)
 .text.gpio_stm32_port_set_bits_raw
                0x0800309e        0xa zephyr/drivers/gpio/libdrivers__gpio.a(gpio_stm32.c.obj)
 .text.gpio_stm32_port_clear_bits_raw
                0x080030a8        0xc zephyr/drivers/gpio/libdrivers__gpio.a(gpio_stm32.c.obj)
 .text.gpio_stm32_port_toggle_bits
                0x080030b4        0xe zephyr/drivers/gpio/libdrivers__gpio.a(gpio_stm32.c.obj)
 .text.gpio_stm32_manage_callback
                0x080030c2       0x58 zephyr/drivers/gpio/libdrivers__gpio.a(gpio_stm32.c.obj)
 .text.gpio_stm32_configure_raw.isra.0
                0x0800311a       0xa2 zephyr/drivers/gpio/libdrivers__gpio.a(gpio_stm32.c.obj)
 .text.gpio_stm32_config
                0x080031bc       0x7e zephyr/drivers/gpio/libdrivers__gpio.a(gpio_stm32.c.obj)
 .text.gpio_stm32_isr
                0x0800323a       0x26 zephyr/drivers/gpio/libdrivers__gpio.a(gpio_stm32.c.obj)
 .text.gpio_stm32_configure
                0x08003260       0x30 zephyr/drivers/gpio/libdrivers__gpio.a(gpio_stm32.c.obj)
                0x08003260                gpio_stm32_configure
 .text.pinctrl_lookup_state
                0x08003290       0x28 zephyr/drivers/pinctrl/libdrivers__pinctrl.a(common.c.obj)
                0x08003290                pinctrl_lookup_state
 .text.reset_stm32_status
                0x080032b8       0x22 zephyr/drivers/reset/libdrivers__reset.a(reset_stm32.c.obj)
 .text.reset_stm32_line_assert
                0x080032da       0x1e zephyr/drivers/reset/libdrivers__reset.a(reset_stm32.c.obj)
 .text.reset_stm32_line_deassert
                0x080032f8       0x20 zephyr/drivers/reset/libdrivers__reset.a(reset_stm32.c.obj)
 .text.reset_stm32_line_toggle
                0x08003318       0x16 zephyr/drivers/reset/libdrivers__reset.a(reset_stm32.c.obj)
 .text.uart_stm32_err_check
                0x0800332e       0x62 zephyr/drivers/serial/libdrivers__serial.a(uart_stm32.c.obj)
 .text.uart_stm32_set_baudrate
                0x08003390       0x3a zephyr/drivers/serial/libdrivers__serial.a(uart_stm32.c.obj)
 .text.uart_stm32_poll_out
                0x080033ca       0x3a zephyr/drivers/serial/libdrivers__serial.a(uart_stm32.c.obj)
 .text.uart_stm32_poll_in
                0x08003404       0x24 zephyr/drivers/serial/libdrivers__serial.a(uart_stm32.c.obj)
 .text.uart_stm32_config_get
                0x08003428       0xa2 zephyr/drivers/serial/libdrivers__serial.a(uart_stm32.c.obj)
 .text.z_device_state_init
                0x080034ca        0x2 zephyr/kernel/libkernel.a(device.c.obj)
                0x080034ca                z_device_state_init
 .text.z_device_is_ready
                0x080034cc       0x16 zephyr/kernel/libkernel.a(device.c.obj)
                0x080034cc                z_device_is_ready
 .text.arch_system_halt
                0x080034e2       0x12 zephyr/kernel/libkernel.a(fatal.c.obj)
                0x080034e2                arch_system_halt
 .text.k_sys_fatal_error_handler
                0x080034f4        0x6 zephyr/kernel/libkernel.a(fatal.c.obj)
                0x080034f4                k_sys_fatal_error_handler
 .text.z_fatal_error
                0x080034fa       0x36 zephyr/kernel/libkernel.a(fatal.c.obj)
                0x080034fa                z_fatal_error
 .text.z_early_memset
                0x08003530        0x4 zephyr/kernel/libkernel.a(init.c.obj)
                0x08003530                z_early_memset
 .text.z_early_memcpy
                0x08003534        0x4 zephyr/kernel/libkernel.a(init.c.obj)
                0x08003534                z_early_memcpy
 .text.z_impl_k_thread_name_set
                0x08003538        0x6 zephyr/kernel/libkernel.a(thread.c.obj)
                0x08003538                z_impl_k_thread_name_set
 .text.idle     0x0800353e       0x18 zephyr/kernel/libkernel.a(idle.c.obj)
                0x0800353e                idle
 .text.sys_dlist_remove
                0x08003556       0x10 zephyr/kernel/libkernel.a(sched.c.obj)
 .text.unpend_thread_no_timeout
                0x08003566       0x14 zephyr/kernel/libkernel.a(sched.c.obj)
 .text.z_reschedule_irqlock
                0x0800357a       0x18 zephyr/kernel/libkernel.a(sched.c.obj)
                0x0800357a                z_reschedule_irqlock
 .text.z_reschedule_unlocked
                0x08003592       0x14 zephyr/kernel/libkernel.a(sched.c.obj)
 .text.z_priq_dumb_best
                0x080035a6        0xc zephyr/kernel/libkernel.a(sched.c.obj)
                0x080035a6                z_priq_dumb_best
 .text.z_ready_thread
                0x080035b2       0x20 zephyr/kernel/libkernel.a(sched.c.obj)
                0x080035b2                z_ready_thread
 .text.z_sched_wake_thread
                0x080035d2       0x44 zephyr/kernel/libkernel.a(sched.c.obj)
                0x080035d2                z_sched_wake_thread
 .text.z_thread_timeout
                0x08003616        0x8 zephyr/kernel/libkernel.a(sched.c.obj)
                0x08003616                z_thread_timeout
 .text.z_abort_timeout
                0x0800361e       0x2c zephyr/kernel/libkernel.a(timeout.c.obj)
                0x0800361e                z_abort_timeout
 .text.sys_clock_tick_get_32
                0x0800364a        0x8 zephyr/kernel/libkernel.a(timeout.c.obj)
                0x0800364a                sys_clock_tick_get_32
 *(SORT_BY_ALIGNMENT(.TEXT.*))
 *(SORT_BY_ALIGNMENT(.gnu.linkonce.t.*))
 *(SORT_BY_ALIGNMENT(.glue_7t))
 .glue_7t       0x08003652        0x0 linker stubs
 *(SORT_BY_ALIGNMENT(.glue_7))
 .glue_7        0x08003652        0x0 linker stubs
 *(SORT_BY_ALIGNMENT(.vfp11_veneer))
 .vfp11_veneer  0x08003652        0x0 linker stubs
 *(SORT_BY_ALIGNMENT(.v4_bx))
 .v4_bx         0x08003652        0x0 linker stubs
                0x08003654                . = ALIGN (0x4)
 *fill*         0x08003652        0x2 
                0x08003654                __text_region_end = .

.ARM.exidx      0x08003654        0x8
                0x08003654                __exidx_start = .
 *(SORT_BY_ALIGNMENT(.ARM.exidx*) SORT_BY_ALIGNMENT(gnu.linkonce.armexidx.*))
 .ARM.exidx     0x08003654        0x8 c:/arm-embedded/gcc-arm-none-eabi-10.3-2021.07/bin/../lib/gcc/arm-none-eabi/10.3.1/thumb/v7e-m/nofp\libgcc.a(_udivmoddi4.o)
                0x0800365c                __exidx_end = .
                0x0800365c                __rodata_region_start = .

initlevel       0x0800365c       0x98
                0x0800365c                __init_start = .
                0x0800365c                __init_EARLY_start = .
 *(SORT_BY_NAME(SORT_BY_ALIGNMENT(.z_init_EARLY?_*)))
 *(SORT_BY_NAME(SORT_BY_ALIGNMENT(.z_init_EARLY??_*)))
                0x0800365c                __init_PRE_KERNEL_1_start = .
 *(SORT_BY_NAME(SORT_BY_ALIGNMENT(.z_init_PRE_KERNEL_1?_*)))
 .z_init_PRE_KERNEL_10_
                0x0800365c        0x8 zephyr/libzephyr.a(soc_m7.c.obj)
 .z_init_PRE_KERNEL_11_
                0x08003664        0x8 zephyr/libzephyr.a(soc_config.c.obj)
 .z_init_PRE_KERNEL_11_
                0x0800366c        0x8 zephyr/drivers/clock_control/libdrivers__clock_control.a(clock_stm32_ll_h7.c.obj)
 *(SORT_BY_NAME(SORT_BY_ALIGNMENT(.z_init_PRE_KERNEL_1??_*)))
 .z_init_PRE_KERNEL_140_
                0x08003674        0x8 zephyr/drivers/interrupt_controller/libdrivers__interrupt_controller.a(intc_exti_stm32.c.obj)
 .z_init_PRE_KERNEL_140_
                0x0800367c       0x58 zephyr/drivers/gpio/libdrivers__gpio.a(gpio_stm32.c.obj)
 .z_init_PRE_KERNEL_140_
                0x080036d4        0x8 zephyr/drivers/reset/libdrivers__reset.a(reset_stm32.c.obj)
 .z_init_PRE_KERNEL_155_
                0x080036dc        0x8 zephyr/drivers/serial/libdrivers__serial.a(uart_stm32.c.obj)
 .z_init_PRE_KERNEL_160_
                0x080036e4        0x8 zephyr/drivers/console/libdrivers__console.a(uart_console.c.obj)
                0x080036ec                __init_PRE_KERNEL_2_start = .
 *(SORT_BY_NAME(SORT_BY_ALIGNMENT(.z_init_PRE_KERNEL_2?_*)))
 .z_init_PRE_KERNEL_20_
                0x080036ec        0x8 zephyr/drivers/timer/libdrivers__timer.a(cortex_m_systick.c.obj)
 *(SORT_BY_NAME(SORT_BY_ALIGNMENT(.z_init_PRE_KERNEL_2??_*)))
                0x080036f4                __init_POST_KERNEL_start = .
 *(SORT_BY_NAME(SORT_BY_ALIGNMENT(.z_init_POST_KERNEL?_*)))
 *(SORT_BY_NAME(SORT_BY_ALIGNMENT(.z_init_POST_KERNEL??_*)))
                0x080036f4                __init_APPLICATION_start = .
 *(SORT_BY_NAME(SORT_BY_ALIGNMENT(.z_init_APPLICATION?_*)))
 *(SORT_BY_NAME(SORT_BY_ALIGNMENT(.z_init_APPLICATION??_*)))
                0x080036f4                __init_SMP_start = .
 *(SORT_BY_NAME(SORT_BY_ALIGNMENT(.z_init_SMP?_*)))
 *(SORT_BY_NAME(SORT_BY_ALIGNMENT(.z_init_SMP??_*)))
                0x080036f4                __init_end = .

device_area     0x080036f4      0x168
                0x080036f4                _device_list_start = .
 *(SORT_BY_NAME(SORT_BY_ALIGNMENT(._device.static.*_?_*)))
 ._device.static.1_1_
                0x080036f4       0x18 zephyr/drivers/clock_control/libdrivers__clock_control.a(clock_stm32_ll_h7.c.obj)
                0x080036f4                __device_dts_ord_9
 *(SORT_BY_NAME(SORT_BY_ALIGNMENT(._device.static.*_??_*)))
 ._device.static.1_40_
                0x0800370c       0x18 zephyr/drivers/interrupt_controller/libdrivers__interrupt_controller.a(intc_exti_stm32.c.obj)
                0x0800370c                __device_dts_ord_78
 ._device.static.1_40_
                0x08003724      0x108 zephyr/drivers/gpio/libdrivers__gpio.a(gpio_stm32.c.obj)
                0x08003724                __device_dts_ord_129
                0x0800373c                __device_dts_ord_128
                0x08003754                __device_dts_ord_127
                0x0800376c                __device_dts_ord_126
                0x08003784                __device_dts_ord_125
                0x0800379c                __device_dts_ord_124
                0x080037b4                __device_dts_ord_39
                0x080037cc                __device_dts_ord_97
                0x080037e4                __device_dts_ord_34
                0x080037fc                __device_dts_ord_37
                0x08003814                __device_dts_ord_123
 ._device.static.1_40_
                0x0800382c       0x18 zephyr/drivers/reset/libdrivers__reset.a(reset_stm32.c.obj)
                0x0800382c                __device_dts_ord_42
 ._device.static.1_55_
                0x08003844       0x18 zephyr/drivers/serial/libdrivers__serial.a(uart_stm32.c.obj)
                0x08003844                __device_dts_ord_87
                0x0800385c                _device_list_end = .

sw_isr_table    0x0800385c      0x4b0
                0x0800385c                . = ALIGN (0x4)
 *(SORT_BY_ALIGNMENT(.gnu.linkonce.sw_isr_table*))
 .gnu.linkonce.sw_isr_table
                0x0800385c      0x4b0 zephyr/arch/common/libisr_tables.a(isr_tables.c.obj)
                0x0800385c                _sw_isr_table

initlevel_error
                0x0800365c        0x0
 *(SORT_BY_NAME(SORT_BY_ALIGNMENT(.z_init_[_A-Z0-9]*)))
                0x00000001                ASSERT ((SIZEOF (initlevel_error) == 0x0), Undefined initialization levels used.)

app_shmem_regions
                0x08003d0c        0x0
                0x08003d0c                __app_shmem_regions_start = .
 *(SORT_BY_NAME(SORT_BY_ALIGNMENT(.app_regions.*)))
                0x08003d0c                __app_shmem_regions_end = .

k_p4wq_initparam_area
                0x08003d0c        0x0
                0x08003d0c                _k_p4wq_initparam_list_start = .
 *(SORT_BY_NAME(SORT_BY_ALIGNMENT(._k_p4wq_initparam.static.*)))
                0x08003d0c                _k_p4wq_initparam_list_end = .

_static_thread_data_area
                0x08003d0c       0x2c
                0x08003d0c                __static_thread_data_list_start = .
 *(SORT_BY_NAME(SORT_BY_ALIGNMENT(.__static_thread_data.static.*)))
 .__static_thread_data.static._k_thread_data_task2_id_
                0x08003d0c       0x2c app/libapp.a(main.c.obj)
                0x08003d0c                _k_thread_data_task2_id
                0x08003d38                __static_thread_data_list_end = .

device_handles  0x08003d38       0x92
                0x08003d38                __device_handles_start = .
 *(SORT_BY_NAME(SORT_BY_ALIGNMENT(.__device_handles_pass2*)))
 .__device_handles_pass2
                0x08003d38       0x92 zephyr/CMakeFiles/zephyr_pre1.dir/dev_handles.c.obj
                0x08003d38                __devicehdl_dts_ord_87
                0x08003d42                __devicehdl_dts_ord_42
                0x08003d4c                __devicehdl_dts_ord_123
                0x08003d54                __devicehdl_dts_ord_37
                0x08003d5c                __devicehdl_dts_ord_34
                0x08003d64                __devicehdl_dts_ord_97
                0x08003d6c                __devicehdl_dts_ord_39
                0x08003d74                __devicehdl_dts_ord_124
                0x08003d7c                __devicehdl_dts_ord_125
                0x08003d84                __devicehdl_dts_ord_126
                0x08003d8c                __devicehdl_dts_ord_127
                0x08003d94                __devicehdl_dts_ord_128
                0x08003d9c                __devicehdl_dts_ord_129
                0x08003da4                __devicehdl_dts_ord_78
                0x08003daa                __devicehdl_dts_ord_9
                0x08003dca                __device_handles_end = .

ztest           0x08003dca        0x0
                0x08003dca                _ztest_expected_result_entry_list_start = .
 *(SORT_BY_NAME(SORT_BY_ALIGNMENT(._ztest_expected_result_entry.static.*)))
                0x08003dca                _ztest_expected_result_entry_list_end = .
                0x08003dca                _ztest_suite_node_list_start = .
 *(SORT_BY_NAME(SORT_BY_ALIGNMENT(._ztest_suite_node.static.*)))
                0x08003dca                _ztest_suite_node_list_end = .
                0x08003dca                _ztest_unit_test_list_start = .
 *(SORT_BY_NAME(SORT_BY_ALIGNMENT(._ztest_unit_test.static.*)))
                0x08003dca                _ztest_unit_test_list_end = .
                0x08003dca                _ztest_test_rule_list_start = .
 *(SORT_BY_NAME(SORT_BY_ALIGNMENT(._ztest_test_rule.static.*)))
                0x08003dca                _ztest_test_rule_list_end = .

bt_l2cap_fixed_chan_area
                0x08003dca        0x0
                0x08003dca                _bt_l2cap_fixed_chan_list_start = .
 *(SORT_BY_NAME(SORT_BY_ALIGNMENT(._bt_l2cap_fixed_chan.static.*)))
                0x08003dca                _bt_l2cap_fixed_chan_list_end = .

bt_gatt_service_static_area
                0x08003dca        0x0
                0x08003dca                _bt_gatt_service_static_list_start = .
 *(SORT_BY_NAME(SORT_BY_ALIGNMENT(._bt_gatt_service_static.static.*)))
                0x08003dca                _bt_gatt_service_static_list_end = .

log_strings_area
                0x08003dca        0x0
                0x08003dca                _log_strings_list_start = .
 *(SORT_BY_NAME(SORT_BY_ALIGNMENT(._log_strings.static.*)))
                0x08003dca                _log_strings_list_end = .

log_const_area  0x08003dcc       0x20
                0x08003dcc                _log_const_list_start = .
 *(SORT_BY_NAME(SORT_BY_ALIGNMENT(._log_const.static.*)))
 ._log_const.static.log_const_cbprintf_package_
                0x08003dcc        0x8 zephyr/libzephyr.a(cbprintf_packaged.c.obj)
                0x08003dcc                log_const_cbprintf_package
 ._log_const.static.log_const_mpu_
                0x08003dd4        0x8 zephyr/arch/arch/arm/core/aarch32/mpu/libarch__arm__core__aarch32__mpu.a(arm_core_mpu.c.obj)
                0x08003dd4                log_const_mpu
 ._log_const.static.log_const_os_
                0x08003ddc        0x8 zephyr/kernel/libkernel.a(init.c.obj)
                0x08003ddc                log_const_os
 ._log_const.static.log_const_uart_stm32_
                0x08003de4        0x8 zephyr/drivers/serial/libdrivers__serial.a(uart_stm32.c.obj)
                0x08003de4                log_const_uart_stm32
                0x08003dec                _log_const_list_end = .

log_backend_area
                0x08003dec        0x0
                0x08003dec                _log_backend_list_start = .
 *(SORT_BY_NAME(SORT_BY_ALIGNMENT(._log_backend.static.*)))
                0x08003dec                _log_backend_list_end = .

log_link_area   0x08003dec        0x0
                0x08003dec                _log_link_list_start = .
 *(SORT_BY_NAME(SORT_BY_ALIGNMENT(._log_link.static.*)))
                0x08003dec                _log_link_list_end = .

tracing_backend_area
                0x08003dec        0x0
                0x08003dec                _tracing_backend_list_start = .
 *(SORT_BY_NAME(SORT_BY_ALIGNMENT(._tracing_backend.static.*)))
                0x08003dec                _tracing_backend_list_end = .

zephyr_dbg_info
 *(SORT_BY_ALIGNMENT(.dbg_thread_info))

symbol_to_keep  0x08003dec        0x0
                0x08003dec                __symbol_to_keep_start = .
 *(SORT_BY_NAME(SORT_BY_ALIGNMENT(.symbol_to_keep*)))
                0x08003dec                __symbol_to_keep_end = .

shell_area      0x08003dec        0x0
                0x08003dec                _shell_list_start = .
 *(SORT_BY_NAME(SORT_BY_ALIGNMENT(._shell.static.*)))
                0x08003dec                _shell_list_end = .

shell_root_cmds_area
                0x08003dec        0x0
                0x08003dec                _shell_root_cmds_list_start = .
 *(SORT_BY_NAME(SORT_BY_ALIGNMENT(._shell_root_cmds.static.*)))
                0x08003dec                _shell_root_cmds_list_end = .

shell_subcmds_area
                0x08003dec        0x0
                0x08003dec                _shell_subcmds_list_start = .
 *(SORT_BY_NAME(SORT_BY_ALIGNMENT(._shell_subcmds.static.*)))
                0x08003dec                _shell_subcmds_list_end = .

shell_dynamic_subcmds_area
                0x08003dec        0x0
                0x08003dec                _shell_dynamic_subcmds_list_start = .
 *(SORT_BY_NAME(SORT_BY_ALIGNMENT(._shell_dynamic_subcmds.static.*)))
                0x08003dec                _shell_dynamic_subcmds_list_end = .

cfb_font_area   0x08003dec        0x0
                0x08003dec                _cfb_font_list_start = .
 *(SORT_BY_NAME(SORT_BY_ALIGNMENT(._cfb_font.static.*)))
                0x08003dec                _cfb_font_list_end = .

rodata          0x08003dec      0x414
 *(SORT_BY_ALIGNMENT(.rodata))
 .rodata        0x08003dec        0x8 zephyr/drivers/gpio/libdrivers__gpio.a(gpio_stm32.c.obj)
 *(SORT_BY_ALIGNMENT(.rodata.*))
 .rodata.mpu_config
                0x08003df4        0x8 zephyr/libzephyr.a(mpu_regions.c.obj)
                0x08003df4                mpu_config
 .rodata.mpu_regions
                0x08003dfc       0x3c zephyr/libzephyr.a(mpu_regions.c.obj)
 .rodata.static_regions
                0x08003e38        0xc zephyr/arch/arch/arm/core/aarch32/mpu/libarch__arm__core__aarch32__mpu.a(arm_core_mpu.c.obj)
 .rodata.gpio_stm32_cfg_a
                0x08003e44       0x14 zephyr/drivers/gpio/libdrivers__gpio.a(gpio_stm32.c.obj)
 .rodata.gpio_stm32_cfg_b
                0x08003e58       0x14 zephyr/drivers/gpio/libdrivers__gpio.a(gpio_stm32.c.obj)
 .rodata.gpio_stm32_cfg_c
                0x08003e6c       0x14 zephyr/drivers/gpio/libdrivers__gpio.a(gpio_stm32.c.obj)
 .rodata.gpio_stm32_cfg_d
                0x08003e80       0x14 zephyr/drivers/gpio/libdrivers__gpio.a(gpio_stm32.c.obj)
 .rodata.gpio_stm32_cfg_e
                0x08003e94       0x14 zephyr/drivers/gpio/libdrivers__gpio.a(gpio_stm32.c.obj)
 .rodata.gpio_stm32_cfg_f
                0x08003ea8       0x14 zephyr/drivers/gpio/libdrivers__gpio.a(gpio_stm32.c.obj)
 .rodata.gpio_stm32_cfg_g
                0x08003ebc       0x14 zephyr/drivers/gpio/libdrivers__gpio.a(gpio_stm32.c.obj)
 .rodata.gpio_stm32_cfg_h
                0x08003ed0       0x14 zephyr/drivers/gpio/libdrivers__gpio.a(gpio_stm32.c.obj)
 .rodata.gpio_stm32_cfg_i
                0x08003ee4       0x14 zephyr/drivers/gpio/libdrivers__gpio.a(gpio_stm32.c.obj)
 .rodata.gpio_stm32_cfg_j
                0x08003ef8       0x14 zephyr/drivers/gpio/libdrivers__gpio.a(gpio_stm32.c.obj)
 .rodata.gpio_stm32_cfg_k
                0x08003f0c       0x14 zephyr/drivers/gpio/libdrivers__gpio.a(gpio_stm32.c.obj)
 .rodata.gpio_stm32_driver
                0x08003f20       0x24 zephyr/drivers/gpio/libdrivers__gpio.a(gpio_stm32.c.obj)
 .rodata.gpio_ports
                0x08003f44       0x2c zephyr/drivers/pinctrl/libdrivers__pinctrl.a(pinctrl_stm32.c.obj)
 .rodata.reset_stm32_config
                0x08003f70        0x4 zephyr/drivers/reset/libdrivers__reset.a(reset_stm32.c.obj)
 .rodata.reset_stm32_driver_api
                0x08003f74       0x10 zephyr/drivers/reset/libdrivers__reset.a(reset_stm32.c.obj)
 .rodata.__pinctrl_dev_config__device_dts_ord_87
                0x08003f84        0x8 zephyr/drivers/serial/libdrivers__serial.a(uart_stm32.c.obj)
 .rodata.__pinctrl_state_pins_0__device_dts_ord_87
                0x08003f8c       0x10 zephyr/drivers/serial/libdrivers__serial.a(uart_stm32.c.obj)
 .rodata.__pinctrl_states__device_dts_ord_87
                0x08003f9c        0x8 zephyr/drivers/serial/libdrivers__serial.a(uart_stm32.c.obj)
 .rodata.pclken_0
                0x08003fa4        0x8 zephyr/drivers/serial/libdrivers__serial.a(uart_stm32.c.obj)
 .rodata.uart_stm32_cfg_0
                0x08003fac       0x20 zephyr/drivers/serial/libdrivers__serial.a(uart_stm32.c.obj)
 .rodata.uart_stm32_driver_api
                0x08003fcc       0x14 zephyr/drivers/serial/libdrivers__serial.a(uart_stm32.c.obj)
 .rodata._k_neg_eagain
                0x08003fe0        0x4 zephyr/kernel/libkernel.a(errno.c.obj)
                0x08003fe0                _k_neg_eagain
 .rodata.levels.0
                0x08003fe4       0x18 zephyr/kernel/libkernel.a(init.c.obj)
 .rodata.CSWTCH.840
                0x08003ffc        0x6 zephyr/drivers/serial/libdrivers__serial.a(uart_stm32.c.obj)
 .rodata.hello_world.str1.1
                0x08004002       0x2e app/libapp.a(main.c.obj)
 .rodata.task2.str1.1
                0x08004030       0x1f app/libapp.a(main.c.obj)
 .rodata.main.str1.1
                0x0800404f       0x2a app/libapp.a(main.c.obj)
 .rodata.str1.1
                0x08004079        0x9 app/libapp.a(main.c.obj)
 .rodata.str1.1
                0x08004082       0x11 zephyr/libzephyr.a(cbprintf_packaged.c.obj)
 .rodata.z_cbvprintf_impl.str1.1
                0x08004093        0x6 zephyr/libzephyr.a(cbprintf_complete.c.obj)
 .rodata.str1.1
                0x08004099       0x2d zephyr/libzephyr.a(mpu_regions.c.obj)
 .rodata.str1.1
                0x080040c6        0x4 zephyr/arch/arch/arm/core/aarch32/mpu/libarch__arm__core__aarch32__mpu.a(arm_core_mpu.c.obj)
 .rodata.str1.1
                0x080040ca       0x1e zephyr/drivers/interrupt_controller/libdrivers__interrupt_controller.a(intc_exti_stm32.c.obj)
 .rodata.line_range_0.6
                0x080040e8        0x2 zephyr/drivers/interrupt_controller/libdrivers__interrupt_controller.a(intc_exti_stm32.c.obj)
 .rodata.line_range_1.5
                0x080040ea        0x2 zephyr/drivers/interrupt_controller/libdrivers__interrupt_controller.a(intc_exti_stm32.c.obj)
 .rodata.line_range_2.4
                0x080040ec        0x2 zephyr/drivers/interrupt_controller/libdrivers__interrupt_controller.a(intc_exti_stm32.c.obj)
 .rodata.line_range_3.3
                0x080040ee        0x2 zephyr/drivers/interrupt_controller/libdrivers__interrupt_controller.a(intc_exti_stm32.c.obj)
 .rodata.line_range_4.2
                0x080040f0        0x2 zephyr/drivers/interrupt_controller/libdrivers__interrupt_controller.a(intc_exti_stm32.c.obj)
 .rodata.line_range_5.1
                0x080040f2        0x2 zephyr/drivers/interrupt_controller/libdrivers__interrupt_controller.a(intc_exti_stm32.c.obj)
 .rodata.line_range_6.0
                0x080040f4        0x2 zephyr/drivers/interrupt_controller/libdrivers__interrupt_controller.a(intc_exti_stm32.c.obj)
 .rodata.str1.1
                0x080040f6        0xd zephyr/drivers/clock_control/libdrivers__clock_control.a(clock_stm32_ll_h7.c.obj)
 .rodata.str1.1
                0x08004103       0x9a zephyr/drivers/gpio/libdrivers__gpio.a(gpio_stm32.c.obj)
 .rodata.str1.1
                0x0800419d       0x11 zephyr/drivers/reset/libdrivers__reset.a(reset_stm32.c.obj)
 .rodata.str1.1
                0x080041ae       0x1b zephyr/drivers/serial/libdrivers__serial.a(uart_stm32.c.obj)
 .rodata.z_cstart.str1.1
                0x080041c9        0x5 zephyr/kernel/libkernel.a(init.c.obj)
 .rodata.str1.1
                0x080041ce        0x3 zephyr/kernel/libkernel.a(init.c.obj)
 .rodata.boot_banner.str1.1
                0x080041d1       0x2f zephyr/kernel/libkernel.a(banner.c.obj)
 *(SORT_BY_ALIGNMENT(.gnu.linkonce.r.*))
                0x08004200                . = ALIGN (0x4)
                0x08004200                __rodata_region_end = .
                0x08004200                . = ALIGN (_region_min_align)
                0x08008000                . = ALIGN ((0x1 << LOG2CEIL ((__rodata_region_end - ADDR (rom_start)))))
                0x08008000                __rom_region_end = ((__rom_region_start + .) - ADDR (rom_start))

/DISCARD/
 *(SORT_BY_ALIGNMENT(.got.plt))
 *(SORT_BY_ALIGNMENT(.igot.plt))
 *(SORT_BY_ALIGNMENT(.got))
 *(SORT_BY_ALIGNMENT(.igot))
                0x24000000                . = 0x24000000
                0x24000000                . = ALIGN (_region_min_align)
                0x24000000                _image_ram_start = .

.ramfunc        0x24000000        0x0 load address 0x08004200
                0x24000000                . = ALIGN (_region_min_align)
                0x24000000                . = ALIGN ((0x1 << LOG2CEIL (__ramfunc_size)))
                0x24000000                __ramfunc_start = .
 *(SORT_BY_ALIGNMENT(.ramfunc))
 *(SORT_BY_ALIGNMENT(.ramfunc.*))
                0x24000000                . = ALIGN (_region_min_align)
                0x24000000                . = ALIGN ((0x1 << LOG2CEIL (__ramfunc_size)))
                0x24000000                __ramfunc_end = .
                0x00000000                __ramfunc_size = (__ramfunc_end - __ramfunc_start)
                0x08004200                __ramfunc_load_start = LOADADDR (.ramfunc)

datas           0x24000000       0x60 load address 0x08004200
                0x24000000                __data_region_start = .
                0x24000000                __data_start = .
 *(SORT_BY_ALIGNMENT(.data))
 *(SORT_BY_ALIGNMENT(.data.*))
 .data._char_out
                0x24000000        0x4 zephyr/libzephyr.a(printk.c.obj)
                0x24000000                _char_out
 .data._stdout_hook
                0x24000004        0x4 zephyr/lib/libc/minimal/liblib__libc__minimal.a(stdout_console.c.obj)
 .data.stm32_clock_control_api
                0x24000008       0x1c zephyr/drivers/clock_control/libdrivers__clock_control.a(clock_stm32_ll_h7.c.obj)
 .data.uart_stm32_data_0
                0x24000024       0x10 zephyr/drivers/serial/libdrivers__serial.a(uart_stm32.c.obj)
 .data.SystemCoreClock
                0x24000034        0x4 modules/stm32/stm32cube/lib..__modules__hal__stm32__stm32cube.a(system_stm32h7xx.c.obj)
                0x24000034                SystemCoreClock
 .data.timeout_list
                0x24000038        0x8 zephyr/kernel/libkernel.a(timeout.c.obj)
 .data.exti_irq_table
                0x24000040       0x20 zephyr/drivers/interrupt_controller/libdrivers__interrupt_controller.a(intc_exti_stm32.c.obj)
 *(SORT_BY_ALIGNMENT(.kernel.*))
                0x24000060                __data_end = .
                0x00000060                __data_size = (__data_end - __data_start)
                0x08004200                __data_load_start = LOADADDR (datas)
                0x08004200                __data_region_load_start = LOADADDR (datas)

device_states   0x24000060       0x1e load address 0x08004260
                0x24000060                __device_states_start = .
 *(SORT_BY_ALIGNMENT(.z_devstate))
 .z_devstate    0x24000060        0x2 zephyr/drivers/interrupt_controller/libdrivers__interrupt_controller.a(intc_exti_stm32.c.obj)
 .z_devstate    0x24000062        0x2 zephyr/drivers/clock_control/libdrivers__clock_control.a(clock_stm32_ll_h7.c.obj)
 .z_devstate    0x24000064       0x16 zephyr/drivers/gpio/libdrivers__gpio.a(gpio_stm32.c.obj)
 .z_devstate    0x2400007a        0x2 zephyr/drivers/reset/libdrivers__reset.a(reset_stm32.c.obj)
 .z_devstate    0x2400007c        0x2 zephyr/drivers/serial/libdrivers__serial.a(uart_stm32.c.obj)
 *(SORT_BY_ALIGNMENT(.z_devstate.*))
                0x2400007e                __device_states_end = .

log_mpsc_pbuf_area
                0x2400007e        0x0 load address 0x0800427e
                0x2400007e                _log_mpsc_pbuf_list_start = .
 *(SORT_BY_NAME(SORT_BY_ALIGNMENT(._log_mpsc_pbuf.static.*)))
                0x2400007e                _log_mpsc_pbuf_list_end = .

log_msg_ptr_area
                0x2400007e        0x0 load address 0x0800427e
                0x2400007e                _log_msg_ptr_list_start = .
 *(SORT_BY_NAME(SORT_BY_ALIGNMENT(._log_msg_ptr.static.*)))
                0x2400007e                _log_msg_ptr_list_end = .

log_dynamic_area
                0x2400007e        0x0 load address 0x0800427e
                0x2400007e                _log_dynamic_list_start = .
 *(SORT_BY_NAME(SORT_BY_ALIGNMENT(._log_dynamic.static.*)))
                0x2400007e                _log_dynamic_list_end = .

k_timer_area    0x2400007e        0x0 load address 0x0800427e
                0x2400007e                _k_timer_list_start = .
 *(SORT_BY_NAME(SORT_BY_ALIGNMENT(._k_timer.static.*)))
                0x2400007e                _k_timer_list_end = .

k_mem_slab_area
                0x2400007e        0x0 load address 0x0800427e
                0x2400007e                _k_mem_slab_list_start = .
 *(SORT_BY_NAME(SORT_BY_ALIGNMENT(._k_mem_slab.static.*)))
                0x2400007e                _k_mem_slab_list_end = .

k_heap_area     0x2400007e        0x0 load address 0x0800427e
                0x2400007e                _k_heap_list_start = .
 *(SORT_BY_NAME(SORT_BY_ALIGNMENT(._k_heap.static.*)))
                0x2400007e                _k_heap_list_end = .

k_mutex_area    0x2400007e        0x0 load address 0x0800427e
                0x2400007e                _k_mutex_list_start = .
 *(SORT_BY_NAME(SORT_BY_ALIGNMENT(._k_mutex.static.*)))
                0x2400007e                _k_mutex_list_end = .

k_stack_area    0x2400007e        0x0 load address 0x0800427e
                0x2400007e                _k_stack_list_start = .
 *(SORT_BY_NAME(SORT_BY_ALIGNMENT(._k_stack.static.*)))
                0x2400007e                _k_stack_list_end = .

k_msgq_area     0x2400007e        0x0 load address 0x0800427e
                0x2400007e                _k_msgq_list_start = .
 *(SORT_BY_NAME(SORT_BY_ALIGNMENT(._k_msgq.static.*)))
                0x2400007e                _k_msgq_list_end = .

k_mbox_area     0x2400007e        0x0 load address 0x0800427e
                0x2400007e                _k_mbox_list_start = .
 *(SORT_BY_NAME(SORT_BY_ALIGNMENT(._k_mbox.static.*)))
                0x2400007e                _k_mbox_list_end = .

k_pipe_area     0x2400007e        0x0 load address 0x0800427e
                0x2400007e                _k_pipe_list_start = .
 *(SORT_BY_NAME(SORT_BY_ALIGNMENT(._k_pipe.static.*)))
                0x2400007e                _k_pipe_list_end = .

k_sem_area      0x2400007e        0x0 load address 0x0800427e
                0x2400007e                _k_sem_list_start = .
 *(SORT_BY_NAME(SORT_BY_ALIGNMENT(._k_sem.static.*)))
                0x2400007e                _k_sem_list_end = .

k_event_area    0x2400007e        0x0 load address 0x0800427e
                0x2400007e                _k_event_list_start = .
 *(SORT_BY_NAME(SORT_BY_ALIGNMENT(._k_event.static.*)))
                0x2400007e                _k_event_list_end = .

k_queue_area    0x2400007e        0x0 load address 0x0800427e
                0x2400007e                _k_queue_list_start = .
 *(SORT_BY_NAME(SORT_BY_ALIGNMENT(._k_queue.static.*)))
                0x2400007e                _k_queue_list_end = .

k_condvar_area  0x2400007e        0x0 load address 0x0800427e
                0x2400007e                _k_condvar_list_start = .
 *(SORT_BY_NAME(SORT_BY_ALIGNMENT(._k_condvar.static.*)))
                0x2400007e                _k_condvar_list_end = .

net_buf_pool_area
                0x2400007e        0x0 load address 0x0800427e
                0x2400007e                _net_buf_pool_list_start = .
 *(SORT_BY_NAME(SORT_BY_ALIGNMENT(._net_buf_pool.static.*)))
                0x2400007e                _net_buf_pool_list_end = .
                0x2400007e                __data_region_end = .

bss             0x24000080      0x3a3
                0x24000080                . = ALIGN (0x4)
                0x24000080                __bss_start = .
                0x24000080                __kernel_ram_start = .
 *(SORT_BY_ALIGNMENT(.bss))
 *(SORT_BY_ALIGNMENT(.bss.*))
 .bss._k_thread_obj_task2_id
                0x24000080       0x80 app/libapp.a(main.c.obj)
                0x24000080                _k_thread_obj_task2_id
 .bss.hello_world_thread
                0x24000100       0x80 app/libapp.a(main.c.obj)
 .bss.z_idle_threads
                0x24000180       0x80 zephyr/kernel/libkernel.a(init.c.obj)
                0x24000180                z_idle_threads
 .bss.z_main_thread
                0x24000200       0x80 zephyr/kernel/libkernel.a(init.c.obj)
                0x24000200                z_main_thread
 .bss.slice_timeouts
                0x24000280       0x18 zephyr/kernel/libkernel.a(sched.c.obj)
 .bss.curr_tick
                0x24000298        0x8 zephyr/kernel/libkernel.a(timeout.c.obj)
 .bss.dynamic_regions.0
                0x240002a0        0xc zephyr/arch/arch/arm/core/aarch32/mpu/libarch__arm__core__aarch32__mpu.a(arm_core_mpu.c.obj)
 .bss.exti_data
                0x240002ac       0x80 zephyr/drivers/interrupt_controller/libdrivers__interrupt_controller.a(intc_exti_stm32.c.obj)
 .bss.gpio_stm32_data_a
                0x2400032c       0x10 zephyr/drivers/gpio/libdrivers__gpio.a(gpio_stm32.c.obj)
 .bss.gpio_stm32_data_b
                0x2400033c       0x10 zephyr/drivers/gpio/libdrivers__gpio.a(gpio_stm32.c.obj)
 .bss.gpio_stm32_data_c
                0x2400034c       0x10 zephyr/drivers/gpio/libdrivers__gpio.a(gpio_stm32.c.obj)
 .bss.gpio_stm32_data_d
                0x2400035c       0x10 zephyr/drivers/gpio/libdrivers__gpio.a(gpio_stm32.c.obj)
 .bss.gpio_stm32_data_e
                0x2400036c       0x10 zephyr/drivers/gpio/libdrivers__gpio.a(gpio_stm32.c.obj)
 .bss.gpio_stm32_data_f
                0x2400037c       0x10 zephyr/drivers/gpio/libdrivers__gpio.a(gpio_stm32.c.obj)
 .bss.gpio_stm32_data_g
                0x2400038c       0x10 zephyr/drivers/gpio/libdrivers__gpio.a(gpio_stm32.c.obj)
 .bss.gpio_stm32_data_h
                0x2400039c       0x10 zephyr/drivers/gpio/libdrivers__gpio.a(gpio_stm32.c.obj)
 .bss.gpio_stm32_data_i
                0x240003ac       0x10 zephyr/drivers/gpio/libdrivers__gpio.a(gpio_stm32.c.obj)
 .bss.gpio_stm32_data_j
                0x240003bc       0x10 zephyr/drivers/gpio/libdrivers__gpio.a(gpio_stm32.c.obj)
 .bss.gpio_stm32_data_k
                0x240003cc       0x10 zephyr/drivers/gpio/libdrivers__gpio.a(gpio_stm32.c.obj)
 .bss.announced_cycles
                0x240003dc        0x4 zephyr/drivers/timer/libdrivers__timer.a(cortex_m_systick.c.obj)
 .bss.cycle_count
                0x240003e0        0x4 zephyr/drivers/timer/libdrivers__timer.a(cortex_m_systick.c.obj)
 .bss.last_load
                0x240003e4        0x4 zephyr/drivers/timer/libdrivers__timer.a(cortex_m_systick.c.obj)
 .bss.overflow_cyc
                0x240003e8        0x4 zephyr/drivers/timer/libdrivers__timer.a(cortex_m_systick.c.obj)
 .bss._cpus_active
                0x240003ec        0x4 zephyr/kernel/libkernel.a(init.c.obj)
                0x240003ec                _cpus_active
 .bss._kernel   0x240003f0       0x20 zephyr/kernel/libkernel.a(init.c.obj)
                0x240003f0                _kernel
 .bss.pending_current
                0x24000410        0x4 zephyr/kernel/libkernel.a(sched.c.obj)
 .bss.slice_max_prio
                0x24000414        0x4 zephyr/kernel/libkernel.a(sched.c.obj)
 .bss.slice_ticks
                0x24000418        0x4 zephyr/kernel/libkernel.a(sched.c.obj)
 .bss.announce_remaining
                0x2400041c        0x4 zephyr/kernel/libkernel.a(timeout.c.obj)
 .bss.static_regions_num
                0x24000420        0x1 zephyr/arch/arch/arm/core/aarch32/mpu/libarch__arm__core__aarch32__mpu.a(arm_mpu.c.obj)
 .bss.z_sys_post_kernel
                0x24000421        0x1 zephyr/kernel/libkernel.a(init.c.obj)
                0x24000421                z_sys_post_kernel
 .bss.sched_spinlock
                0x24000422        0x0 zephyr/kernel/libkernel.a(sched.c.obj)
                0x24000422                sched_spinlock
 .bss.slice_expired
                0x24000422        0x1 zephyr/kernel/libkernel.a(sched.c.obj)
 *(SORT_BY_ALIGNMENT(COMMON))
 *(SORT_BY_ALIGNMENT(.kernel_bss.*))
                0x24000424                __bss_end = ALIGN (0x4)

noinit          0x24000440     0x1680
 *(SORT_BY_ALIGNMENT(.noinit))
 *(SORT_BY_ALIGNMENT(.noinit.*))
 .noinit."WEST_TOPDIR/Zephyr_Sample/hello_world/src/main.c".0
                0x24000440      0x440 app/libapp.a(main.c.obj)
                0x24000440                hello_world_event_stack
 .noinit."WEST_TOPDIR/Zephyr_Sample/hello_world/src/main.c".1
                0x24000880      0x440 app/libapp.a(main.c.obj)
                0x24000880                _k_thread_stack_task2_id
 .noinit."WEST_TOPDIR/zephyr/kernel/init.c".0
                0x24000cc0      0x440 zephyr/kernel/libkernel.a(init.c.obj)
                0x24000cc0                z_main_stack
 .noinit."WEST_TOPDIR/zephyr/kernel/init.c".1
                0x24001100      0x180 zephyr/kernel/libkernel.a(init.c.obj)
 .noinit."WEST_TOPDIR/zephyr/kernel/init.c".2
                0x24001280      0x840 zephyr/kernel/libkernel.a(init.c.obj)
                0x24001280                z_interrupt_stacks
 *(SORT_BY_ALIGNMENT(.kernel_noinit.*))
                0x24001ac0                _image_ram_end = .
                0x24001ac0                _end = .
                0x24080000                __kernel_ram_end = 0x24080000
                0x0007ff80                __kernel_ram_size = (__kernel_ram_end - __kernel_ram_start)

.dtcm_bss       0x20000000        0x0
                0x20000000                __dtcm_start = .
                0x20000000                __dtcm_bss_start = .
 *(SORT_BY_ALIGNMENT(.dtcm_bss))
 *(SORT_BY_ALIGNMENT(.dtcm_bss.*))
                0x20000000                __dtcm_bss_end = .

.dtcm_noinit    0x20000000        0x0
                0x20000000                __dtcm_noinit_start = .
 *(SORT_BY_ALIGNMENT(.dtcm_noinit))
 *(SORT_BY_ALIGNMENT(.dtcm_noinit.*))
                0x20000000                __dtcm_noinit_end = .

.dtcm_data      0x20000000        0x0 load address 0x0800427e
                0x20000000                __dtcm_data_start = .
 *(SORT_BY_ALIGNMENT(.dtcm_data))
 *(SORT_BY_ALIGNMENT(.dtcm_data.*))
                0x20000000                __dtcm_data_end = .
                0x20000000                __dtcm_end = .
                0x0800427e                __dtcm_data_load_start = LOADADDR (.dtcm_data)

eth_stm32       0x30040000     0x4000
                0x30040000                . = ABSOLUTE (0x30040000)
 *(SORT_BY_ALIGNMENT(.eth_stm32_desc))
                0x30040100                . = (ABSOLUTE (0x30040000) + 0x100)
 *fill*         0x30040000      0x100 
 *(SORT_BY_ALIGNMENT(.eth_stm32_buf))
                0x30044000                . = (ABSOLUTE (0x30040000) + 0x4000)
 *fill*         0x30040100     0x3f00 

.intList        0xfffff800       0x78
 *(SORT_BY_ALIGNMENT(.irq_info*))
 .irq_info      0xfffff800        0x8 zephyr/arch/common/libisr_tables.a(isr_tables.c.obj)
                0xfffff800                _iheader
 *(SORT_BY_ALIGNMENT(.intList*))
 .intList       0xfffff808       0x70 zephyr/drivers/interrupt_controller/libdrivers__interrupt_controller.a(intc_exti_stm32.c.obj)

.stab
 *(SORT_BY_ALIGNMENT(.stab))

.stabstr
 *(SORT_BY_ALIGNMENT(.stabstr))

.stab.excl
 *(SORT_BY_ALIGNMENT(.stab.excl))

.stab.exclstr
 *(SORT_BY_ALIGNMENT(.stab.exclstr))

.stab.index
 *(SORT_BY_ALIGNMENT(.stab.index))

.stab.indexstr
 *(SORT_BY_ALIGNMENT(.stab.indexstr))

.gnu.build.attributes
 *(SORT_BY_ALIGNMENT(.gnu.build.attributes) SORT_BY_ALIGNMENT(.gnu.build.attributes.*))

.comment        0x00000000       0x49
 *(SORT_BY_ALIGNMENT(.comment))
 .comment       0x00000000       0x49 zephyr/CMakeFiles/zephyr_pre1.dir/dev_handles.c.obj
                                 0x4a (size before relaxing)
 .comment       0x00000049       0x4a zephyr/CMakeFiles/offsets.dir/./arch/arm/core/offsets/offsets.c.obj
 .comment       0x00000049       0x4a app/libapp.a(main.c.obj)
 .comment       0x00000049       0x4a zephyr/libzephyr.a(cbprintf_packaged.c.obj)
 .comment       0x00000049       0x4a zephyr/libzephyr.a(printk.c.obj)
 .comment       0x00000049       0x4a zephyr/libzephyr.a(thread_entry.c.obj)
 .comment       0x00000049       0x4a zephyr/libzephyr.a(cbprintf_complete.c.obj)
 .comment       0x00000049       0x4a zephyr/libzephyr.a(configs.c.obj)
 .comment       0x00000049       0x4a zephyr/libzephyr.a(soc_m7.c.obj)
 .comment       0x00000049       0x4a zephyr/libzephyr.a(mpu_regions.c.obj)
 .comment       0x00000049       0x4a zephyr/libzephyr.a(soc_config.c.obj)
 .comment       0x00000049       0x4a zephyr/arch/arch/arm/core/aarch32/libarch__arm__core__aarch32.a(fatal.c.obj)
 .comment       0x00000049       0x4a zephyr/arch/arch/arm/core/aarch32/libarch__arm__core__aarch32.a(irq_manage.c.obj)
 .comment       0x00000049       0x4a zephyr/arch/arch/arm/core/aarch32/libarch__arm__core__aarch32.a(nmi.c.obj)
 .comment       0x00000049       0x4a zephyr/arch/arch/arm/core/aarch32/libarch__arm__core__aarch32.a(prep_c.c.obj)
 .comment       0x00000049       0x4a zephyr/arch/arch/arm/core/aarch32/libarch__arm__core__aarch32.a(swap.c.obj)
 .comment       0x00000049       0x4a zephyr/arch/arch/arm/core/aarch32/libarch__arm__core__aarch32.a(thread.c.obj)
 .comment       0x00000049       0x4a zephyr/arch/arch/arm/core/aarch32/cortex_m/libarch__arm__core__aarch32__cortex_m.a(fault.c.obj)
 .comment       0x00000049       0x4a zephyr/arch/arch/arm/core/aarch32/cortex_m/libarch__arm__core__aarch32__cortex_m.a(irq_init.c.obj)
 .comment       0x00000049       0x4a zephyr/arch/arch/arm/core/aarch32/cortex_m/libarch__arm__core__aarch32__cortex_m.a(thread_abort.c.obj)
 .comment       0x00000049       0x4a zephyr/arch/arch/arm/core/aarch32/mpu/libarch__arm__core__aarch32__mpu.a(arm_core_mpu.c.obj)
 .comment       0x00000049       0x4a zephyr/arch/arch/arm/core/aarch32/mpu/libarch__arm__core__aarch32__mpu.a(arm_mpu.c.obj)
 .comment       0x00000049       0x4a zephyr/lib/libc/minimal/liblib__libc__minimal.a(string.c.obj)
 .comment       0x00000049       0x4a zephyr/lib/libc/minimal/liblib__libc__minimal.a(stdout_console.c.obj)
 .comment       0x00000049       0x4a zephyr/lib/libc/common/liblib__libc__common.a(strnlen.c.obj)
 .comment       0x00000049       0x4a zephyr/drivers/interrupt_controller/libdrivers__interrupt_controller.a(intc_exti_stm32.c.obj)
 .comment       0x00000049       0x4a zephyr/drivers/clock_control/libdrivers__clock_control.a(clock_stm32_ll_h7.c.obj)
 .comment       0x00000049       0x4a zephyr/drivers/console/libdrivers__console.a(uart_console.c.obj)
 .comment       0x00000049       0x4a zephyr/drivers/gpio/libdrivers__gpio.a(gpio_stm32.c.obj)
 .comment       0x00000049       0x4a zephyr/drivers/pinctrl/libdrivers__pinctrl.a(common.c.obj)
 .comment       0x00000049       0x4a zephyr/drivers/pinctrl/libdrivers__pinctrl.a(pinctrl_stm32.c.obj)
 .comment       0x00000049       0x4a zephyr/drivers/reset/libdrivers__reset.a(reset_stm32.c.obj)
 .comment       0x00000049       0x4a zephyr/drivers/serial/libdrivers__serial.a(uart_stm32.c.obj)
 .comment       0x00000049       0x4a zephyr/drivers/timer/libdrivers__timer.a(cortex_m_systick.c.obj)
 .comment       0x00000049       0x4a modules/stm32/stm32cube/lib..__modules__hal__stm32__stm32cube.a(system_stm32h7xx.c.obj)
 .comment       0x00000049       0x4a modules/stm32/stm32cube/lib..__modules__hal__stm32__stm32cube.a(stm32h7xx_ll_utils.c.obj)
 .comment       0x00000049       0x4a zephyr/kernel/libkernel.a(device.c.obj)
 .comment       0x00000049       0x4a zephyr/kernel/libkernel.a(errno.c.obj)
 .comment       0x00000049       0x4a zephyr/kernel/libkernel.a(fatal.c.obj)
 .comment       0x00000049       0x4a zephyr/kernel/libkernel.a(init.c.obj)
 .comment       0x00000049       0x4a zephyr/kernel/libkernel.a(thread.c.obj)
 .comment       0x00000049       0x4a zephyr/kernel/libkernel.a(idle.c.obj)
 .comment       0x00000049       0x4a zephyr/kernel/libkernel.a(sched.c.obj)
 .comment       0x00000049       0x4a zephyr/kernel/libkernel.a(xip.c.obj)
 .comment       0x00000049       0x4a zephyr/kernel/libkernel.a(timeout.c.obj)
 .comment       0x00000049       0x4a zephyr/kernel/libkernel.a(banner.c.obj)
 .comment       0x00000049       0x4a zephyr/arch/common/libisr_tables.a(isr_tables.c.obj)

.debug
 *(SORT_BY_ALIGNMENT(.debug))

.line
 *(SORT_BY_ALIGNMENT(.line))

.debug_srcinfo
 *(SORT_BY_ALIGNMENT(.debug_srcinfo))

.debug_sfnames
 *(SORT_BY_ALIGNMENT(.debug_sfnames))

.debug_aranges  0x00000000      0xda0
 *(SORT_BY_ALIGNMENT(.debug_aranges))
 .debug_aranges
                0x00000000       0x30 zephyr/arch/arch/arm/core/aarch32/libarch__arm__core__aarch32.a(cpu_idle.S.obj)
 .debug_aranges
                0x00000030       0x20 zephyr/arch/arch/arm/core/aarch32/libarch__arm__core__aarch32.a(nmi_on_reset.S.obj)
 .debug_aranges
                0x00000050       0x28 zephyr/arch/arch/arm/core/aarch32/libarch__arm__core__aarch32.a(swap_helper.S.obj)
 .debug_aranges
                0x00000078       0x20 zephyr/arch/arch/arm/core/aarch32/libarch__arm__core__aarch32.a(isr_wrapper.S.obj)
 .debug_aranges
                0x00000098       0x20 zephyr/arch/arch/arm/core/aarch32/cortex_m/libarch__arm__core__aarch32__cortex_m.a(exc_exit.S.obj)
 .debug_aranges
                0x000000b8       0x20 zephyr/arch/arch/arm/core/aarch32/cortex_m/libarch__arm__core__aarch32__cortex_m.a(fault_s.S.obj)
 .debug_aranges
                0x000000d8       0x20 zephyr/arch/arch/arm/core/aarch32/cortex_m/libarch__arm__core__aarch32__cortex_m.a(reset.S.obj)
 .debug_aranges
                0x000000f8       0x18 zephyr/CMakeFiles/zephyr_pre1.dir/dev_handles.c.obj
 .debug_aranges
                0x00000110       0x20 zephyr/CMakeFiles/offsets.dir/./arch/arm/core/offsets/offsets.c.obj
 .debug_aranges
                0x00000130       0x30 app/libapp.a(main.c.obj)
 .debug_aranges
                0x00000160       0x40 zephyr/libzephyr.a(cbprintf_packaged.c.obj)
 .debug_aranges
                0x000001a0       0x68 zephyr/libzephyr.a(printk.c.obj)
 .debug_aranges
                0x00000208       0x20 zephyr/libzephyr.a(thread_entry.c.obj)
 .debug_aranges
                0x00000228       0x30 zephyr/libzephyr.a(cbprintf_complete.c.obj)
 .debug_aranges
                0x00000258       0x20 zephyr/libzephyr.a(configs.c.obj)
 .debug_aranges
                0x00000278       0x20 zephyr/libzephyr.a(soc_m7.c.obj)
 .debug_aranges
                0x00000298       0x18 zephyr/libzephyr.a(mpu_regions.c.obj)
 .debug_aranges
                0x000002b0       0x20 zephyr/libzephyr.a(soc_config.c.obj)
 .debug_aranges
                0x000002d0       0x30 zephyr/arch/arch/arm/core/aarch32/libarch__arm__core__aarch32.a(fatal.c.obj)
 .debug_aranges
                0x00000300       0x40 zephyr/arch/arch/arm/core/aarch32/libarch__arm__core__aarch32.a(irq_manage.c.obj)
 .debug_aranges
                0x00000340       0x20 zephyr/arch/arch/arm/core/aarch32/libarch__arm__core__aarch32.a(nmi.c.obj)
 .debug_aranges
                0x00000360       0x20 zephyr/arch/arch/arm/core/aarch32/libarch__arm__core__aarch32.a(prep_c.c.obj)
 .debug_aranges
                0x00000380       0x20 zephyr/arch/arch/arm/core/aarch32/libarch__arm__core__aarch32.a(swap.c.obj)
 .debug_aranges
                0x000003a0       0x30 zephyr/arch/arch/arm/core/aarch32/libarch__arm__core__aarch32.a(thread.c.obj)
 .debug_aranges
                0x000003d0       0x40 zephyr/arch/arch/arm/core/aarch32/cortex_m/libarch__arm__core__aarch32__cortex_m.a(fault.c.obj)
 .debug_aranges
                0x00000410       0x20 zephyr/arch/arch/arm/core/aarch32/cortex_m/libarch__arm__core__aarch32__cortex_m.a(irq_init.c.obj)
 .debug_aranges
                0x00000430       0x20 zephyr/arch/arch/arm/core/aarch32/cortex_m/libarch__arm__core__aarch32__cortex_m.a(thread_abort.c.obj)
 .debug_aranges
                0x00000450       0x28 zephyr/arch/arch/arm/core/aarch32/mpu/libarch__arm__core__aarch32__mpu.a(arm_core_mpu.c.obj)
 .debug_aranges
                0x00000478       0x48 zephyr/arch/arch/arm/core/aarch32/mpu/libarch__arm__core__aarch32__mpu.a(arm_mpu.c.obj)
 .debug_aranges
                0x000004c0       0x90 zephyr/lib/libc/minimal/liblib__libc__minimal.a(string.c.obj)
 .debug_aranges
                0x00000550       0x60 zephyr/lib/libc/minimal/liblib__libc__minimal.a(stdout_console.c.obj)
 .debug_aranges
                0x000005b0       0x20 zephyr/lib/libc/common/liblib__libc__common.a(strnlen.c.obj)
 .debug_aranges
                0x000005d0       0x58 zephyr/drivers/interrupt_controller/libdrivers__interrupt_controller.a(intc_exti_stm32.c.obj)
 .debug_aranges
                0x00000628       0x50 zephyr/drivers/clock_control/libdrivers__clock_control.a(clock_stm32_ll_h7.c.obj)
 .debug_aranges
                0x00000678       0x30 zephyr/drivers/console/libdrivers__console.a(uart_console.c.obj)
 .debug_aranges
                0x000006a8       0x78 zephyr/drivers/gpio/libdrivers__gpio.a(gpio_stm32.c.obj)
 .debug_aranges
                0x00000720       0x20 zephyr/drivers/pinctrl/libdrivers__pinctrl.a(common.c.obj)
 .debug_aranges
                0x00000740       0x20 zephyr/drivers/pinctrl/libdrivers__pinctrl.a(pinctrl_stm32.c.obj)
 .debug_aranges
                0x00000760       0x38 zephyr/drivers/reset/libdrivers__reset.a(reset_stm32.c.obj)
 .debug_aranges
                0x00000798       0x50 zephyr/drivers/serial/libdrivers__serial.a(uart_stm32.c.obj)
 .debug_aranges
                0x000007e8       0x58 zephyr/drivers/timer/libdrivers__timer.a(cortex_m_systick.c.obj)
 .debug_aranges
                0x00000840       0x28 modules/stm32/stm32cube/lib..__modules__hal__stm32__stm32cube.a(system_stm32h7xx.c.obj)
 .debug_aranges
                0x00000868       0x58 modules/stm32/stm32cube/lib..__modules__hal__stm32__stm32cube.a(stm32h7xx_ll_utils.c.obj)
 .debug_aranges
                0x000008c0       0x50 zephyr/kernel/libkernel.a(device.c.obj)
 .debug_aranges
                0x00000910       0x20 zephyr/kernel/libkernel.a(errno.c.obj)
 .debug_aranges
                0x00000930       0x58 zephyr/kernel/libkernel.a(fatal.c.obj)
 .debug_aranges
                0x00000988       0x50 zephyr/kernel/libkernel.a(init.c.obj)
 .debug_aranges
                0x000009d8       0xb0 zephyr/kernel/libkernel.a(thread.c.obj)
 .debug_aranges
                0x00000a88       0x30 zephyr/kernel/libkernel.a(idle.c.obj)
 .debug_aranges
                0x00000ab8      0x200 zephyr/kernel/libkernel.a(sched.c.obj)
 .debug_aranges
                0x00000cb8       0x20 zephyr/kernel/libkernel.a(xip.c.obj)
 .debug_aranges
                0x00000cd8       0x90 zephyr/kernel/libkernel.a(timeout.c.obj)
 .debug_aranges
                0x00000d68       0x20 zephyr/kernel/libkernel.a(banner.c.obj)
 .debug_aranges
                0x00000d88       0x18 zephyr/arch/common/libisr_tables.a(isr_tables.c.obj)

.debug_pubnames
 *(SORT_BY_ALIGNMENT(.debug_pubnames))

.debug_info     0x00000000    0x3c89a
 *(SORT_BY_ALIGNMENT(.debug_info) SORT_BY_ALIGNMENT(.gnu.linkonce.wi.*))
 .debug_info    0x00000000      0x270 zephyr/CMakeFiles/zephyr_pre1.dir/dev_handles.c.obj
 .debug_info    0x00000270       0xea zephyr/CMakeFiles/offsets.dir/./arch/arm/core/offsets/offsets.c.obj
 .debug_info    0x0000035a      0xbbb app/libapp.a(main.c.obj)
 .debug_info    0x00000f15     0x1dc1 zephyr/libzephyr.a(cbprintf_packaged.c.obj)
 .debug_info    0x00002cd6      0x6ce zephyr/libzephyr.a(printk.c.obj)
 .debug_info    0x000033a4      0x625 zephyr/libzephyr.a(thread_entry.c.obj)
 .debug_info    0x000039c9     0x1077 zephyr/libzephyr.a(cbprintf_complete.c.obj)
 .debug_info    0x00004a40       0x38 zephyr/libzephyr.a(configs.c.obj)
 .debug_info    0x00004a78     0x1065 zephyr/libzephyr.a(soc_m7.c.obj)
 .debug_info    0x00005add      0x184 zephyr/libzephyr.a(mpu_regions.c.obj)
 .debug_info    0x00005c61      0x253 zephyr/libzephyr.a(soc_config.c.obj)
 .debug_info    0x00005eb4       0x22 zephyr/arch/arch/arm/core/aarch32/libarch__arm__core__aarch32.a(cpu_idle.S.obj)
 .debug_info    0x00005ed6     0x251a zephyr/arch/arch/arm/core/aarch32/libarch__arm__core__aarch32.a(fatal.c.obj)
 .debug_info    0x000083f0      0xb9a zephyr/arch/arch/arm/core/aarch32/libarch__arm__core__aarch32.a(irq_manage.c.obj)
 .debug_info    0x00008f8a       0xd0 zephyr/arch/arch/arm/core/aarch32/libarch__arm__core__aarch32.a(nmi.c.obj)
 .debug_info    0x0000905a       0x26 zephyr/arch/arch/arm/core/aarch32/libarch__arm__core__aarch32.a(nmi_on_reset.S.obj)
 .debug_info    0x00009080      0x66e zephyr/arch/arch/arm/core/aarch32/libarch__arm__core__aarch32.a(prep_c.c.obj)
 .debug_info    0x000096ee      0x9b9 zephyr/arch/arch/arm/core/aarch32/libarch__arm__core__aarch32.a(swap.c.obj)
 .debug_info    0x0000a0a7       0x22 zephyr/arch/arch/arm/core/aarch32/libarch__arm__core__aarch32.a(swap_helper.S.obj)
 .debug_info    0x0000a0c9      0x8ab zephyr/arch/arch/arm/core/aarch32/libarch__arm__core__aarch32.a(thread.c.obj)
 .debug_info    0x0000a974       0x26 zephyr/arch/arch/arm/core/aarch32/libarch__arm__core__aarch32.a(isr_wrapper.S.obj)
 .debug_info    0x0000a99a       0x26 zephyr/arch/arch/arm/core/aarch32/cortex_m/libarch__arm__core__aarch32__cortex_m.a(exc_exit.S.obj)
 .debug_info    0x0000a9c0     0xbcc6 zephyr/arch/arch/arm/core/aarch32/cortex_m/libarch__arm__core__aarch32__cortex_m.a(fault.c.obj)
 .debug_info    0x00016686       0x26 zephyr/arch/arch/arm/core/aarch32/cortex_m/libarch__arm__core__aarch32__cortex_m.a(fault_s.S.obj)
 .debug_info    0x000166ac      0x9a8 zephyr/arch/arch/arm/core/aarch32/cortex_m/libarch__arm__core__aarch32__cortex_m.a(irq_init.c.obj)
 .debug_info    0x00017054       0x26 zephyr/arch/arch/arm/core/aarch32/cortex_m/libarch__arm__core__aarch32__cortex_m.a(reset.S.obj)
 .debug_info    0x0001707a      0x9f3 zephyr/arch/arch/arm/core/aarch32/cortex_m/libarch__arm__core__aarch32__cortex_m.a(thread_abort.c.obj)
 .debug_info    0x00017a6d      0x7b4 zephyr/arch/arch/arm/core/aarch32/mpu/libarch__arm__core__aarch32__mpu.a(arm_core_mpu.c.obj)
 .debug_info    0x00018221     0x34f9 zephyr/arch/arch/arm/core/aarch32/mpu/libarch__arm__core__aarch32__mpu.a(arm_mpu.c.obj)
 .debug_info    0x0001b71a      0x6de zephyr/lib/libc/minimal/liblib__libc__minimal.a(string.c.obj)
 .debug_info    0x0001bdf8      0x7ff zephyr/lib/libc/minimal/liblib__libc__minimal.a(stdout_console.c.obj)
 .debug_info    0x0001c5f7       0xd7 zephyr/lib/libc/common/liblib__libc__common.a(strnlen.c.obj)
 .debug_info    0x0001c6ce     0x1312 zephyr/drivers/interrupt_controller/libdrivers__interrupt_controller.a(intc_exti_stm32.c.obj)
 .debug_info    0x0001d9e0     0x1aea zephyr/drivers/clock_control/libdrivers__clock_control.a(clock_stm32_ll_h7.c.obj)
 .debug_info    0x0001f4ca      0x7d7 zephyr/drivers/console/libdrivers__console.a(uart_console.c.obj)
 .debug_info    0x0001fca1     0x2c0d zephyr/drivers/gpio/libdrivers__gpio.a(gpio_stm32.c.obj)
 .debug_info    0x000228ae      0x19a zephyr/drivers/pinctrl/libdrivers__pinctrl.a(common.c.obj)
 .debug_info    0x00022a48      0x4c8 zephyr/drivers/pinctrl/libdrivers__pinctrl.a(pinctrl_stm32.c.obj)
 .debug_info    0x00022f10      0x697 zephyr/drivers/reset/libdrivers__reset.a(reset_stm32.c.obj)
 .debug_info    0x000235a7     0x5b8e zephyr/drivers/serial/libdrivers__serial.a(uart_stm32.c.obj)
 .debug_info    0x00029135     0x10ea zephyr/drivers/timer/libdrivers__timer.a(cortex_m_systick.c.obj)
 .debug_info    0x0002a21f      0xa48 modules/stm32/stm32cube/lib..__modules__hal__stm32__stm32cube.a(system_stm32h7xx.c.obj)
 .debug_info    0x0002ac67     0x169f modules/stm32/stm32cube/lib..__modules__hal__stm32__stm32cube.a(stm32h7xx_ll_utils.c.obj)
 .debug_info    0x0002c306      0x780 zephyr/kernel/libkernel.a(device.c.obj)
 .debug_info    0x0002ca86      0x67e zephyr/kernel/libkernel.a(errno.c.obj)
 .debug_info    0x0002d104     0x27cd zephyr/kernel/libkernel.a(fatal.c.obj)
 .debug_info    0x0002f8d1     0x1c4b zephyr/kernel/libkernel.a(init.c.obj)
 .debug_info    0x0003151c     0x26fc zephyr/kernel/libkernel.a(thread.c.obj)
 .debug_info    0x00033c18      0x27f zephyr/kernel/libkernel.a(idle.c.obj)
 .debug_info    0x00033e97     0x6fe2 zephyr/kernel/libkernel.a(sched.c.obj)
 .debug_info    0x0003ae79      0x150 zephyr/kernel/libkernel.a(xip.c.obj)
 .debug_info    0x0003afc9     0x1661 zephyr/kernel/libkernel.a(timeout.c.obj)
 .debug_info    0x0003c62a       0xc5 zephyr/kernel/libkernel.a(banner.c.obj)
 .debug_info    0x0003c6ef      0x1ab zephyr/arch/common/libisr_tables.a(isr_tables.c.obj)

.debug_abbrev   0x00000000     0x7fb3
 *(SORT_BY_ALIGNMENT(.debug_abbrev))
 .debug_abbrev  0x00000000       0x71 zephyr/CMakeFiles/zephyr_pre1.dir/dev_handles.c.obj
 .debug_abbrev  0x00000071       0x62 zephyr/CMakeFiles/offsets.dir/./arch/arm/core/offsets/offsets.c.obj
 .debug_abbrev  0x000000d3      0x32d app/libapp.a(main.c.obj)
 .debug_abbrev  0x00000400      0x4db zephyr/libzephyr.a(cbprintf_packaged.c.obj)
 .debug_abbrev  0x000008db      0x31e zephyr/libzephyr.a(printk.c.obj)
 .debug_abbrev  0x00000bf9      0x239 zephyr/libzephyr.a(thread_entry.c.obj)
 .debug_abbrev  0x00000e32      0x40a zephyr/libzephyr.a(cbprintf_complete.c.obj)
 .debug_abbrev  0x0000123c       0x2e zephyr/libzephyr.a(configs.c.obj)
 .debug_abbrev  0x0000126a      0x32b zephyr/libzephyr.a(soc_m7.c.obj)
 .debug_abbrev  0x00001595       0xac zephyr/libzephyr.a(mpu_regions.c.obj)
 .debug_abbrev  0x00001641      0x159 zephyr/libzephyr.a(soc_config.c.obj)
 .debug_abbrev  0x0000179a       0x12 zephyr/arch/arch/arm/core/aarch32/libarch__arm__core__aarch32.a(cpu_idle.S.obj)
 .debug_abbrev  0x000017ac      0x2c0 zephyr/arch/arch/arm/core/aarch32/libarch__arm__core__aarch32.a(fatal.c.obj)
 .debug_abbrev  0x00001a6c      0x22b zephyr/arch/arch/arm/core/aarch32/libarch__arm__core__aarch32.a(irq_manage.c.obj)
 .debug_abbrev  0x00001c97       0x72 zephyr/arch/arch/arm/core/aarch32/libarch__arm__core__aarch32.a(nmi.c.obj)
 .debug_abbrev  0x00001d09       0x14 zephyr/arch/arch/arm/core/aarch32/libarch__arm__core__aarch32.a(nmi_on_reset.S.obj)
 .debug_abbrev  0x00001d1d      0x218 zephyr/arch/arch/arm/core/aarch32/libarch__arm__core__aarch32.a(prep_c.c.obj)
 .debug_abbrev  0x00001f35      0x1ea zephyr/arch/arch/arm/core/aarch32/libarch__arm__core__aarch32.a(swap.c.obj)
 .debug_abbrev  0x0000211f       0x12 zephyr/arch/arch/arm/core/aarch32/libarch__arm__core__aarch32.a(swap_helper.S.obj)
 .debug_abbrev  0x00002131      0x252 zephyr/arch/arch/arm/core/aarch32/libarch__arm__core__aarch32.a(thread.c.obj)
 .debug_abbrev  0x00002383       0x14 zephyr/arch/arch/arm/core/aarch32/libarch__arm__core__aarch32.a(isr_wrapper.S.obj)
 .debug_abbrev  0x00002397       0x14 zephyr/arch/arch/arm/core/aarch32/cortex_m/libarch__arm__core__aarch32__cortex_m.a(exc_exit.S.obj)
 .debug_abbrev  0x000023ab      0x488 zephyr/arch/arch/arm/core/aarch32/cortex_m/libarch__arm__core__aarch32__cortex_m.a(fault.c.obj)
 .debug_abbrev  0x00002833       0x14 zephyr/arch/arch/arm/core/aarch32/cortex_m/libarch__arm__core__aarch32__cortex_m.a(fault_s.S.obj)
 .debug_abbrev  0x00002847      0x159 zephyr/arch/arch/arm/core/aarch32/cortex_m/libarch__arm__core__aarch32__cortex_m.a(irq_init.c.obj)
 .debug_abbrev  0x000029a0       0x14 zephyr/arch/arch/arm/core/aarch32/cortex_m/libarch__arm__core__aarch32__cortex_m.a(reset.S.obj)
 .debug_abbrev  0x000029b4      0x236 zephyr/arch/arch/arm/core/aarch32/cortex_m/libarch__arm__core__aarch32__cortex_m.a(thread_abort.c.obj)
 .debug_abbrev  0x00002bea      0x244 zephyr/arch/arch/arm/core/aarch32/mpu/libarch__arm__core__aarch32__mpu.a(arm_core_mpu.c.obj)
 .debug_abbrev  0x00002e2e      0x41e zephyr/arch/arch/arm/core/aarch32/mpu/libarch__arm__core__aarch32__mpu.a(arm_mpu.c.obj)
 .debug_abbrev  0x0000324c      0x171 zephyr/lib/libc/minimal/liblib__libc__minimal.a(string.c.obj)
 .debug_abbrev  0x000033bd      0x2a6 zephyr/lib/libc/minimal/liblib__libc__minimal.a(stdout_console.c.obj)
 .debug_abbrev  0x00003663       0xa0 zephyr/lib/libc/common/liblib__libc__common.a(strnlen.c.obj)
 .debug_abbrev  0x00003703      0x492 zephyr/drivers/interrupt_controller/libdrivers__interrupt_controller.a(intc_exti_stm32.c.obj)
 .debug_abbrev  0x00003b95      0x4bc zephyr/drivers/clock_control/libdrivers__clock_control.a(clock_stm32_ll_h7.c.obj)
 .debug_abbrev  0x00004051      0x388 zephyr/drivers/console/libdrivers__console.a(uart_console.c.obj)
 .debug_abbrev  0x000043d9      0x564 zephyr/drivers/gpio/libdrivers__gpio.a(gpio_stm32.c.obj)
 .debug_abbrev  0x0000493d       0xd0 zephyr/drivers/pinctrl/libdrivers__pinctrl.a(common.c.obj)
 .debug_abbrev  0x00004a0d      0x267 zephyr/drivers/pinctrl/libdrivers__pinctrl.a(pinctrl_stm32.c.obj)
 .debug_abbrev  0x00004c74      0x2b7 zephyr/drivers/reset/libdrivers__reset.a(reset_stm32.c.obj)
 .debug_abbrev  0x00004f2b      0x52d zephyr/drivers/serial/libdrivers__serial.a(uart_stm32.c.obj)
 .debug_abbrev  0x00005458      0x417 zephyr/drivers/timer/libdrivers__timer.a(cortex_m_systick.c.obj)
 .debug_abbrev  0x0000586f      0x162 modules/stm32/stm32cube/lib..__modules__hal__stm32__stm32cube.a(system_stm32h7xx.c.obj)
 .debug_abbrev  0x000059d1      0x383 modules/stm32/stm32cube/lib..__modules__hal__stm32__stm32cube.a(stm32h7xx_ll_utils.c.obj)
 .debug_abbrev  0x00005d54      0x2d8 zephyr/kernel/libkernel.a(device.c.obj)
 .debug_abbrev  0x0000602c      0x191 zephyr/kernel/libkernel.a(errno.c.obj)
 .debug_abbrev  0x000061bd      0x3fd zephyr/kernel/libkernel.a(fatal.c.obj)
 .debug_abbrev  0x000065ba      0x60d zephyr/kernel/libkernel.a(init.c.obj)
 .debug_abbrev  0x00006bc7      0x57a zephyr/kernel/libkernel.a(thread.c.obj)
 .debug_abbrev  0x00007141      0x18d zephyr/kernel/libkernel.a(idle.c.obj)
 .debug_abbrev  0x000072ce      0x657 zephyr/kernel/libkernel.a(sched.c.obj)
 .debug_abbrev  0x00007925       0xa2 zephyr/kernel/libkernel.a(xip.c.obj)
 .debug_abbrev  0x000079c7      0x487 zephyr/kernel/libkernel.a(timeout.c.obj)
 .debug_abbrev  0x00007e4e       0x73 zephyr/kernel/libkernel.a(banner.c.obj)
 .debug_abbrev  0x00007ec1       0xf2 zephyr/arch/common/libisr_tables.a(isr_tables.c.obj)

.debug_line     0x00000000    0x12d95
 *(SORT_BY_ALIGNMENT(.debug_line) SORT_BY_ALIGNMENT(.debug_line.*) SORT_BY_ALIGNMENT(.debug_line_end))
 .debug_line    0x00000000      0x100 zephyr/CMakeFiles/zephyr_pre1.dir/dev_handles.c.obj
 .debug_line    0x00000100      0x140 zephyr/CMakeFiles/offsets.dir/./arch/arm/core/offsets/offsets.c.obj
 .debug_line    0x00000240      0x520 app/libapp.a(main.c.obj)
 .debug_line    0x00000760      0xfe1 zephyr/libzephyr.a(cbprintf_packaged.c.obj)
 .debug_line    0x00001741      0x462 zephyr/libzephyr.a(printk.c.obj)
 .debug_line    0x00001ba3      0x334 zephyr/libzephyr.a(thread_entry.c.obj)
 .debug_line    0x00001ed7      0xbe5 zephyr/libzephyr.a(cbprintf_complete.c.obj)
 .debug_line    0x00002abc      0x1c1 zephyr/libzephyr.a(configs.c.obj)
 .debug_line    0x00002c7d      0x51c zephyr/libzephyr.a(soc_m7.c.obj)
 .debug_line    0x00003199      0x180 zephyr/libzephyr.a(mpu_regions.c.obj)
 .debug_line    0x00003319      0x12c zephyr/libzephyr.a(soc_config.c.obj)
 .debug_line    0x00003445       0xab zephyr/arch/arch/arm/core/aarch32/libarch__arm__core__aarch32.a(cpu_idle.S.obj)
 .debug_line    0x000034f0      0x2f8 zephyr/arch/arch/arm/core/aarch32/libarch__arm__core__aarch32.a(fatal.c.obj)
 .debug_line    0x000037e8      0x305 zephyr/arch/arch/arm/core/aarch32/libarch__arm__core__aarch32.a(irq_manage.c.obj)
 .debug_line    0x00003aed       0xd6 zephyr/arch/arch/arm/core/aarch32/libarch__arm__core__aarch32.a(nmi.c.obj)
 .debug_line    0x00003bc3       0x7b zephyr/arch/arch/arm/core/aarch32/libarch__arm__core__aarch32.a(nmi_on_reset.S.obj)
 .debug_line    0x00003c3e      0x318 zephyr/arch/arch/arm/core/aarch32/libarch__arm__core__aarch32.a(prep_c.c.obj)
 .debug_line    0x00003f56      0x363 zephyr/arch/arch/arm/core/aarch32/libarch__arm__core__aarch32.a(swap.c.obj)
 .debug_line    0x000042b9       0xd2 zephyr/arch/arch/arm/core/aarch32/libarch__arm__core__aarch32.a(swap_helper.S.obj)
 .debug_line    0x0000438b      0x412 zephyr/arch/arch/arm/core/aarch32/libarch__arm__core__aarch32.a(thread.c.obj)
 .debug_line    0x0000479d       0x92 zephyr/arch/arch/arm/core/aarch32/libarch__arm__core__aarch32.a(isr_wrapper.S.obj)
 .debug_line    0x0000482f       0x8e zephyr/arch/arch/arm/core/aarch32/cortex_m/libarch__arm__core__aarch32__cortex_m.a(exc_exit.S.obj)
 .debug_line    0x000048bd      0x8a0 zephyr/arch/arch/arm/core/aarch32/cortex_m/libarch__arm__core__aarch32__cortex_m.a(fault.c.obj)
 .debug_line    0x0000515d       0x88 zephyr/arch/arch/arm/core/aarch32/cortex_m/libarch__arm__core__aarch32__cortex_m.a(fault_s.S.obj)
 .debug_line    0x000051e5      0x1fe zephyr/arch/arch/arm/core/aarch32/cortex_m/libarch__arm__core__aarch32__cortex_m.a(irq_init.c.obj)
 .debug_line    0x000053e3       0x8d zephyr/arch/arch/arm/core/aarch32/cortex_m/libarch__arm__core__aarch32__cortex_m.a(reset.S.obj)
 .debug_line    0x00005470      0x408 zephyr/arch/arch/arm/core/aarch32/cortex_m/libarch__arm__core__aarch32__cortex_m.a(thread_abort.c.obj)
 .debug_line    0x00005878      0x44b zephyr/arch/arch/arm/core/aarch32/mpu/libarch__arm__core__aarch32__mpu.a(arm_core_mpu.c.obj)
 .debug_line    0x00005cc3      0x864 zephyr/arch/arch/arm/core/aarch32/mpu/libarch__arm__core__aarch32__mpu.a(arm_mpu.c.obj)
 .debug_line    0x00006527      0x55d zephyr/lib/libc/minimal/liblib__libc__minimal.a(string.c.obj)
 .debug_line    0x00006a84      0x3df zephyr/lib/libc/minimal/liblib__libc__minimal.a(stdout_console.c.obj)
 .debug_line    0x00006e63      0x14e zephyr/lib/libc/common/liblib__libc__common.a(strnlen.c.obj)
 .debug_line    0x00006fb1      0x713 zephyr/drivers/interrupt_controller/libdrivers__interrupt_controller.a(intc_exti_stm32.c.obj)
 .debug_line    0x000076c4      0xcf4 zephyr/drivers/clock_control/libdrivers__clock_control.a(clock_stm32_ll_h7.c.obj)
 .debug_line    0x000083b8      0x3a2 zephyr/drivers/console/libdrivers__console.a(uart_console.c.obj)
 .debug_line    0x0000875a      0xf0d zephyr/drivers/gpio/libdrivers__gpio.a(gpio_stm32.c.obj)
 .debug_line    0x00009667      0x18d zephyr/drivers/pinctrl/libdrivers__pinctrl.a(common.c.obj)
 .debug_line    0x000097f4      0x356 zephyr/drivers/pinctrl/libdrivers__pinctrl.a(pinctrl_stm32.c.obj)
 .debug_line    0x00009b4a      0x30d zephyr/drivers/reset/libdrivers__reset.a(reset_stm32.c.obj)
 .debug_line    0x00009e57     0x1133 zephyr/drivers/serial/libdrivers__serial.a(uart_stm32.c.obj)
 .debug_line    0x0000af8a      0x804 zephyr/drivers/timer/libdrivers__timer.a(cortex_m_systick.c.obj)
 .debug_line    0x0000b78e      0x336 modules/stm32/stm32cube/lib..__modules__hal__stm32__stm32cube.a(system_stm32h7xx.c.obj)
 .debug_line    0x0000bac4      0xb03 modules/stm32/stm32cube/lib..__modules__hal__stm32__stm32cube.a(stm32h7xx_ll_utils.c.obj)
 .debug_line    0x0000c5c7      0x4a6 zephyr/kernel/libkernel.a(device.c.obj)
 .debug_line    0x0000ca6d      0x341 zephyr/kernel/libkernel.a(errno.c.obj)
 .debug_line    0x0000cdae      0x5a7 zephyr/kernel/libkernel.a(fatal.c.obj)
 .debug_line    0x0000d355      0xaa0 zephyr/kernel/libkernel.a(init.c.obj)
 .debug_line    0x0000ddf5      0xb7f zephyr/kernel/libkernel.a(thread.c.obj)
 .debug_line    0x0000e974      0x2c8 zephyr/kernel/libkernel.a(idle.c.obj)
 .debug_line    0x0000ec3c     0x30ba zephyr/kernel/libkernel.a(sched.c.obj)
 .debug_line    0x00011cf6      0x16c zephyr/kernel/libkernel.a(xip.c.obj)
 .debug_line    0x00011e62      0xd82 zephyr/kernel/libkernel.a(timeout.c.obj)
 .debug_line    0x00012be4       0xaf zephyr/kernel/libkernel.a(banner.c.obj)
 .debug_line    0x00012c93      0x102 zephyr/arch/common/libisr_tables.a(isr_tables.c.obj)

.debug_frame    0x00000000     0x1c60
 *(SORT_BY_ALIGNMENT(.debug_frame))
 .debug_frame   0x00000000       0x20 zephyr/CMakeFiles/offsets.dir/./arch/arm/core/offsets/offsets.c.obj
 .debug_frame   0x00000020       0x64 app/libapp.a(main.c.obj)
 .debug_frame   0x00000084       0xec zephyr/libzephyr.a(cbprintf_packaged.c.obj)